Component: ARM Compiler 5.06 update 7 (build 960) Tool: armlink [4d3601]

==============================================================================

Section Cross References

    ch32f10x_it.o(i.TIM2_IRQHandler) refers to ch32f10x_tim.o(i.TIM_ClearITPendingBit) for TIM_ClearITPendingBit
    ch32f10x_it.o(i.TIM2_IRQHandler) refers to ch32f10x_it.o(.data) for .data
    ch32f10x_it.o(i.TIM2_IRQHandler) refers to uart.o(.bss) for Uart
    main.o(i.main) refers to _printf_percent.o(.ARM.Collect$$_printf_percent$$00000000) for _printf_percent
    main.o(i.main) refers to _printf_d.o(.ARM.Collect$$_printf_percent$$00000009) for _printf_d
    main.o(i.main) refers to _printf_dec.o(.text) for _printf_int_dec
    main.o(i.main) refers to debug.o(i.Delay_Init) for Delay_Init
    main.o(i.main) refers to debug.o(i.USART_Printf_Init) for USART_Printf_Init
    main.o(i.main) refers to noretval__2printf.o(.text) for __2printf
    main.o(i.main) refers to uart.o(i.RCC_Configuration) for RCC_Configuration
    main.o(i.main) refers to uart.o(i.TIM2_Init) for TIM2_Init
    main.o(i.main) refers to uart.o(i.UART1_Init) for UART1_Init
    main.o(i.main) refers to ch32f10x_usbfs_device.o(i.USBHD_RCC_Init) for USBHD_RCC_Init
    main.o(i.main) refers to ch32f10x_usbfs_device.o(i.USBHD_Device_Init) for USBHD_Device_Init
    main.o(i.main) refers to uart.o(i.UART1_DataRx_Deal) for UART1_DataRx_Deal
    main.o(i.main) refers to uart.o(i.UART1_DataTx_Deal) for UART1_DataTx_Deal
    main.o(i.main) refers to system_ch32f10x.o(.data) for SystemCoreClock
    system_ch32f10x.o(i.SetSysClock) refers to system_ch32f10x.o(i.SetSysClockTo72_HSE) for SetSysClockTo72_HSE
    system_ch32f10x.o(i.SystemCoreClockUpdate) refers to system_ch32f10x.o(.data) for .data
    system_ch32f10x.o(i.SystemInit) refers to system_ch32f10x.o(i.SetSysClock) for SetSysClock
    usbd_compatibility_hid.o(i.UART2_DMA_Init) refers to rt_memclr_w.o(.text) for __aeabi_memclr4
    usbd_compatibility_hid.o(i.UART2_DMA_Init) refers to ch32f10x_rcc.o(i.RCC_AHBPeriphClockCmd) for RCC_AHBPeriphClockCmd
    usbd_compatibility_hid.o(i.UART2_DMA_Init) refers to ch32f10x_dma.o(i.DMA_Cmd) for DMA_Cmd
    usbd_compatibility_hid.o(i.UART2_DMA_Init) refers to ch32f10x_dma.o(i.DMA_DeInit) for DMA_DeInit
    usbd_compatibility_hid.o(i.UART2_DMA_Init) refers to ch32f10x_dma.o(i.DMA_Init) for DMA_Init
    usbd_compatibility_hid.o(i.UART2_DMA_Init) refers to ch32f10x_usart.o(i.USART_DMACmd) for USART_DMACmd
    usbd_compatibility_hid.o(i.UART2_DMA_Init) refers to usb_prop.o(.bss) for Data_Buffer
    usbd_compatibility_hid.o(i.UART2_DMA_Init) refers to usbd_compatibility_hid.o(.bss) for .bss
    usbd_compatibility_hid.o(i.UART2_DMA_Tx) refers to ch32f10x_usart.o(i.USART_ClearFlag) for USART_ClearFlag
    usbd_compatibility_hid.o(i.UART2_DMA_Tx) refers to ch32f10x_dma.o(i.DMA_Cmd) for DMA_Cmd
    usbd_compatibility_hid.o(i.UART2_DMA_Tx) refers to ch32f10x_usart.o(i.USART_DMACmd) for USART_DMACmd
    usbd_compatibility_hid.o(i.UART2_Init) refers to ch32f10x_rcc.o(i.RCC_APB1PeriphClockCmd) for RCC_APB1PeriphClockCmd
    usbd_compatibility_hid.o(i.UART2_Init) refers to ch32f10x_rcc.o(i.RCC_APB2PeriphClockCmd) for RCC_APB2PeriphClockCmd
    usbd_compatibility_hid.o(i.UART2_Init) refers to ch32f10x_gpio.o(i.GPIO_Init) for GPIO_Init
    usbd_compatibility_hid.o(i.UART2_Init) refers to ch32f10x_usart.o(i.USART_Init) for USART_Init
    usbd_compatibility_hid.o(i.UART2_Init) refers to ch32f10x_usart.o(i.USART_ClearFlag) for USART_ClearFlag
    usbd_compatibility_hid.o(i.UART2_Init) refers to ch32f10x_usart.o(i.USART_Cmd) for USART_Cmd
    usbd_compatibility_hid.o(i.UART2_Rx_Service) refers to ch32f10x_dma.o(i.DMA_GetCurrDataCounter) for DMA_GetCurrDataCounter
    usbd_compatibility_hid.o(i.UART2_Rx_Service) refers to noretval__2printf.o(.text) for __2printf
    usbd_compatibility_hid.o(i.UART2_Rx_Service) refers to rt_memcpy_v6.o(.text) for __aeabi_memcpy
    usbd_compatibility_hid.o(i.UART2_Rx_Service) refers to usb_endp.o(i.USBD_ENDPx_DataUp) for USBD_ENDPx_DataUp
    usbd_compatibility_hid.o(i.UART2_Rx_Service) refers to usbd_compatibility_hid.o(.data) for .data
    usbd_compatibility_hid.o(i.UART2_Rx_Service) refers to usb_endp.o(.data) for USBD_Endp2_Busy
    usbd_compatibility_hid.o(i.UART2_Rx_Service) refers to usbd_compatibility_hid.o(.bss) for .bss
    usbd_compatibility_hid.o(i.UART2_Tx_Service) refers to ch32f10x_usart.o(i.USART_GetFlagStatus) for USART_GetFlagStatus
    usbd_compatibility_hid.o(i.UART2_Tx_Service) refers to ch32f10x_usart.o(i.USART_ClearFlag) for USART_ClearFlag
    usbd_compatibility_hid.o(i.UART2_Tx_Service) refers to ch32f10x_usart.o(i.USART_DMACmd) for USART_DMACmd
    usbd_compatibility_hid.o(i.UART2_Tx_Service) refers to usbd_compatibility_hid.o(i.NVIC_DisableIRQ) for NVIC_DisableIRQ
    usbd_compatibility_hid.o(i.UART2_Tx_Service) refers to usbd_compatibility_hid.o(i.NVIC_EnableIRQ) for NVIC_EnableIRQ
[...]
    .text                                    0x08000776   Section        0  exit.o(.text)
    .text                                    0x08000788   Section        8  libspace.o(.text)
    .text                                    0x08000790   Section        0  sys_exit.o(.text)
    .text                                    0x0800079c   Section        2  use_no_semi.o(.text)
    .text                                    0x0800079e   Section        0  indicate_semi.o(.text)
    i.BusFault_Handler                       0x0800079e   Section        0  ch32f10x_it.o(i.BusFault_Handler)
    i.ByteSwap                               0x080007a0   Section        0  usb_regs.o(i.ByteSwap)
    i.CTR_LP                                 0x080007ac   Section        0  usb_int.o(i.CTR_LP)
    i.ClearDTOG_RX                           0x08000a30   Section        0  usb_regs.o(i.ClearDTOG_RX)
    i.ClearDTOG_TX                           0x08000a58   Section        0  usb_regs.o(i.ClearDTOG_TX)
    i.Clear_Status_Out                       0x08000a80   Section        0  usb_regs.o(i.Clear_Status_Out)
    i.DMA_Cmd                                0x08000aa0   Section        0  ch32f10x_dma.o(i.DMA_Cmd)
    i.DMA_DeInit                             0x08000abc   Section        0  ch32f10x_dma.o(i.DMA_DeInit)
    i.DMA_Init                               0x08000bb4   Section        0  ch32f10x_dma.o(i.DMA_Init)
    i.DataStageIn                            0x08000bf0   Section        0  usb_core.o(i.DataStageIn)
    DataStageIn                              0x08000bf1   Thumb Code   158  usb_core.o(i.DataStageIn)
    i.DataStageOut                           0x08000ca8   Section        0  usb_core.o(i.DataStageOut)
    DataStageOut                             0x08000ca9   Thumb Code   140  usb_core.o(i.DataStageOut)
    i.Data_Setup0                            0x08000d48   Section        0  usb_core.o(i.Data_Setup0)
    Data_Setup0                              0x08000d49   Thumb Code   402  usb_core.o(i.Data_Setup0)
    i.DebugMon_Handler                       0x08000f00   Section        0  ch32f10x_it.o(i.DebugMon_Handler)
    i.Delay_Init                             0x08000f04   Section        0  debug.o(i.Delay_Init)
    i.Delay_Ms                               0x08000f40   Section        0  debug.o(i.Delay_Ms)
    i.Delay_Us                               0x08000f74   Section        0  debug.o(i.Delay_Us)
    i.EP1_OUT_Callback                       0x08000fa8   Section        0  usb_endp.o(i.EP1_OUT_Callback)
    i.EP2_IN_Callback                        0x08001010   Section        0  usb_endp.o(i.EP2_IN_Callback)
    i.EXTI_ClearITPendingBit                 0x0800101c   Section        0  ch32f10x_exti.o(i.EXTI_ClearITPendingBit)
    i.Enter_LowPowerMode                     0x08001028   Section        0  hw_config.o(i.Enter_LowPowerMode)
    i.GPIO_Init                              0x08001058   Section        0  ch32f10x_gpio.o(i.GPIO_Init)
    i.GPIO_SetBits                           0x080010fe   Section        0  ch32f10x_gpio.o(i.GPIO_SetBits)
    i.GetEPRxAddr                            0x08001104   Section        0  usb_regs.o(i.GetEPRxAddr)
    i.GetEPRxCount                           0x08001124   Section        0  usb_regs.o(i.GetEPRxCount)
    i.GetEPTxAddr                            0x08001144   Section        0  usb_regs.o(i.GetEPTxAddr)
    i.HID_Get_Idle                           0x08001160   Section        0  usb_prop.o(i.HID_Get_Idle)
    i.HID_Get_Protocol                       0x0800117c   Section        0  usb_prop.o(i.HID_Get_Protocol)
    i.HID_Get_Report                         0x08001198   Section        0  usb_prop.o(i.HID_Get_Report)
    i.HID_Set_Report                         0x080011b4   Section        0  usb_prop.o(i.HID_Set_Report)
    i.HardFault_Handler                      0x080011d0   Section        0  ch32f10x_it.o(i.HardFault_Handler)
    i.In0_Process                            0x080011d4   Section        0  usb_core.o(i.In0_Process)
    i.Leave_LowPowerMode                     0x08001234   Section        0  hw_config.o(i.Leave_LowPowerMode)
    i.MemManage_Handler                      0x08001274   Section        0  ch32f10x_it.o(i.MemManage_Handler)
    i.NMI_Handler                            0x08001276   Section        0  ch32f10x_it.o(i.NMI_Handler)
    i.NOP_Process                            0x08001278   Section        0  usb_core.o(i.NOP_Process)
    i.NVIC_DisableIRQ                        0x0800127a   Section        0  uart.o(i.NVIC_DisableIRQ)
    NVIC_DisableIRQ                          0x0800127b   Thumb Code    22  uart.o(i.NVIC_DisableIRQ)
    i.NVIC_EnableIRQ                         0x08001290   Section        0  uart.o(i.NVIC_EnableIRQ)
    NVIC_EnableIRQ                           0x08001291   Thumb Code    22  uart.o(i.NVIC_EnableIRQ)
    i.NoData_Setup0                          0x080012a8   Section        0  usb_core.o(i.NoData_Setup0)
    NoData_Setup0                            0x080012a9   Thumb Code   204  usb_core.o(i.NoData_Setup0)
    i.Out0_Process                           0x08001388   Section        0  usb_core.o(i.Out0_Process)
    i.PMAToUserBufferCopy                    0x080013d4   Section        0  usb_mem.o(i.PMAToUserBufferCopy)
    i.PendSV_Handler                         0x080013f8   Section        0  ch32f10x_it.o(i.PendSV_Handler)
    i.Post0_Process                          0x080013fc   Section        0  usb_core.o(i.Post0_Process)
    i.PowerOn                                0x0800143c   Section        0  usb_pwr.o(i.PowerOn)
    i.RCC_AHBPeriphClockCmd                  0x08001460   Section        0  ch32f10x_rcc.o(i.RCC_AHBPeriphClockCmd)
    i.RCC_APB1PeriphClockCmd                 0x0800147c   Section        0  ch32f10x_rcc.o(i.RCC_APB1PeriphClockCmd)
    i.RCC_APB1PeriphResetCmd                 0x08001498   Section        0  ch32f10x_rcc.o(i.RCC_APB1PeriphResetCmd)
    i.RCC_APB2PeriphClockCmd                 0x080014b4   Section        0  ch32f10x_rcc.o(i.RCC_APB2PeriphClockCmd)
    i.RCC_APB2PeriphResetCmd                 0x080014d0   Section        0  ch32f10x_rcc.o(i.RCC_APB2PeriphResetCmd)
    i.RCC_Configuration                      0x080014ec   Section        0  uart.o(i.RCC_Configuration)
    i.RCC_GetClocksFreq                      0x0800150c   Section        0  ch32f10x_rcc.o(i.RCC_GetClocksFreq)
    i.RCC_USBCLKConfig                       0x080015cc   Section        0  ch32f10x_rcc.o(i.RCC_USBCLKConfig)
    i.Resume                                 0x080015d8   Section        0  usb_pwr.o(i.Resume)
    i.Resume_Init                            0x08001674   Section        0  usb_pwr.o(i.Resume_Init)
    i.SVC_Handler                            0x08001694   Section        0  ch32f10x_it.o(i.SVC_Handler)
    i.SetBTABLE                              0x08001698   Section        0  usb_regs.o(i.SetBTABLE)
    i.SetDeviceAddress                       0x080016a8   Section        0  usb_core.o(i.SetDeviceAddress)
    i.SetEPRxAddr                            0x080016f0   Section        0  usb_regs.o(i.SetEPRxAddr)
    i.SetEPRxCount                           0x08001710   Section        0  usb_regs.o(i.SetEPRxCount)
    i.SetEPRxStatus                          0x08001754   Section        0  usb_regs.o(i.SetEPRxStatus)
    i.SetEPRxValid                           0x08001798   Section        0  usb_regs.o(i.SetEPRxValid)
    i.SetEPTxAddr                            0x080017d4   Section        0  usb_regs.o(i.SetEPTxAddr)
    i.SetEPTxCount                           0x080017f4   Section        0  usb_regs.o(i.SetEPTxCount)
    i.SetEPTxStatus                          0x08001810   Section        0  usb_regs.o(i.SetEPTxStatus)
    i.SetEPType                              0x08001854   Section        0  usb_regs.o(i.SetEPType)
    i.SetSysClock                            0x08001870   Section        0  system_ch32f10x.o(i.SetSysClock)
    SetSysClock                              0x08001871   Thumb Code     4  system_ch32f10x.o(i.SetSysClock)
    i.SetSysClockTo72_HSE                    0x08001874   Section        0  system_ch32f10x.o(i.SetSysClockTo72_HSE)
    SetSysClockTo72_HSE                      0x08001875   Thumb Code   166  system_ch32f10x.o(i.SetSysClockTo72_HSE)
    i.Setup0_Process                         0x08001924   Section        0  usb_core.o(i.Setup0_Process)
    i.Standard_ClearFeature                  0x080019ac   Section        0  usb_core.o(i.Standard_ClearFeature)
    i.Standard_GetConfiguration              0x08001ae0   Section        0  usb_core.o(i.Standard_GetConfiguration)
    i.Standard_GetDescriptorData             0x08001b08   Section        0  usb_core.o(i.Standard_GetDescriptorData)
    i.Standard_GetInterface                  0x08001b28   Section        0  usb_core.o(i.Standard_GetInterface)
    i.Standard_GetStatus                     0x08001b50   Section        0  usb_core.o(i.Standard_GetStatus)
    i.Standard_SetConfiguration              0x08001c0c   Section        0  usb_core.o(i.Standard_SetConfiguration)
    i.Standard_SetDeviceFeature              0x08001c44   Section        0  usb_core.o(i.Standard_SetDeviceFeature)
    i.Standard_SetEndPointFeature            0x08001c68   Section        0  usb_core.o(i.Standard_SetEndPointFeature)
    i.Standard_SetInterface                  0x08001d20   Section        0  usb_core.o(i.Standard_SetInterface)
    i.Suspend                                0x08001d6c   Section        0  usb_pwr.o(i.Suspend)
    i.SysTick_CLKSourceConfig                0x08001dec   Section        0  ch32f10x_misc.o(i.SysTick_CLKSourceConfig)
    i.SysTick_Handler                        0x08001e08   Section        0  ch32f10x_it.o(i.SysTick_Handler)
    i.SystemInit                             0x08001e0c   Section        0  system_ch32f10x.o(i.SystemInit)
    i.TIM2_IRQHandler                        0x08001e5c   Section        0  ch32f10x_it.o(i.TIM2_IRQHandler)
    i.TIM2_Init                              0x08001ea0   Section        0  uart.o(i.TIM2_Init)
    i.TIM_ClearFlag                          0x08001ef2   Section        0  ch32f10x_tim.o(i.TIM_ClearFlag)
    i.TIM_ClearITPendingBit                  0x08001ef8   Section        0  ch32f10x_tim.o(i.TIM_ClearITPendingBit)
    i.TIM_Cmd                                0x08001efe   Section        0  ch32f10x_tim.o(i.TIM_Cmd)
    i.TIM_DeInit                             0x08001f18   Section        0  ch32f10x_tim.o(i.TIM_DeInit)
    i.TIM_ITConfig                           0x08001f94   Section        0  ch32f10x_tim.o(i.TIM_ITConfig)
    i.TIM_TimeBaseInit                       0x08001fa8   Section        0  ch32f10x_tim.o(i.TIM_TimeBaseInit)
    i.UART1_CfgInit                          0x08001ff8   Section        0  uart.o(i.UART1_CfgInit)
    i.UART1_DMAInit                          0x0800210c   Section        0  uart.o(i.UART1_DMAInit)
    i.UART1_DataRx_Deal                      0x080021b8   Section        0  uart.o(i.UART1_DataRx_Deal)
    i.UART1_DataTx_Deal                      0x0800231c   Section        0  uart.o(i.UART1_DataTx_Deal)
    i.UART1_Init                             0x08002420   Section        0  uart.o(i.UART1_Init)
    i.UART1_ParaInit                         0x08002490   Section        0  uart.o(i.UART1_ParaInit)
    i.UART1_USB_Init                         0x080024f8   Section        0  uart.o(i.UART1_USB_Init)
    i.USART_ClearFlag                        0x08002550   Section        0  ch32f10x_usart.o(i.USART_ClearFlag)
    i.USART_Cmd                              0x08002556   Section        0  ch32f10x_usart.o(i.USART_Cmd)
    i.USART_DMACmd                           0x0800256e   Section        0  ch32f10x_usart.o(i.USART_DMACmd)
    i.USART_GetFlagStatus                    0x08002582   Section        0  ch32f10x_usart.o(i.USART_GetFlagStatus)
    i.USART_Init                             0x08002590   Section        0  ch32f10x_usart.o(i.USART_Init)
    i.USART_Printf_Init                      0x0800264c   Section        0  debug.o(i.USART_Printf_Init)
    i.USART_SendData                         0x080026b0   Section        0  ch32f10x_usart.o(i.USART_SendData)
    i.USBD_Data_Setup                        0x080026b8   Section        0  usb_prop.o(i.USBD_Data_Setup)
    i.USBD_GetConfigDescriptor               0x08002754   Section        0  usb_prop.o(i.USBD_GetConfigDescriptor)
    i.USBD_GetDeviceDescriptor               0x08002760   Section        0  usb_prop.o(i.USBD_GetDeviceDescriptor)
    i.USBD_GetHidDescriptor                  0x0800276c   Section        0  usb_prop.o(i.USBD_GetHidDescriptor)
    i.USBD_GetReportDescriptor               0x0800278c   Section        0  usb_prop.o(i.USBD_GetReportDescriptor)
    i.USBD_GetStringDescriptor               0x080027ac   Section        0  usb_prop.o(i.USBD_GetStringDescriptor)
    i.USBD_Get_Interface_Setting             0x080027cc   Section        0  usb_prop.o(i.USBD_Get_Interface_Setting)
    i.USBD_NoData_Setup                      0x080027e0   Section        0  usb_prop.o(i.USBD_NoData_Setup)
    i.USBD_Reset                             0x0800282c   Section        0  usb_prop.o(i.USBD_Reset)
    i.USBD_Status_In                         0x0800295c   Section        0  usb_prop.o(i.USBD_Status_In)
    i.USBD_Status_Out                        0x080029bc   Section        0  usb_prop.o(i.USBD_Status_Out)
    i.USBD_init                              0x080029c0   Section        0  usb_prop.o(i.USBD_init)
    i.USBHD_Device_Endp_Init                 0x08002a24   Section        0  ch32f10x_usbfs_device.o(i.USBHD_Device_Endp_Init)
    i.USBHD_Device_Init                      0x08002a7c   Section        0  ch32f10x_usbfs_device.o(i.USBHD_Device_Init)
    i.USBHD_Endp_DataUp                      0x08002acc   Section        0  ch32f10x_usbfs_device.o(i.USBHD_Endp_DataUp)
    i.USBHD_IRQHandler                       0x08002c80   Section        0  ch32f10x_usbfs_device.o(i.USBHD_IRQHandler)
    i.USBHD_RCC_Init                         0x080032a8   Section        0  ch32f10x_usbfs_device.o(i.USBHD_RCC_Init)
    i.USBWakeUp_IRQHandler                   0x080032d4   Section        0  hw_config.o(i.USBWakeUp_IRQHandler)
    i.USB_Istr                               0x080032dc   Section        0  usb_istr.o(i.USB_Istr)
    i.USB_LP_CAN1_RX0_IRQHandler             0x08003438   Section        0  hw_config.o(i.USB_LP_CAN1_RX0_IRQHandler)
    i.USB_Port_Set                           0x0800343c   Section        0  hw_config.o(i.USB_Port_Set)
    i.USB_SIL_Init                           0x080034c0   Section        0  usb_sil.o(i.USB_SIL_Init)
    i.UsageFault_Handler                     0x080034e0   Section        0  ch32f10x_it.o(i.UsageFault_Handler)
    i.UserToPMABufferCopy                    0x080034e4   Section        0  usb_mem.o(i.UserToPMABufferCopy)
    i._is_digit                              0x08003510   Section        0  __printf_wp.o(i._is_digit)
    i.fputc                                  0x08003520   Section        0  debug.o(i.fputc)
    i.main                                   0x08003544   Section        0  main.o(i.main)
    .constdata                               0x080035a8   Section       18  husb_desc.o(.constdata)
    .constdata                               0x080035ba   Section       67  husb_desc.o(.constdata)
    .constdata                               0x080035fd   Section        4  husb_desc.o(.constdata)
    .constdata                               0x08003601   Section       14  husb_desc.o(.constdata)
    .constdata                               0x0800360f   Section       22  husb_desc.o(.constdata)
    .constdata                               0x08003625   Section       22  husb_desc.o(.constdata)
    .constdata                               0x0800363b   Section       18  usb_desc_1.o(.constdata)
    .constdata                               0x0800364d   Section       41  usb_desc_1.o(.constdata)
    .constdata                               0x08003676   Section        4  usb_desc_1.o(.constdata)
    .constdata                               0x0800367a   Section       14  usb_desc_1.o(.constdata)
    .constdata                               0x08003688   Section       18  usb_desc_1.o(.constdata)
    .constdata                               0x0800369a   Section       34  usb_desc_1.o(.constdata)
    .constdata                               0x080036bc   Section       40  _printf_hex_int.o(.constdata)
    uc_hextab                                0x080036bc   Data          20  _printf_hex_int.o(.constdata)
    lc_hextab                                0x080036d0   Data          20  _printf_hex_int.o(.constdata)
    .constdata                               0x080036e4   Section       17  __printf_flags_ss_wp.o(.constdata)
    maptable                                 0x080036e4   Data          17  __printf_flags_ss_wp.o(.constdata)
    .data                                    0x20000000   Section        1  ch32f10x_it.o(.data)
    tog                                      0x20000000   Data           1  ch32f10x_it.o(.data)
    .data                                    0x20000004   Section       20  system_ch32f10x.o(.data)
    .data                                    0x20000018   Section        8  uart.o(.data)
    .data                                    0x20000020   Section       24  ch32f10x_usbfs_device.o(.data)
    .data                                    0x20000038   Section        4  debug.o(.data)
    p_us                                     0x20000038   Data           1  debug.o(.data)
    p_ms                                     0x2000003a   Data           2  debug.o(.data)
    .data                                    0x2000003c   Section        4  debug.o(.data)
    .data                                    0x20000040   Section       20  ch32f10x_rcc.o(.data)
    ADCPrescTable                            0x20000040   Data           4  ch32f10x_rcc.o(.data)
    APBAHBPrescTable                         0x20000044   Data          16  ch32f10x_rcc.o(.data)
    .data                                    0x20000054   Section       16  ch32f10x_usb.o(.data)
    .data                                    0x20000064   Section        4  usb_core.o(.data)
    .data                                    0x20000068   Section        1  usb_init.o(.data)
    .data                                    0x2000006c   Section       12  usb_init.o(.data)
    .data                                    0x20000078   Section        2  usb_init.o(.data)
    .data                                    0x2000007a   Section        4  usb_int.o(.data)
    .data                                    0x2000007e   Section       22  usb_desc_1.o(.data)
    .data                                    0x20000094   Section        1  usb_endp.o(.data)
    .data                                    0x20000098   Section       12  usb_istr.o(.data)
    .data                                    0x200000a4   Section       28  usb_istr.o(.data)
    .data                                    0x200000c0   Section       28  usb_istr.o(.data)
    .data                                    0x200000dc   Section      116  usb_prop.o(.data)
    .data                                    0x20000150   Section        2  usb_prop.o(.data)
    .data                                    0x20000154   Section        4  usb_pwr.o(.data)
    .data                                    0x20000158   Section        1  usb_pwr.o(.data)
    .data                                    0x2000015c   Section        8  usb_pwr.o(.data)
    .bss                                     0x20000164   Section       64  usbd_compatibility_hid.o(.bss)
    .bss                                     0x200001a4   Section     8296  uart.o(.bss)
    .bss                                     0x2000220c   Section      256  ch32f10x_usbfs_device.o(.bss)
    .bss                                     0x2000230c   Section       28  usb_init.o(.bss)
    .bss                                     0x20002328   Section       20  usb_prop.o(.bss)
    .bss                                     0x2000233c   Section     1024  usb_prop.o(.bss)
    .bss                                     0x2000273c   Section       32  usb_pwr.o(.bss)
    .bss                                     0x2000275c   Section       96  libspace.o(.bss)
    HEAP                                     0x200027c0   Section      512  startup_ch32f10x.o(HEAP)
    Heap_Mem                                 0x200027c0   Data         512  startup_ch32f10x.o(HEAP)
    STACK                                    0x200029c0   Section     1024  startup_ch32f10x.o(STACK)
    Stack_Mem                                0x200029c0   Data        1024  startup_ch32f10x.o(STACK)
    __initial_sp                             0x20002dc0   Data           0  startup_ch32f10x.o(STACK)

    Global Symbols

    Symbol Name                              Value     Ov Type        Size  Object(Section)

    BuildAttributes$$THM_ISAv4$P$D$K$B$S$PE$A:L22UL41UL21$X:L11$S22US41US21$IEEE1$IW$USESV6$~STKCKD$USESV7$~SHL$OSPACE$ROPI$EBA8$UX$STANDARDLIB$REQ8$PRES8$EABIv2 0x00000000   Number         0  anon$$obj.o ABSOLUTE
    __ARM_use_no_argv                        0x00000000   Number         0  main.o ABSOLUTE
    _printf_flags                            0x00000000   Number         0  printf_stubs.o ABSOLUTE
    _printf_return_value                     0x00000000   Number         0  printf_stubs.o ABSOLUTE
    _printf_sizespec                         0x00000000   Number         0  printf_stubs.o ABSOLUTE
    _printf_widthprec                        0x00000000   Number         0  printf_stubs.o ABSOLUTE
    __ARM_exceptions_init                     - Undefined Weak Reference
    __alloca_initialize                       - Undefined Weak Reference
    __arm_fini_                               - Undefined Weak Reference
    __arm_preinit_                            - Undefined Weak Reference
    __cpp_initialize__aeabi_                  - Undefined Weak Reference
    __cxa_finalize                            - Undefined Weak Reference
    __rt_locale                               - Undefined Weak Reference
    __sigvec_lookup                           - Undefined Weak Reference
    _atexit_init                              - Undefined Weak Reference
    _call_atexit_fns                          - Undefined Weak Reference
    _clock_init                               - Undefined Weak Reference
    _fp_trap_init                             - Undefined Weak Reference
    _fp_trap_shutdown                         - Undefined Weak Reference
    _get_lc_collate                           - Undefined Weak Reference
    _get_lc_ctype                             - Undefined Weak Reference
    _get_lc_monetary                          - Undefined Weak Reference
    _get_lc_numeric                           - Undefined Weak Reference
    _get_lc_time                              - Undefined Weak Reference
    _getenv_init                              - Undefined Weak Reference
    _handle_redirection                       - Undefined Weak Reference
    _init_alloc                               - Undefined Weak Reference
    _init_user_alloc                          - Undefined Weak Reference
    _initio                                   - Undefined Weak Reference
    _mutex_acquire                            - Undefined Weak Reference
    _mutex_release                            - Undefined Weak Reference
    _printf_truncate_signed                   - Undefined Weak Reference
    _printf_truncate_unsigned                 - Undefined Weak Reference
    _rand_init                                - Undefined Weak Reference
    _signal_finish                            - Undefined Weak Reference
    _signal_init                              - Undefined Weak Reference
    _terminate_alloc                          - Undefined Weak Reference
    _terminate_user_alloc                     - Undefined Weak Reference
    _terminateio                              - Undefined Weak Reference
    __Vectors_Size                           0x000000f0   Number         0  startup_ch32f10x.o ABSOLUTE
    __Vectors                                0x08000000   Data           4  startup_ch32f10x.o(RESET)
    __Vectors_End                            0x080000f0   Data           0  startup_ch32f10x.o(RESET)
    __main                                   0x080000f1   Thumb Code     8  __main.o(!!!main)
    __scatterload                            0x080000f9   Thumb Code     0  __scatter.o(!!!scatter)
    __scatterload_rt2                        0x080000f9   Thumb Code    44  __scatter.o(!!!scatter)
    __scatterload_rt2_thumb_only             0x080000f9   Thumb Code     0  __scatter.o(!!!scatter)
    __scatterload_null                       0x08000107   Thumb Code     0  __scatter.o(!!!scatter)
    __decompress                             0x0800012d   Thumb Code    90  __dczerorl2.o(!!dczerorl2)
    __decompress1                            0x0800012d   Thumb Code     0  __dczerorl2.o(!!dczerorl2)
    __scatterload_zeroinit                   0x08000189   Thumb Code    28  __scatter_zi.o(!!handler_zi)
    _printf_d                                0x080001a5   Thumb Code     0  _printf_d.o(.ARM.Collect$$_printf_percent$$00000009)
    _printf_percent                          0x080001a5   Thumb Code     0  _printf_percent.o(.ARM.Collect$$_printf_percent$$00000000)
    _printf_x                                0x080001ab   Thumb Code     0  _printf_x.o(.ARM.Collect$$_printf_percent$$0000000C)
    _printf_percent_end                      0x080001b1   Thumb Code     0  _printf_percent_end.o(.ARM.Collect$$_printf_percent$$00000017)
    __rt_lib_init                            0x080001b5   Thumb Code     0  libinit.o(.ARM.Collect$$libinit$$00000000)
    __rt_lib_init_alloca_1                   0x080001b7   Thumb Code     0  libinit2.o(.ARM.Collect$$libinit$$0000002E)
    __rt_lib_init_argv_1                     0x080001b7   Thumb Code     0  libinit2.o(.ARM.Collect$$libinit$$0000002C)
    __rt_lib_init_atexit_1                   0x080001b7   Thumb Code     0  libinit2.o(.ARM.Collect$$libinit$$0000001B)
    __rt_lib_init_clock_1                    0x080001b7   Thumb Code     0  libinit2.o(.ARM.Collect$$libinit$$00000021)
    __rt_lib_init_cpp_1                      0x080001b7   Thumb Code     0  libinit2.o(.ARM.Collect$$libinit$$00000032)
    __rt_lib_init_exceptions_1               0x080001b7   Thumb Code     0  libinit2.o(.ARM.Collect$$libinit$$00000030)
    __rt_lib_init_fp_1                       0x080001b7   Thumb Code     0  libinit2.o(.ARM.Collect$$libinit$$00000002)
    __rt_lib_init_fp_trap_1                  0x080001b7   Thumb Code     0  libinit2.o(.ARM.Collect$$libinit$$0000001F)
    __rt_lib_init_getenv_1                   0x080001b7   Thumb Code     0  libinit2.o(.ARM.Collect$$libinit$$00000023)
    __rt_lib_init_heap_1                     0x080001b7   Thumb Code     0  libinit2.o(.ARM.Collect$$libinit$$0000000A)
    __rt_lib_init_lc_collate_1               0x080001b7   Thumb Code     0  libinit2.o(.ARM.Collect$$libinit$$00000011)
    __rt_lib_init_lc_ctype_1                 0x080001b7   Thumb Code     0  libinit2.o(.ARM.Collect$$libinit$$00000013)
    __rt_lib_init_lc_monetary_1              0x080001b7   Thumb Code     0  libinit2.o(.ARM.Collect$$libinit$$00000015)
    __rt_lib_init_lc_numeric_1               0x080001b7   Thumb Code     0  libinit2.o(.ARM.Collect$$libinit$$00000017)
    __rt_lib_init_lc_time_1                  0x080001b7   Thumb Code     0  libinit2.o(.ARM.Collect$$libinit$$00000019)
    __rt_lib_init_preinit_1                  0x080001b7   Thumb Code     0  libinit2.o(.ARM.Collect$$libinit$$00000004)
    __rt_lib_init_rand_1                     0x080001b7   Thumb Code     0  libinit2.o(.ARM.Collect$$libinit$$0000000E)
    __rt_lib_init_return                     0x080001b7   Thumb Code     0  libinit2.o(.ARM.Collect$$libinit$$00000033)
    __rt_lib_init_signal_1                   0x080001b7   Thumb Code     0  libinit2.o(.ARM.Collect$$libinit$$0000001D)
    __rt_lib_init_stdio_1                    0x080001b7   Thumb Code     0  libinit2.o(.ARM.Collect$$libinit$$00000025)
    __rt_lib_init_user_alloc_1               0x080001b7   Thumb Code     0  libinit2.o(.ARM.Collect$$libinit$$0000000C)
    __rt_lib_shutdown                        0x080001b9   Thumb Code     0  libshutdown.o(.ARM.Collect$$libshutdown$$00000000)
    __rt_lib_shutdown_cpp_1                  0x080001bb   Thumb Code     0  libshutdown2.o(.ARM.Collect$$libshutdown$$00000004)
    __rt_lib_shutdown_fini_1                 0x080001bb   Thumb Code     0  libshutdown2.o(.ARM.Collect$$libshutdown$$00000002)
    __rt_lib_shutdown_fp_trap_1              0x080001bb   Thumb Code     0  libshutdown2.o(.ARM.Collect$$libshutdown$$00000009)
    __rt_lib_shutdown_heap_1                 0x080001bb   Thumb Code     0  libshutdown2.o(.ARM.Collect$$libshutdown$$00000011)
    __rt_lib_shutdown_return                 0x080001bb   Thumb Code     0  libshutdown2.o(.ARM.Collect$$libshutdown$$00000012)
    __rt_lib_shutdown_signal_1               0x080001bb   Thumb Code     0  libshutdown2.o(.ARM.Collect$$libshutdown$$0000000C)
    __rt_lib_shutdown_stdio_1                0x080001bb   Thumb Code     0  libshutdown2.o(.ARM.Collect$$libshutdown$$00000006)
    __rt_lib_shutdown_user_alloc_1           0x080001bb   Thumb Code     0  libshutdown2.o(.ARM.Collect$$libshutdown$$0000000E)
    __rt_entry                               0x080001bd   Thumb Code     0  __rtentry.o(.ARM.Collect$$rtentry$$00000000)
    __rt_entry_presh_1                       0x080001bd   Thumb Code     0  __rtentry2.o(.ARM.Collect$$rtentry$$00000002)
    __rt_entry_sh                            0x080001bd   Thumb Code     0  __rtentry4.o(.ARM.Collect$$rtentry$$00000004)
    __rt_entry_li                            0x080001c3   Thumb Code     0  __rtentry2.o(.ARM.Collect$$rtentry$$0000000A)
    __rt_entry_postsh_1                      0x080001c3   Thumb Code     0  __rtentry2.o(.ARM.Collect$$rtentry$$00000009)
    __rt_entry_main                          0x080001c7   Thumb Code     0  __rtentry2.o(.ARM.Collect$$rtentry$$0000000D)
    __rt_entry_postli_1                      0x080001c7   Thumb Code     0  __rtentry2.o(.ARM.Collect$$rtentry$$0000000C)
    __rt_exit                                0x080001cf   Thumb Code     0  rtexit.o(.ARM.Collect$$rtexit$$00000000)
    __rt_exit_ls                             0x080001d1   Thumb Code     0  rtexit2.o(.ARM.Collect$$rtexit$$00000003)
    __rt_exit_prels_1                        0x080001d1   Thumb Code     0  rtexit2.o(.ARM.Collect$$rtexit$$00000002)
    __rt_exit_exit                           0x080001d5   Thumb Code     0  rtexit2.o(.ARM.Collect$$rtexit$$00000004)
    Reset_Handler                            0x080001dd   Thumb Code     8  startup_ch32f10x.o(.text)
    ADC1_2_IRQHandler                        0x080001f7   Thumb Code     0  startup_ch32f10x.o(.text)
    CAN1_RX1_IRQHandler                      0x080001f7   Thumb Code     0  startup_ch32f10x.o(.text)
    CAN1_SCE_IRQHandler                      0x080001f7   Thumb Code     0  startup_ch32f10x.o(.text)
    DMA1_Channel1_IRQHandler                 0x080001f7   Thumb Code     0  startup_ch32f10x.o(.text)
    DMA1_Channel2_IRQHandler                 0x080001f7   Thumb Code     0  startup_ch32f10x.o(.text)
    DMA1_Channel3_IRQHandler                 0x080001f7   Thumb Code     0  startup_ch32f10x.o(.text)
    DMA1_Channel4_IRQHandler                 0x080001f7   Thumb Code     0  startup_ch32f10x.o(.text)
    DMA1_Channel5_IRQHandler                 0x080001f7   Thumb Code     0  startup_ch32f10x.o(.text)
    DMA1_Channel6_IRQHandler                 0x080001f7   Thumb Code     0  startup_ch32f10x.o(.text)
    DMA1_Channel7_IRQHandler                 0x080001f7   Thumb Code     0  startup_ch32f10x.o(.text)
    EXTI0_IRQHandler                         0x080001f7   Thumb Code     0  startup_ch32f10x.o(.text)
    EXTI15_10_IRQHandler                     0x080001f7   Thumb Code     0  startup_ch32f10x.o(.text)
    EXTI1_IRQHandler                         0x080001f7   Thumb Code     0  startup_ch32f10x.o(.text)
    EXTI2_IRQHandler                         0x080001f7   Thumb Code     0  startup_ch32f10x.o(.text)
    EXTI3_IRQHandler                         0x080001f7   Thumb Code     0  startup_ch32f10x.o(.text)
    EXTI4_IRQHandler                         0x080001f7   Thumb Code     0  startup_ch32f10x.o(.text)
    EXTI9_5_IRQHandler                       0x080001f7   Thumb Code     0  startup_ch32f10x.o(.text)
    FLASH_IRQHandler                         0x080001f7   Thumb Code     0  startup_ch32f10x.o(.text)
    I2C1_ER_IRQHandler                       0x080001f7   Thumb Code     0  startup_ch32f10x.o(.text)
    I2C1_EV_IRQHandler                       0x080001f7   Thumb Code     0  startup_ch32f10x.o(.text)
    I2C2_ER_IRQHandler                       0x080001f7   Thumb Code     0  startup_ch32f10x.o(.text)
    I2C2_EV_IRQHandler                       0x080001f7   Thumb Code     0  startup_ch32f10x.o(.text)
    PVD_IRQHandler                           0x080001f7   Thumb Code     0  startup_ch32f10x.o(.text)
    RCC_IRQHandler                           0x080001f7   Thumb Code     0  startup_ch32f10x.o(.text)
    RTCAlarm_IRQHandler                      0x080001f7   Thumb Code     0  startup_ch32f10x.o(.text)
    RTC_IRQHandler                           0x080001f7   Thumb Code     0  startup_ch32f10x.o(.text)
    SPI1_IRQHandler                          0x080001f7   Thumb Code     0  startup_ch32f10x.o(.text)
    SPI2_IRQHandler                          0x080001f7   Thumb Code     0  startup_ch32f10x.o(.text)
    TAMPER_IRQHandler                        0x080001f7   Thumb Code     0  startup_ch32f10x.o(.text)
    TIM1_BRK_IRQHandler                      0x080001f7   Thumb Code     0  startup_ch32f10x.o(.text)
    TIM1_CC_IRQHandler                       0x080001f7   Thumb Code     0  startup_ch32f10x.o(.text)
    TIM1_TRG_COM_IRQHandler                  0x080001f7   Thumb Code     0  startup_ch32f10x.o(.text)
    TIM1_UP_IRQHandler                       0x080001f7   Thumb Code     0  startup_ch32f10x.o(.text)
    TIM3_IRQHandler                          0x080001f7   Thumb Code     0  startup_ch32f10x.o(.text)
    TIM4_IRQHandler                          0x080001f7   Thumb Code     0  startup_ch32f10x.o(.text)
    USART1_IRQHandler                        0x080001f7   Thumb Code     0  startup_ch32f10x.o(.text)
    USART2_IRQHandler                        0x080001f7   Thumb Code     0  startup_ch32f10x.o(.text)
    USART3_IRQHandler                        0x080001f7   Thumb Code     0  startup_ch32f10x.o(.text)
    USB_HP_CAN1_TX_IRQHandler                0x080001f7   Thumb Code     0  startup_ch32f10x.o(.text)
    WWDG_IRQHandler                          0x080001f7   Thumb Code     0  startup_ch32f10x.o(.text)
    __user_initial_stackheap                 0x080001f9   Thumb Code     0  startup_ch32f10x.o(.text)
    __2printf                                0x0800021d   Thumb Code    20  noretval__2printf.o(.text)
    _printf_pre_padding                      0x08000235   Thumb Code    44  _printf_pad.o(.text)
    _printf_post_padding                     0x08000261   Thumb Code    34  _printf_pad.o(.text)
    _printf_int_dec                          0x08000285   Thumb Code   104  _printf_dec.o(.text)
    _printf_int_hex                          0x080002fd   Thumb Code    84  _printf_hex_int.o(.text)
    _printf_longlong_hex                     0x080002fd   Thumb Code     0  _printf_hex_int.o(.text)
    __printf                                 0x08000355   Thumb Code   388  __printf_flags_ss_wp.o(.text)
    __aeabi_memcpy                           0x080004dd   Thumb Code     0  rt_memcpy_v6.o(.text)
    __rt_memcpy                              0x080004dd   Thumb Code   138  rt_memcpy_v6.o(.text)
    _memcpy_lastbytes                        0x08000543   Thumb Code     0  rt_memcpy_v6.o(.text)
    __aeabi_memclr4                          0x08000567   Thumb Code     0  rt_memclr_w.o(.text)
    __aeabi_memclr8                          0x08000567   Thumb Code     0  rt_memclr_w.o(.text)
    __rt_memclr_w                            0x08000567   Thumb Code    78  rt_memclr_w.o(.text)
    _memset_w                                0x0800056b   Thumb Code     0  rt_memclr_w.o(.text)
    __use_two_region_memory                  0x080005b5   Thumb Code     2  heapauxi.o(.text)
    __rt_heap_escrow$2region                 0x080005b7   Thumb Code     2  heapauxi.o(.text)
    __rt_heap_expand$2region                 0x080005b9   Thumb Code     2  heapauxi.o(.text)
    _printf_int_common                       0x080005bb   Thumb Code   178  _printf_intcommon.o(.text)
    _printf_char_file                        0x0800066d   Thumb Code    32  _printf_char_file.o(.text)
    __aeabi_memcpy4                          0x08000691   Thumb Code     0  rt_memcpy_w.o(.text)
    __aeabi_memcpy8                          0x08000691   Thumb Code     0  rt_memcpy_w.o(.text)
    __rt_memcpy_w                            0x08000691   Thumb Code   100  rt_memcpy_w.o(.text)
    _memcpy_lastbytes_aligned                0x080006d9   Thumb Code     0  rt_memcpy_w.o(.text)
    _printf_char_common                      0x080006ff   Thumb Code    32  _printf_char_common.o(.text)
    ferror                                   0x08000725   Thumb Code     8  ferror.o(.text)
    __user_setup_stackheap                   0x0800072d   Thumb Code    74  sys_stackheap_outer.o(.text)
    exit                                     0x08000777   Thumb Code    18  exit.o(.text)
    __user_libspace                          0x08000789   Thumb Code     8  libspace.o(.text)
    __user_perproc_libspace                  0x08000789   Thumb Code     0  libspace.o(.text)
    __user_perthread_libspace                0x08000789   Thumb Code     0  libspace.o(.text)
    _sys_exit                                0x08000791   Thumb Code     8  sys_exit.o(.text)
    __I$use$semihosting                      0x0800079d   Thumb Code     0  use_no_semi.o(.text)
    __use_no_semihosting_swi                 0x0800079d   Thumb Code     2  use_no_semi.o(.text)
    BusFault_Handler                         0x0800079f   Thumb Code     2  ch32f10x_it.o(i.BusFault_Handler)
    __semihosting_library_function           0x0800079f   Thumb Code     0  indicate_semi.o(.text)
    ByteSwap                                 0x080007a1   Thumb Code    10  usb_regs.o(i.ByteSwap)
    CTR_LP                                   0x080007ad   Thumb Code   614  usb_int.o(i.CTR_LP)
    ClearDTOG_RX                             0x08000a31   Thumb Code    36  usb_regs.o(i.ClearDTOG_RX)
    ClearDTOG_TX                             0x08000a59   Thumb Code    36  usb_regs.o(i.ClearDTOG_TX)
    Clear_Status_Out                         0x08000a81   Thumb Code    28  usb_regs.o(i.Clear_Status_Out)
    DMA_Cmd                                  0x08000aa1   Thumb Code    26  ch32f10x_dma.o(i.DMA_Cmd)
    DMA_DeInit                               0x08000abd   Thumb Code   238  ch32f10x_dma.o(i.DMA_DeInit)
    DMA_Init                                 0x08000bb5   Thumb Code    58  ch32f10x_dma.o(i.DMA_Init)
    DebugMon_Handler                         0x08000f01   Thumb Code     2  ch32f10x_it.o(i.DebugMon_Handler)
    Delay_Init                               0x08000f05   Thumb Code    46  debug.o(i.Delay_Init)
    Delay_Ms                                 0x08000f41   Thumb Code    46  debug.o(i.Delay_Ms)
    Delay_Us                                 0x08000f75   Thumb Code    46  debug.o(i.Delay_Us)
    EP1_OUT_Callback                         0x08000fa9   Thumb Code    96  usb_endp.o(i.EP1_OUT_Callback)
    EP2_IN_Callback                          0x08001011   Thumb Code     8  usb_endp.o(i.EP2_IN_Callback)
    EXTI_ClearITPendingBit                   0x0800101d   Thumb Code     6  ch32f10x_exti.o(i.EXTI_ClearITPendingBit)
    Enter_LowPowerMode                       0x08001029   Thumb Code    16  hw_config.o(i.Enter_LowPowerMode)
    GPIO_Init                                0x08001059   Thumb Code   166  ch32f10x_gpio.o(i.GPIO_Init)
    GPIO_SetBits                             0x080010ff   Thumb Code     4  ch32f10x_gpio.o(i.GPIO_SetBits)
    GetEPRxAddr                              0x08001105   Thumb Code    22  usb_regs.o(i.GetEPRxAddr)
    GetEPRxCount                             0x08001125   Thumb Code    24  usb_regs.o(i.GetEPRxCount)
    GetEPTxAddr                              0x08001145   Thumb Code    20  usb_regs.o(i.GetEPTxAddr)
    HID_Get_Idle                             0x08001161   Thumb Code    20  usb_prop.o(i.HID_Get_Idle)
    HID_Get_Protocol                         0x0800117d   Thumb Code    20  usb_prop.o(i.HID_Get_Protocol)
    HID_Get_Report                           0x08001199   Thumb Code    18  usb_prop.o(i.HID_Get_Report)
    HID_Set_Report                           0x080011b5   Thumb Code    18  usb_prop.o(i.HID_Set_Report)
    HardFault_Handler                        0x080011d1   Thumb Code     2  ch32f10x_it.o(i.HardFault_Handler)
    In0_Process                              0x080011d5   Thumb Code    82  usb_core.o(i.In0_Process)
    Leave_LowPowerMode                       0x08001235   Thumb Code    28  hw_config.o(i.Leave_LowPowerMode)
    MemManage_Handler                        0x08001275   Thumb Code     2  ch32f10x_it.o(i.MemManage_Handler)
    NMI_Handler                              0x08001277   Thumb Code     2  ch32f10x_it.o(i.NMI_Handler)
    NOP_Process                              0x08001279   Thumb Code     2  usb_core.o(i.NOP_Process)
    Out0_Process                             0x08001389   Thumb Code    68  usb_core.o(i.Out0_Process)
    PMAToUserBufferCopy                      0x080013d5   Thumb Code    30  usb_mem.o(i.PMAToUserBufferCopy)
    PendSV_Handler                           0x080013f9   Thumb Code     2  ch32f10x_it.o(i.PendSV_Handler)
    Post0_Process                            0x080013fd   Thumb Code    48  usb_core.o(i.Post0_Process)
    PowerOn                                  0x0800143d   Thumb Code    28  usb_pwr.o(i.PowerOn)
    RCC_AHBPeriphClockCmd                    0x08001461   Thumb Code    22  ch32f10x_rcc.o(i.RCC_AHBPeriphClockCmd)
    RCC_APB1PeriphClockCmd                   0x0800147d   Thumb Code    22  ch32f10x_rcc.o(i.RCC_APB1PeriphClockCmd)
    RCC_APB1PeriphResetCmd                   0x08001499   Thumb Code    22  ch32f10x_rcc.o(i.RCC_APB1PeriphResetCmd)
    RCC_APB2PeriphClockCmd                   0x080014b5   Thumb Code    22  ch32f10x_rcc.o(i.RCC_APB2PeriphClockCmd)
    RCC_APB2PeriphResetCmd                   0x080014d1   Thumb Code    22  ch32f10x_rcc.o(i.RCC_APB2PeriphResetCmd)
    RCC_Configuration                        0x080014ed   Thumb Code    32  uart.o(i.RCC_Configuration)
    RCC_GetClocksFreq                        0x0800150d   Thumb Code   170  ch32f10x_rcc.o(i.RCC_GetClocksFreq)
    RCC_USBCLKConfig                         0x080015cd   Thumb Code     6  ch32f10x_rcc.o(i.RCC_USBCLKConfig)
    Resume                                   0x080015d9   Thumb Code   146  usb_pwr.o(i.Resume)
    Resume_Init                              0x08001675   Thumb Code    26  usb_pwr.o(i.Resume_Init)
    SVC_Handler                              0x08001695   Thumb Code     2  ch32f10x_it.o(i.SVC_Handler)
    SetBTABLE                                0x08001699   Thumb Code    10  usb_regs.o(i.SetBTABLE)
    SetDeviceAddress                         0x080016a9   Thumb Code    58  usb_core.o(i.SetDeviceAddress)
    SetEPRxAddr                              0x080016f1   Thumb Code    24  usb_regs.o(i.SetEPRxAddr)
    SetEPRxCount                             0x08001711   Thumb Code    60  usb_regs.o(i.SetEPRxCount)
    SetEPRxStatus                            0x08001755   Thumb Code    64  usb_regs.o(i.SetEPRxStatus)
    SetEPRxValid                             0x08001799   Thumb Code    54  usb_regs.o(i.SetEPRxValid)
    SetEPTxAddr                              0x080017d5   Thumb Code    22  usb_regs.o(i.SetEPTxAddr)
    SetEPTxCount                             0x080017f5   Thumb Code    20  usb_regs.o(i.SetEPTxCount)
    SetEPTxStatus                            0x08001811   Thumb Code    64  usb_regs.o(i.SetEPTxStatus)
    SetEPType                                0x08001855   Thumb Code    24  usb_regs.o(i.SetEPType)
    Setup0_Process                           0x08001925   Thumb Code   122  usb_core.o(i.Setup0_Process)
    Standard_ClearFeature                    0x080019ad   Thumb Code   288  usb_core.o(i.Standard_ClearFeature)
    Standard_GetConfiguration                0x08001ae1   Thumb Code    32  usb_core.o(i.Standard_GetConfiguration)
    Standard_GetDescriptorData               0x08001b09   Thumb Code    26  usb_core.o(i.Standard_GetDescriptorData)
    Standard_GetInterface                    0x08001b29   Thumb Code    32  usb_core.o(i.Standard_GetInterface)
    Standard_GetStatus                       0x08001b51   Thumb Code   172  usb_core.o(i.Standard_GetStatus)
    Standard_SetConfiguration                0x08001c0d   Thumb Code    42  usb_core.o(i.Standard_SetConfiguration)
    Standard_SetDeviceFeature                0x08001c45   Thumb Code    26  usb_core.o(i.Standard_SetDeviceFeature)
    Standard_SetEndPointFeature              0x08001c69   Thumb Code   168  usb_core.o(i.Standard_SetEndPointFeature)
    Standard_SetInterface                    0x08001d21   Thumb Code    64  usb_core.o(i.Standard_SetInterface)
    Suspend                                  0x08001d6d   Thumb Code   116  usb_pwr.o(i.Suspend)
    SysTick_CLKSourceConfig                  0x08001ded   Thumb Code    28  ch32f10x_misc.o(i.SysTick_CLKSourceConfig)
    SysTick_Handler                          0x08001e09   Thumb Code     2  ch32f10x_it.o(i.SysTick_Handler)
    SystemInit                               0x08001e0d   Thumb Code    64  system_ch32f10x.o(i.SystemInit)
    TIM2_IRQHandler                          0x08001e5d   Thumb Code    56  ch32f10x_it.o(i.TIM2_IRQHandler)
    TIM2_Init                                0x08001ea1   Thumb Code    82  uart.o(i.TIM2_Init)
    TIM_ClearFlag                            0x08001ef3   Thumb Code     6  ch32f10x_tim.o(i.TIM_ClearFlag)
    TIM_ClearITPendingBit                    0x08001ef9   Thumb Code     6  ch32f10x_tim.o(i.TIM_ClearITPendingBit)
    TIM_Cmd                                  0x08001eff   Thumb Code    24  ch32f10x_tim.o(i.TIM_Cmd)
    TIM_DeInit                               0x08001f19   Thumb Code   110  ch32f10x_tim.o(i.TIM_DeInit)
    TIM_ITConfig                             0x08001f95   Thumb Code    20  ch32f10x_tim.o(i.TIM_ITConfig)
    TIM_TimeBaseInit                         0x08001fa9   Thumb Code    68  ch32f10x_tim.o(i.TIM_TimeBaseInit)
    UART1_CfgInit                            0x08001ff9   Thumb Code   266  uart.o(i.UART1_CfgInit)
    UART1_DMAInit                            0x0800210d   Thumb Code   158  uart.o(i.UART1_DMAInit)
    UART1_DataRx_Deal                        0x080021b9   Thumb Code   324  uart.o(i.UART1_DataRx_Deal)
    UART1_DataTx_Deal                        0x0800231d   Thumb Code   242  uart.o(i.UART1_DataTx_Deal)
    UART1_Init                               0x08002421   Thumb Code    94  uart.o(i.UART1_Init)
    UART1_ParaInit                           0x08002491   Thumb Code    94  uart.o(i.UART1_ParaInit)
    UART1_USB_Init                           0x080024f9   Thumb Code    66  uart.o(i.UART1_USB_Init)
    USART_ClearFlag                          0x08002551   Thumb Code     6  ch32f10x_usart.o(i.USART_ClearFlag)
    USART_Cmd                                0x08002557   Thumb Code    24  ch32f10x_usart.o(i.USART_Cmd)
    USART_DMACmd                             0x0800256f   Thumb Code    20  ch32f10x_usart.o(i.USART_DMACmd)
    USART_GetFlagStatus                      0x08002583   Thumb Code    14  ch32f10x_usart.o(i.USART_GetFlagStatus)
    USART_Init                               0x08002591   Thumb Code   182  ch32f10x_usart.o(i.USART_Init)
    USART_Printf_Init                        0x0800264d   Thumb Code    92  debug.o(i.USART_Printf_Init)
    USART_SendData                           0x080026b1   Thumb Code     8  ch32f10x_usart.o(i.USART_SendData)
    USBD_Data_Setup                          0x080026b9   Thumb Code   126  usb_prop.o(i.USBD_Data_Setup)
    USBD_GetConfigDescriptor                 0x08002755   Thumb Code     6  usb_prop.o(i.USBD_GetConfigDescriptor)
    USBD_GetDeviceDescriptor                 0x08002761   Thumb Code     6  usb_prop.o(i.USBD_GetDeviceDescriptor)
    USBD_GetHidDescriptor                    0x0800276d   Thumb Code    24  usb_prop.o(i.USBD_GetHidDescriptor)
    USBD_GetReportDescriptor                 0x0800278d   Thumb Code    24  usb_prop.o(i.USBD_GetReportDescriptor)
    USBD_GetStringDescriptor                 0x080027ad   Thumb Code    24  usb_prop.o(i.USBD_GetStringDescriptor)
    USBD_Get_Interface_Setting               0x080027cd   Thumb Code    20  usb_prop.o(i.USBD_Get_Interface_Setting)
    USBD_NoData_Setup                        0x080027e1   Thumb Code    66  usb_prop.o(i.USBD_NoData_Setup)
    USBD_Reset                               0x0800282d   Thumb Code   284  usb_prop.o(i.USBD_Reset)
    USBD_Status_In                           0x0800295d   Thumb Code    60  usb_prop.o(i.USBD_Status_In)
    USBD_Status_Out                          0x080029bd   Thumb Code     2  usb_prop.o(i.USBD_Status_Out)
    USBD_init                                0x080029c1   Thumb Code    84  usb_prop.o(i.USBD_init)
    USBHD_Device_Endp_Init                   0x08002a25   Thumb Code    70  ch32f10x_usbfs_device.o(i.USBHD_Device_Endp_Init)
    USBHD_Device_Init                        0x08002a7d   Thumb Code    72  ch32f10x_usbfs_device.o(i.USBHD_Device_Init)
    USBHD_Endp_DataUp                        0x08002acd   Thumb Code   412  ch32f10x_usbfs_device.o(i.USBHD_Endp_DataUp)
    USBHD_IRQHandler                         0x08002c81   Thumb Code  1566  ch32f10x_usbfs_device.o(i.USBHD_IRQHandler)
    USBHD_RCC_Init                           0x080032a9   Thumb Code    38  ch32f10x_usbfs_device.o(i.USBHD_RCC_Init)
    USBWakeUp_IRQHandler                     0x080032d5   Thumb Code     8  hw_config.o(i.USBWakeUp_IRQHandler)
    USB_Istr                                 0x080032dd   Thumb Code   322  usb_istr.o(i.USB_Istr)
    USB_LP_CAN1_RX0_IRQHandler               0x08003439   Thumb Code     4  hw_config.o(i.USB_LP_CAN1_RX0_IRQHandler)
    USB_Port_Set                             0x0800343d   Thumb Code   118  hw_config.o(i.USB_Port_Set)
    USB_SIL_Init                             0x080034c1   Thumb Code    24  usb_sil.o(i.USB_SIL_Init)
    UsageFault_Handler                       0x080034e1   Thumb Code     2  ch32f10x_it.o(i.UsageFault_Handler)
    UserToPMABufferCopy                      0x080034e5   Thumb Code    38  usb_mem.o(i.UserToPMABufferCopy)
    _is_digit                                0x08003511   Thumb Code    14  __printf_wp.o(i._is_digit)
    fputc                                    0x08003521   Thumb Code    30  debug.o(i.fputc)
    main                                     0x08003545   Thumb Code    70  main.o(i.main)
    MyDevDescr                               0x080035a8   Data          18  husb_desc.o(.constdata)
    MyCfgDescr                               0x080035ba   Data          67  husb_desc.o(.constdata)
    MyLangDescr                              0x080035fd   Data           4  husb_desc.o(.constdata)
    MyManuInfo                               0x08003601   Data          14  husb_desc.o(.constdata)
    MyProdInfo                               0x0800360f   Data          22  husb_desc.o(.constdata)
    MySerNumInfo                             0x08003625   Data          22  husb_desc.o(.constdata)
    USBD_DeviceDescriptor                    0x0800363b   Data          18  usb_desc_1.o(.constdata)
    USBD_ConfigDescriptor                    0x0800364d   Data          41  usb_desc_1.o(.constdata)
    USBD_StringLangID                        0x08003676   Data           4  usb_desc_1.o(.constdata)
    USBD_StringVendor                        0x0800367a   Data          14  usb_desc_1.o(.constdata)
    USBD_StringProduct                       0x08003688   Data          18  usb_desc_1.o(.constdata)
    USBD_HidRepDesc                          0x0800369a   Data          34  usb_desc_1.o(.constdata)
    Region$$Table$$Base                      0x080036f8   Number         0  anon$$obj.o(Region$$Table)
    Region$$Table$$Limit                     0x08003718   Number         0  anon$$obj.o(Region$$Table)
    SystemCoreClock                          0x20000004   Data           4  system_ch32f10x.o(.data)
    AHBPrescTable                            0x20000008   Data          16  system_ch32f10x.o(.data)
    UARTx_Rx_DMACurCount                     0x20000018   Data           4  uart.o(.data)
    UARTx_Rx_DMALastCount                    0x2000001c   Data           4  uart.o(.data)
    USBHD_SetupReqCode                       0x20000020   Data           1  ch32f10x_usbfs_device.o(.data)
    USBHD_SetupReqType                       0x20000021   Data           1  ch32f10x_usbfs_device.o(.data)
    USBHD_DevConfig                          0x20000022   Data           1  ch32f10x_usbfs_device.o(.data)
    USBHD_DevAddr                            0x20000023   Data           1  ch32f10x_usbfs_device.o(.data)
    USBHD_DevSleepStatus                     0x20000024   Data           1  ch32f10x_usbfs_device.o(.data)
    USBHD_DevEnumStatus                      0x20000025   Data           1  ch32f10x_usbfs_device.o(.data)
    USBHD_SetupReqValue                      0x20000026   Data           2  ch32f10x_usbfs_device.o(.data)
    USBHD_SetupReqIndex                      0x20000028   Data           2  ch32f10x_usbfs_device.o(.data)
    USBHD_SetupReqLen                        0x2000002a   Data           2  ch32f10x_usbfs_device.o(.data)
    pUSBHD_Descr                             0x2000002c   Data           4  ch32f10x_usbfs_device.o(.data)
    USBHD_Endp_Busy                          0x20000030   Data           8  ch32f10x_usbfs_device.o(.data)
    __stdout                                 0x2000003c   Data           4  debug.o(.data)
    pEP0_RAM_Addr                            0x20000054   Data           4  ch32f10x_usb.o(.data)
    pEP1_RAM_Addr                            0x20000058   Data           4  ch32f10x_usb.o(.data)
    pEP2_RAM_Addr                            0x2000005c   Data           4  ch32f10x_usb.o(.data)
    pEP3_RAM_Addr                            0x20000060   Data           4  ch32f10x_usb.o(.data)
    Data_Mul_MaxPacketSize                   0x20000064   Data           1  usb_core.o(.data)
    StatusInfo                               0x20000066   Data           2  usb_core.o(.data)
    EPindex                                  0x20000068   Data           1  usb_init.o(.data)
    pInformation                             0x2000006c   Data           4  usb_init.o(.data)
    pProperty                                0x20000070   Data           4  usb_init.o(.data)
    pUser_Standard_Requests                  0x20000074   Data           4  usb_init.o(.data)
    wInterrupt_Mask                          0x20000078   Data           2  usb_init.o(.data)
    SaveRState                               0x2000007a   Data           2  usb_int.o(.data)
    SaveTState                               0x2000007c   Data           2  usb_int.o(.data)
    USBD_StringSerial                        0x2000007e   Data          22  usb_desc_1.o(.data)
    USBD_Endp2_Busy                          0x20000094   Data           1  usb_endp.o(.data)
    bIntPackSOF                              0x20000098   Data           1  usb_istr.o(.data)
    wIstr                                    0x2000009a   Data           2  usb_istr.o(.data)
    esof_counter                             0x2000009c   Data           4  usb_istr.o(.data)
    wCNTR                                    0x200000a0   Data           4  usb_istr.o(.data)
    pEpInt_IN                                0x200000a4   Data          28  usb_istr.o(.data)
    pEpInt_OUT                               0x200000c0   Data          28  usb_istr.o(.data)
    HID_Idle_Value                           0x200000dc   Data           2  usb_prop.o(.data)
    HID_Protocol_Value                       0x200000de   Data           2  usb_prop.o(.data)
    Device_Descriptor                        0x200000e0   Data           8  usb_prop.o(.data)
    Config_Descriptor                        0x200000e8   Data           8  usb_prop.o(.data)
    Report_Descriptor                        0x200000f0   Data           8  usb_prop.o(.data)
    Hid_Descriptor                           0x200000f8   Data           8  usb_prop.o(.data)
    Device_Property                          0x20000100   Data          48  usb_prop.o(.data)
    String_Descriptor                        0x20000130   Data          32  usb_prop.o(.data)
    Device_Table                             0x20000150   Data           2  usb_prop.o(.data)
    bDeviceState                             0x20000154   Data           4  usb_pwr.o(.data)
    fSuspendEnabled                          0x20000158   Data           1  usb_pwr.o(.data)
    ResumeS                                  0x2000015c   Data           2  usb_pwr.o(.data)
    remotewakeupon                           0x20000160   Data           4  usb_pwr.o(.data)
    HID_Report_Buffer                        0x20000164   Data          64  usbd_compatibility_hid.o(.bss)
    Uart                                     0x200001a4   Data         102  uart.o(.bss)
    UART1_Tx_Buf                             0x2000020c   Data        2048  uart.o(.bss)
    UART1_Rx_Buf                             0x20000a0c   Data        6144  uart.o(.bss)
    USBHD_EP0_Buf                            0x2000220c   Data          64  ch32f10x_usbfs_device.o(.bss)
    USBHD_EP1_Buf                            0x2000224c   Data          64  ch32f10x_usbfs_device.o(.bss)
    USBHD_EP2_Buf                            0x2000228c   Data         128  ch32f10x_usbfs_device.o(.bss)
    Device_Info                              0x2000230c   Data          28  usb_init.o(.bss)
    RingBuffer_Comm                          0x20002328   Data          20  usb_prop.o(.bss)
    Data_Buffer                              0x2000233c   Data        1024  usb_prop.o(.bss)
    EP                                       0x2000273c   Data          32  usb_pwr.o(.bss)
    __libspace_start                         0x2000275c   Data          96  libspace.o(.bss)
    __temporary_stack_top$libspace           0x200027bc   Data           0  libspace.o(.bss)



==============================================================================

Memory Map of the image

  Image Entry point : 0x080000f1

  Load Region LR_IROM1 (Base: 0x08000000, Size: 0x0000387c, Max: 0x00010000, ABSOLUTE, COMPRESSED[0x000037b0])

    Execution Region ER_IROM1 (Exec base: 0x08000000, Load base: 0x08000000, Size: 0x00003718, Max: 0x00010000, ABSOLUTE)

    Exec Addr    Load Addr    Size         Type   Attr      Idx    E Section Name        Object

    0x08000000   0x08000000   0x000000f0   Data   RO          496    RESET               startup_ch32f10x.o
    0x080000f0   0x080000f0   0x00000008   Code   RO         4208  * !!!main             c_w.l(__main.o)
    0x080000f8   0x080000f8   0x00000034   Code   RO         4384    !!!scatter          c_w.l(__scatter.o)
    0x0800012c   0x0800012c   0x0000005a   Code   RO         4382    !!dczerorl2         c_w.l(__dczerorl2.o)
    0x08000186   0x08000186   0x00000002   PAD
    0x08000188   0x08000188   0x0000001c   Code   RO         4386    !!handler_zi        c_w.l(__scatter_zi.o)
    0x080001a4   0x080001a4   0x00000000   Code   RO         4201    .ARM.Collect$$_printf_percent$$00000000  c_w.l(_printf_percent.o)
    0x080001a4   0x080001a4   0x00000006   Code   RO         4200    .ARM.Collect$$_printf_percent$$00000009  c_w.l(_printf_d.o)
    0x080001aa   0x080001aa   0x00000006   Code   RO         4199    .ARM.Collect$$_printf_percent$$0000000C  c_w.l(_printf_x.o)
    0x080001b0   0x080001b0   0x00000004   Code   RO         4215    .ARM.Collect$$_printf_percent$$00000017  c_w.l(_printf_percent_end.o)
    0x080001b4   0x080001b4   0x00000002   Code   RO         4250    .ARM.Collect$$libinit$$00000000  c_w.l(libinit.o)
    0x080001b6   0x080001b6   0x00000000   Code   RO         4257    .ARM.Collect$$libinit$$00000002  c_w.l(libinit2.o)
    0x080001b6   0x080001b6   0x00000000   Code   RO         4259    .ARM.Collect$$libinit$$00000004  c_w.l(libinit2.o)
    0x080001b6   0x080001b6   0x00000000   Code   RO         4262    .ARM.Collect$$libinit$$0000000A  c_w.l(libinit2.o)
    0x080001b6   0x080001b6   0x00000000   Code   RO         4264    .ARM.Collect$$libinit$$0000000C  c_w.l(libinit2.o)
    0x080001b6   0x080001b6   0x00000000   Code   RO         4266    .ARM.Collect$$libinit$$0000000E  c_w.l(libinit2.o)
    0x080001b6   0x080001b6   0x00000000   Code   RO         4269    .ARM.Collect$$libinit$$00000011  c_w.l(libinit2.o)
    0x080001b6   0x080001b6   0x00000000   Code   RO         4271    .ARM.Collect$$libinit$$00000013  c_w.l(libinit2.o)
    0x080001b6   0x080001b6   0x00000000   Code   RO         4273    .ARM.Collect$$libinit$$00000015  c_w.l(libinit2.o)
    0x080001b6   0x080001b6   0x00000000   Code   RO         4275    .ARM.Collect$$libinit$$00000017  c_w.l(libinit2.o)
    0x080001b6   0x080001b6   0x00000000   Code   RO         4277    .ARM.Collect$$libinit$$00000019  c_w.l(libinit2.o)
    0x080001b6   0x080001b6   0x00000000   Code   RO         4279    .ARM.Collect$$libinit$$0000001B  c_w.l(libinit2.o)
    0x080001b6   0x080001b6   0x00000000   Code   RO         4281    .ARM.Collect$$libinit$$0000001D  c_w.l(libinit2.o)
    0x080001b6   0x080001b6   0x00000000   Code   RO         4283    .ARM.Collect$$libinit$$0000001F  c_w.l(libinit2.o)
    0x080001b6   0x080001b6   0x00000000   Code   RO         4285    .ARM.Collect$$libinit$$00000021  c_w.l(libinit2.o)
    0x080001b6   0x080001b6   0x00000000   Code   RO         4287    .ARM.Collect$$libinit$$00000023  c_w.l(libinit2.o)
    0x080001b6   0x080001b6   0x00000000   Code   RO         4289    .ARM.Collect$$libinit$$00000025  c_w.l(libinit2.o)
    0x080001b6   0x080001b6   0x00000000   Code   RO         4293    .ARM.Collect$$libinit$$0000002C  c_w.l(libinit2.o)
    0x080001b6   0x080001b6   0x00000000   Code   RO         4295    .ARM.Collect$$libinit$$0000002E  c_w.l(libinit2.o)
    0x080001b6   0x080001b6   0x00000000   Code   RO         4297    .ARM.Collect$$libinit$$00000030  c_w.l(libinit2.o)
    0x080001b6   0x080001b6   0x00000000   Code   RO         4299    .ARM.Collect$$libinit$$00000032  c_w.l(libinit2.o)
    0x080001b6   0x080001b6   0x00000002   Code   RO         4300    .ARM.Collect$$libinit$$00000033  c_w.l(libinit2.o)
    0x080001b8   0x080001b8   0x00000002   Code   RO         4320    .ARM.Collect$$libshutdown$$00000000  c_w.l(libshutdown.o)
    0x080001ba   0x080001ba   0x00000000   Code   RO         4333    .ARM.Collect$$libshutdown$$00000002  c_w.l(libshutdown2.o)
    0x080001ba   0x080001ba   0x00000000   Code   RO         4335    .ARM.Collect$$libshutdown$$00000004  c_w.l(libshutdown2.o)
    0x080001ba   0x080001ba   0x00000000   Code   RO         4337    .ARM.Collect$$libshutdown$$00000006  c_w.l(libshutdown2.o)
    0x080001ba   0x080001ba   0x00000000   Code   RO         4340    .ARM.Collect$$libshutdown$$00000009  c_w.l(libshutdown2.o)
    0x080001ba   0x080001ba   0x00000000   Code   RO         4343    .ARM.Collect$$libshutdown$$0000000C  c_w.l(libshutdown2.o)
    0x080001ba   0x080001ba   0x00000000   Code   RO         4345    .ARM.Collect$$libshutdown$$0000000E  c_w.l(libshutdown2.o)
    0x080001ba   0x080001ba   0x00000000   Code   RO         4348    .ARM.Collect$$libshutdown$$00000011  c_w.l(libshutdown2.o)
    0x080001ba   0x080001ba   0x00000002   Code   RO         4349    .ARM.Collect$$libshutdown$$00000012  c_w.l(libshutdown2.o)
    0x080001bc   0x080001bc   0x00000000   Code   RO         4210    .ARM.Collect$$rtentry$$00000000  c_w.l(__rtentry.o)
    0x080001bc   0x080001bc   0x00000000   Code   RO         4219    .ARM.Collect$$rtentry$$00000002  c_w.l(__rtentry2.o)
    0x080001bc   0x080001bc   0x00000006   Code   RO         4231    .ARM.Collect$$rtentry$$00000004  c_w.l(__rtentry4.o)
    0x080001c2   0x080001c2   0x00000000   Code   RO         4221    .ARM.Collect$$rtentry$$00000009  c_w.l(__rtentry2.o)
    0x080001c2   0x080001c2   0x00000004   Code   RO         4222    .ARM.Collect$$rtentry$$0000000A  c_w.l(__rtentry2.o)
    0x080001c6   0x080001c6   0x00000000   Code   RO         4224    .ARM.Collect$$rtentry$$0000000C  c_w.l(__rtentry2.o)
    0x080001c6   0x080001c6   0x00000008   Code   RO         4225    .ARM.Collect$$rtentry$$0000000D  c_w.l(__rtentry2.o)
    0x080001ce   0x080001ce   0x00000002   Code   RO         4254    .ARM.Collect$$rtexit$$00000000  c_w.l(rtexit.o)
    0x080001d0   0x080001d0   0x00000000   Code   RO         4302    .ARM.Collect$$rtexit$$00000002  c_w.l(rtexit2.o)
    0x080001d0   0x080001d0   0x00000004   Code   RO         4303    .ARM.Collect$$rtexit$$00000003  c_w.l(rtexit2.o)
    0x080001d4   0x080001d4   0x00000006   Code   RO         4304    .ARM.Collect$$rtexit$$00000004  c_w.l(rtexit2.o)
    0x080001da   0x080001da   0x00000002   PAD
    0x080001dc   0x080001dc   0x00000040   Code   RO          497    .text               startup_ch32f10x.o
    0x0800021c   0x0800021c   0x00000018   Code   RO         4150    .text               c_w.l(noretval__2printf.o)
    0x08000234   0x08000234   0x0000004e   Code   RO         4154    .text               c_w.l(_printf_pad.o)
    0x08000282   0x08000282   0x00000002   PAD
    0x08000284   0x08000284   0x00000078   Code   RO         4156    .text               c_w.l(_printf_dec.o)
    0x080002fc   0x080002fc   0x00000058   Code   RO         4161    .text               c_w.l(_printf_hex_int.o)
    0x08000354   0x08000354   0x00000188   Code   RO         4196    .text               c_w.l(__printf_flags_ss_wp.o)
    0x080004dc   0x080004dc   0x0000008a   Code   RO         4202    .text               c_w.l(rt_memcpy_v6.o)
    0x08000566   0x08000566   0x0000004e   Code   RO         4204    .text               c_w.l(rt_memclr_w.o)
    0x080005b4   0x080005b4   0x00000006   Code   RO         4206    .text               c_w.l(heapauxi.o)
    0x080005ba   0x080005ba   0x000000b2   Code   RO         4211    .text               c_w.l(_printf_intcommon.o)
    0x0800066c   0x0800066c   0x00000024   Code   RO         4213    .text               c_w.l(_printf_char_file.o)
    0x08000690   0x08000690   0x00000064   Code   RO         4216    .text               c_w.l(rt_memcpy_w.o)
    0x080006f4   0x080006f4   0x00000030   Code   RO         4233    .text               c_w.l(_printf_char_common.o)
    0x08000724   0x08000724   0x00000008   Code   RO         4235    .text               c_w.l(ferror.o)
    0x0800072c   0x0800072c   0x0000004a   Code   RO         4239    .text               c_w.l(sys_stackheap_outer.o)
    0x08000776   0x08000776   0x00000012   Code   RO         4243    .text               c_w.l(exit.o)
    0x08000788   0x08000788   0x00000008   Code   RO         4251    .text               c_w.l(libspace.o)
    0x08000790   0x08000790   0x0000000c   Code   RO         4312    .text               c_w.l(sys_exit.o)
    0x0800079c   0x0800079c   0x00000002   Code   RO         4323    .text               c_w.l(use_no_semi.o)
    0x0800079e   0x0800079e   0x00000000   Code   RO         4325    .text               c_w.l(indicate_semi.o)
    0x0800079e   0x0800079e   0x00000002   Code   RO            1    i.BusFault_Handler  ch32f10x_it.o
    0x080007a0   0x080007a0   0x0000000a   Code   RO         3431    i.ByteSwap          usb_regs.o
    0x080007aa   0x080007aa   0x00000002   PAD
    0x080007ac   0x080007ac   0x00000284   Code   RO         3384    i.CTR_LP            usb_int.o
    0x08000a30   0x08000a30   0x00000028   Code   RO         3432    i.ClearDTOG_RX      usb_regs.o
    0x08000a58   0x08000a58   0x00000028   Code   RO         3433    i.ClearDTOG_TX      usb_regs.o
    0x08000a80   0x08000a80   0x00000020   Code   RO         3438    i.Clear_Status_Out  usb_regs.o
    0x08000aa0   0x08000aa0   0x0000001a   Code   RO         1160    i.DMA_Cmd           ch32f10x_dma.o
    0x08000aba   0x08000aba   0x00000002   PAD
    0x08000abc   0x08000abc   0x000000f8   Code   RO         1161    i.DMA_DeInit        ch32f10x_dma.o
    0x08000bb4   0x08000bb4   0x0000003a   Code   RO         1166    i.DMA_Init          ch32f10x_dma.o
    0x08000bee   0x08000bee   0x00000002   PAD
    0x08000bf0   0x08000bf0   0x000000b8   Code   RO         3208    i.DataStageIn       usb_core.o
    0x08000ca8   0x08000ca8   0x000000a0   Code   RO         3209    i.DataStageOut      usb_core.o
    0x08000d48   0x08000d48   0x000001b8   Code   RO         3210    i.Data_Setup0       usb_core.o
    0x08000f00   0x08000f00   0x00000002   Code   RO            2    i.DebugMon_Handler  ch32f10x_it.o
    0x08000f02   0x08000f02   0x00000002   PAD
    0x08000f04   0x08000f04   0x0000003c   Code   RO          512    i.Delay_Init        debug.o
    0x08000f40   0x08000f40   0x00000034   Code   RO          513    i.Delay_Ms          debug.o
    0x08000f74   0x08000f74   0x00000034   Code   RO          514    i.Delay_Us          debug.o
    0x08000fa8   0x08000fa8   0x00000068   Code   RO         3907    i.EP1_OUT_Callback  usb_endp.o
    0x08001010   0x08001010   0x0000000c   Code   RO         3908    i.EP2_IN_Callback   usb_endp.o
    0x0800101c   0x0800101c   0x0000000c   Code   RO         1231    i.EXTI_ClearITPendingBit  ch32f10x_exti.o
    0x08001028   0x08001028   0x00000030   Code   RO         3815    i.Enter_LowPowerMode  hw_config.o
    0x08001058   0x08001058   0x000000a6   Code   RO         1499    i.GPIO_Init         ch32f10x_gpio.o
    0x080010fe   0x080010fe   0x00000004   Code   RO         1507    i.GPIO_SetBits      ch32f10x_gpio.o
    0x08001102   0x08001102   0x00000002   PAD
    0x08001104   0x08001104   0x00000020   Code   RO         3450    i.GetEPRxAddr       usb_regs.o
    0x08001124   0x08001124   0x00000020   Code   RO         3451    i.GetEPRxCount      usb_regs.o
    0x08001144   0x08001144   0x0000001c   Code   RO         3453    i.GetEPTxAddr       usb_regs.o
    0x08001160   0x08001160   0x0000001c   Code   RO         3955    i.HID_Get_Idle      usb_prop.o
    0x0800117c   0x0800117c   0x0000001c   Code   RO         3956    i.HID_Get_Protocol  usb_prop.o
    0x08001198   0x08001198   0x0000001c   Code   RO         3957    i.HID_Get_Report    usb_prop.o
    0x080011b4   0x080011b4   0x0000001c   Code   RO         3958    i.HID_Set_Report    usb_prop.o
    0x080011d0   0x080011d0   0x00000002   Code   RO            3    i.HardFault_Handler  ch32f10x_it.o
    0x080011d2   0x080011d2   0x00000002   PAD
    0x080011d4   0x080011d4   0x00000060   Code   RO         3211    i.In0_Process       usb_core.o
    0x08001234   0x08001234   0x00000040   Code   RO         3816    i.Leave_LowPowerMode  hw_config.o
    0x08001274   0x08001274   0x00000002   Code   RO            4    i.MemManage_Handler  ch32f10x_it.o
    0x08001276   0x08001276   0x00000002   Code   RO            5    i.NMI_Handler       ch32f10x_it.o
    0x08001278   0x08001278   0x00000002   Code   RO         3212    i.NOP_Process       usb_core.o
    0x0800127a   0x0800127a   0x00000016   Code   RO          343    i.NVIC_DisableIRQ   uart.o
    0x08001290   0x08001290   0x00000016   Code   RO          344    i.NVIC_EnableIRQ    uart.o
    0x080012a6   0x080012a6   0x00000002   PAD
    0x080012a8   0x080012a8   0x000000e0   Code   RO         3213    i.NoData_Setup0     usb_core.o
    0x08001388   0x08001388   0x0000004c   Code   RO         3214    i.Out0_Process      usb_core.o
    0x080013d4   0x080013d4   0x00000024   Code   RO         3413    i.PMAToUserBufferCopy  usb_mem.o
    0x080013f8   0x080013f8   0x00000002   Code   RO            6    i.PendSV_Handler    ch32f10x_it.o
    0x080013fa   0x080013fa   0x00000002   PAD
    0x080013fc   0x080013fc   0x00000040   Code   RO         3215    i.Post0_Process     usb_core.o
    0x0800143c   0x0800143c   0x00000024   Code   RO         4102    i.PowerOn           usb_pwr.o
    0x08001460   0x08001460   0x0000001c   Code   RO         1945    i.RCC_AHBPeriphClockCmd  ch32f10x_rcc.o
    0x0800147c   0x0800147c   0x0000001c   Code   RO         1946    i.RCC_APB1PeriphClockCmd  ch32f10x_rcc.o
    0x08001498   0x08001498   0x0000001c   Code   RO         1947    i.RCC_APB1PeriphResetCmd  ch32f10x_rcc.o
    0x080014b4   0x080014b4   0x0000001c   Code   RO         1948    i.RCC_APB2PeriphClockCmd  ch32f10x_rcc.o
    0x080014d0   0x080014d0   0x0000001c   Code   RO         1949    i.RCC_APB2PeriphResetCmd  ch32f10x_rcc.o
    0x080014ec   0x080014ec   0x00000020   Code   RO          345    i.RCC_Configuration  uart.o
    0x0800150c   0x0800150c   0x000000c0   Code   RO         1956    i.RCC_GetClocksFreq  ch32f10x_rcc.o
    0x080015cc   0x080015cc   0x0000000c   Code   RO         1974    i.RCC_USBCLKConfig  ch32f10x_rcc.o
    0x080015d8   0x080015d8   0x0000009c   Code   RO         4103    i.Resume            usb_pwr.o
    0x08001674   0x08001674   0x00000020   Code   RO         4104    i.Resume_Init       usb_pwr.o
    0x08001694   0x08001694   0x00000002   Code   RO            7    i.SVC_Handler       ch32f10x_it.o
    0x08001696   0x08001696   0x00000002   PAD
    0x08001698   0x08001698   0x00000010   Code   RO         3461    i.SetBTABLE         usb_regs.o
    0x080016a8   0x080016a8   0x00000048   Code   RO         3216    i.SetDeviceAddress  usb_core.o
    0x080016f0   0x080016f0   0x00000020   Code   RO         3475    i.SetEPRxAddr       usb_regs.o
    0x08001710   0x08001710   0x00000044   Code   RO         3476    i.SetEPRxCount      usb_regs.o
    0x08001754   0x08001754   0x00000044   Code   RO         3477    i.SetEPRxStatus     usb_regs.o
    0x08001798   0x08001798   0x0000003c   Code   RO         3478    i.SetEPRxValid      usb_regs.o
    0x080017d4   0x080017d4   0x00000020   Code   RO         3479    i.SetEPTxAddr       usb_regs.o
    0x080017f4   0x080017f4   0x0000001c   Code   RO         3480    i.SetEPTxCount      usb_regs.o
    0x08001810   0x08001810   0x00000044   Code   RO         3481    i.SetEPTxStatus     usb_regs.o
    0x08001854   0x08001854   0x0000001c   Code   RO         3483    i.SetEPType         usb_regs.o
    0x08001870   0x08001870   0x00000004   Code   RO          206    i.SetSysClock       system_ch32f10x.o
    0x08001874   0x08001874   0x000000b0   Code   RO          207    i.SetSysClockTo72_HSE  system_ch32f10x.o
    0x08001924   0x08001924   0x00000088   Code   RO         3217    i.Setup0_Process    usb_core.o
    0x080019ac   0x080019ac   0x00000134   Code   RO         3218    i.Standard_ClearFeature  usb_core.o
    0x08001ae0   0x08001ae0   0x00000028   Code   RO         3219    i.Standard_GetConfiguration  usb_core.o
    0x08001b08   0x08001b08   0x00000020   Code   RO         3220    i.Standard_GetDescriptorData  usb_core.o
    0x08001b28   0x08001b28   0x00000028   Code   RO         3221    i.Standard_GetInterface  usb_core.o
    0x08001b50   0x08001b50   0x000000bc   Code   RO         3222    i.Standard_GetStatus  usb_core.o
    0x08001c0c   0x08001c0c   0x00000038   Code   RO         3223    i.Standard_SetConfiguration  usb_core.o
    0x08001c44   0x08001c44   0x00000024   Code   RO         3224    i.Standard_SetDeviceFeature  usb_core.o
    0x08001c68   0x08001c68   0x000000b8   Code   RO         3225    i.Standard_SetEndPointFeature  usb_core.o
    0x08001d20   0x08001d20   0x0000004c   Code   RO         3226    i.Standard_SetInterface  usb_core.o
    0x08001d6c   0x08001d6c   0x00000080   Code   RO         4105    i.Suspend           usb_pwr.o
    0x08001dec   0x08001dec   0x0000001c   Code   RO         1852    i.SysTick_CLKSourceConfig  ch32f10x_misc.o
    0x08001e08   0x08001e08   0x00000002   Code   RO            8    i.SysTick_Handler   ch32f10x_it.o
    0x08001e0a   0x08001e0a   0x00000002   PAD
    0x08001e0c   0x08001e0c   0x00000050   Code   RO          209    i.SystemInit        system_ch32f10x.o
    0x08001e5c   0x08001e5c   0x00000044   Code   RO            9    i.TIM2_IRQHandler   ch32f10x_it.o
    0x08001ea0   0x08001ea0   0x00000052   Code   RO          346    i.TIM2_Init         uart.o
    0x08001ef2   0x08001ef2   0x00000006   Code   RO         2388    i.TIM_ClearFlag     ch32f10x_tim.o
    0x08001ef8   0x08001ef8   0x00000006   Code   RO         2389    i.TIM_ClearITPendingBit  ch32f10x_tim.o
    0x08001efe   0x08001efe   0x00000018   Code   RO         2394    i.TIM_Cmd           ch32f10x_tim.o
    0x08001f16   0x08001f16   0x00000002   PAD
    0x08001f18   0x08001f18   0x0000007c   Code   RO         2399    i.TIM_DeInit        ch32f10x_tim.o
    0x08001f94   0x08001f94   0x00000014   Code   RO         2419    i.TIM_ITConfig      ch32f10x_tim.o
    0x08001fa8   0x08001fa8   0x00000050   Code   RO         2465    i.TIM_TimeBaseInit  ch32f10x_tim.o
    0x08001ff8   0x08001ff8   0x00000114   Code   RO          347    i.UART1_CfgInit     uart.o
    0x0800210c   0x0800210c   0x000000ac   Code   RO          348    i.UART1_DMAInit     uart.o
    0x080021b8   0x080021b8   0x00000164   Code   RO          349    i.UART1_DataRx_Deal  uart.o
    0x0800231c   0x0800231c   0x00000104   Code   RO          350    i.UART1_DataTx_Deal  uart.o
    0x08002420   0x08002420   0x00000070   Code   RO          351    i.UART1_Init        uart.o
    0x08002490   0x08002490   0x00000068   Code   RO          352    i.UART1_ParaInit    uart.o
    0x080024f8   0x080024f8   0x00000058   Code   RO          353    i.UART1_USB_Init    uart.o
    0x08002550   0x08002550   0x00000006   Code   RO         2926    i.USART_ClearFlag   ch32f10x_usart.o
    0x08002556   0x08002556   0x00000018   Code   RO         2930    i.USART_Cmd         ch32f10x_usart.o
    0x0800256e   0x0800256e   0x00000014   Code   RO         2931    i.USART_DMACmd      ch32f10x_usart.o
    0x08002582   0x08002582   0x0000000e   Code   RO         2933    i.USART_GetFlagStatus  ch32f10x_usart.o
    0x08002590   0x08002590   0x000000bc   Code   RO         2937    i.USART_Init        ch32f10x_usart.o
    0x0800264c   0x0800264c   0x00000064   Code   RO          515    i.USART_Printf_Init  debug.o
    0x080026b0   0x080026b0   0x00000008   Code   RO         2947    i.USART_SendData    ch32f10x_usart.o
    0x080026b8   0x080026b8   0x0000009c   Code   RO         3960    i.USBD_Data_Setup   usb_prop.o
    0x08002754   0x08002754   0x0000000c   Code   RO         3961    i.USBD_GetConfigDescriptor  usb_prop.o
    0x08002760   0x08002760   0x0000000c   Code   RO         3962    i.USBD_GetDeviceDescriptor  usb_prop.o
    0x0800276c   0x0800276c   0x00000020   Code   RO         3963    i.USBD_GetHidDescriptor  usb_prop.o
    0x0800278c   0x0800278c   0x00000020   Code   RO         3964    i.USBD_GetReportDescriptor  usb_prop.o
    0x080027ac   0x080027ac   0x00000020   Code   RO         3965    i.USBD_GetStringDescriptor  usb_prop.o
    0x080027cc   0x080027cc   0x00000014   Code   RO         3966    i.USBD_Get_Interface_Setting  usb_prop.o
    0x080027e0   0x080027e0   0x0000004c   Code   RO         3967    i.USBD_NoData_Setup  usb_prop.o
    0x0800282c   0x0800282c   0x00000130   Code   RO         3968    i.USBD_Reset        usb_prop.o
    0x0800295c   0x0800295c   0x00000060   Code   RO         3972    i.USBD_Status_In    usb_prop.o
    0x080029bc   0x080029bc   0x00000002   Code   RO         3973    i.USBD_Status_Out   usb_prop.o
    0x080029be   0x080029be   0x00000002   PAD
    0x080029c0   0x080029c0   0x00000064   Code   RO         3974    i.USBD_init         usb_prop.o
    0x08002a24   0x08002a24   0x00000058   Code   RO          440    i.USBHD_Device_Endp_Init  ch32f10x_usbfs_device.o
    0x08002a7c   0x08002a7c   0x00000050   Code   RO          441    i.USBHD_Device_Init  ch32f10x_usbfs_device.o
    0x08002acc   0x08002acc   0x000001b4   Code   RO          442    i.USBHD_Endp_DataUp  ch32f10x_usbfs_device.o
    0x08002c80   0x08002c80   0x00000628   Code   RO          443    i.USBHD_IRQHandler  ch32f10x_usbfs_device.o
    0x080032a8   0x080032a8   0x0000002c   Code   RO          444    i.USBHD_RCC_Init    ch32f10x_usbfs_device.o
    0x080032d4   0x080032d4   0x00000008   Code   RO         3818    i.USBWakeUp_IRQHandler  hw_config.o
    0x080032dc   0x080032dc   0x0000015c   Code   RO         3935    i.USB_Istr          usb_istr.o
    0x08003438   0x08003438   0x00000004   Code   RO         3820    i.USB_LP_CAN1_RX0_IRQHandler  hw_config.o
    0x0800343c   0x0800343c   0x00000084   Code   RO         3821    i.USB_Port_Set      hw_config.o
    0x080034c0   0x080034c0   0x00000020   Code   RO         3791    i.USB_SIL_Init      usb_sil.o
    0x080034e0   0x080034e0   0x00000002   Code   RO           10    i.UsageFault_Handler  ch32f10x_it.o
    0x080034e2   0x080034e2   0x00000002   PAD
    0x080034e4   0x080034e4   0x0000002c   Code   RO         3414    i.UserToPMABufferCopy  usb_mem.o
    0x08003510   0x08003510   0x0000000e   Code   RO         4189    i._is_digit         c_w.l(__printf_wp.o)
    0x0800351e   0x0800351e   0x00000002   PAD
    0x08003520   0x08003520   0x00000024   Code   RO          516    i.fputc             debug.o
    0x08003544   0x08003544   0x00000064   Code   RO          179    i.main              main.o
    0x080035a8   0x080035a8   0x00000012   Data   RO          423    .constdata          husb_desc.o
    0x080035ba   0x080035ba   0x00000043   Data   RO          424    .constdata          husb_desc.o
    0x080035fd   0x080035fd   0x00000004   Data   RO          425    .constdata          husb_desc.o
    0x08003601   0x08003601   0x0000000e   Data   RO          426    .constdata          husb_desc.o
    0x0800360f   0x0800360f   0x00000016   Data   RO          427    .constdata          husb_desc.o
    0x08003625   0x08003625   0x00000016   Data   RO          428    .constdata          husb_desc.o
    0x0800363b   0x0800363b   0x00000012   Data   RO         3889    .constdata          usb_desc_1.o
    0x0800364d   0x0800364d   0x00000029   Data   RO         3890    .constdata          usb_desc_1.o
    0x08003676   0x08003676   0x00000004   Data   RO         3891    .constdata          usb_desc_1.o
    0x0800367a   0x0800367a   0x0000000e   Data   RO         3892    .constdata          usb_desc_1.o
    0x08003688   0x08003688   0x00000012   Data   RO         3893    .constdata          usb_desc_1.o
    0x0800369a   0x0800369a   0x00000022   Data   RO         3894    .constdata          usb_desc_1.o
    0x080036bc   0x080036bc   0x00000028   Data   RO         4162    .constdata          c_w.l(_printf_hex_int.o)
    0x080036e4   0x080036e4   0x00000011   Data   RO         4197    .constdata          c_w.l(__printf_flags_ss_wp.o)
    0x080036f5   0x080036f5   0x00000003   PAD
    0x080036f8   0x080036f8   0x00000020   Data   RO         4380    Region$$Table       anon$$obj.o


    Execution Region RW_IRAM1 (Exec base: 0x20000000, Load base: 0x08003718, Size: 0x00002dc0, Max: 0x00005000, ABSOLUTE, COMPRESSED[0x00000098])

    Exec Addr    Load Addr    Size         Type   Attr      Idx    E Section Name        Object

    0x20000000   COMPRESSED   0x00000001   Data   RW           11    .data               ch32f10x_it.o
    0x20000001   COMPRESSED   0x00000003   PAD
    0x20000004   COMPRESSED   0x00000014   Data   RW          210    .data               system_ch32f10x.o
    0x20000018   COMPRESSED   0x00000008   Data   RW          355    .data               uart.o
    0x20000020   COMPRESSED   0x00000018   Data   RW          447    .data               ch32f10x_usbfs_device.o
    0x20000038   COMPRESSED   0x00000004   Data   RW          517    .data               debug.o
    0x2000003c   COMPRESSED   0x00000004   Data   RW          518    .data               debug.o
    0x20000040   COMPRESSED   0x00000014   Data   RW         1976    .data               ch32f10x_rcc.o
    0x20000054   COMPRESSED   0x00000010   Data   RW         3112    .data               ch32f10x_usb.o
    0x20000064   COMPRESSED   0x00000004   Data   RW         3227    .data               usb_core.o
    0x20000068   COMPRESSED   0x00000001   Data   RW         3359    .data               usb_init.o
    0x20000069   COMPRESSED   0x00000003   PAD
    0x2000006c   COMPRESSED   0x0000000c   Data   RW         3360    .data               usb_init.o
    0x20000078   COMPRESSED   0x00000002   Data   RW         3362    .data               usb_init.o
    0x2000007a   COMPRESSED   0x00000004   Data   RW         3385    .data               usb_int.o
    0x2000007e   COMPRESSED   0x00000016   Data   RW         3895    .data               usb_desc_1.o
    0x20000094   COMPRESSED   0x00000001   Data   RW         3911    .data               usb_endp.o
    0x20000095   COMPRESSED   0x00000003   PAD
    0x20000098   COMPRESSED   0x0000000c   Data   RW         3936    .data               usb_istr.o
    0x200000a4   COMPRESSED   0x0000001c   Data   RW         3937    .data               usb_istr.o
    0x200000c0   COMPRESSED   0x0000001c   Data   RW         3938    .data               usb_istr.o
    0x200000dc   COMPRESSED   0x00000074   Data   RW         3978    .data               usb_prop.o
    0x20000150   COMPRESSED   0x00000002   Data   RW         3979    .data               usb_prop.o
    0x20000152   COMPRESSED   0x00000002   PAD
    0x20000154   COMPRESSED   0x00000004   Data   RW         4107    .data               usb_pwr.o
    0x20000158   COMPRESSED   0x00000001   Data   RW         4108    .data               usb_pwr.o
    0x20000159   COMPRESSED   0x00000003   PAD
    0x2000015c   COMPRESSED   0x00000008   Data   RW         4109    .data               usb_pwr.o
    0x20000164        -       0x00000040   Zero   RW          248    .bss                usbd_compatibility_hid.o
    0x200001a4        -       0x00002068   Zero   RW          354    .bss                uart.o
    0x2000220c        -       0x00000100   Zero   RW          446    .bss                ch32f10x_usbfs_device.o
    0x2000230c        -       0x0000001c   Zero   RW         3358    .bss                usb_init.o
    0x20002328        -       0x00000014   Zero   RW         3975    .bss                usb_prop.o
    0x2000233c        -       0x00000400   Zero   RW         3976    .bss                usb_prop.o
    0x2000273c        -       0x00000020   Zero   RW         4106    .bss                usb_pwr.o
    0x2000275c        -       0x00000060   Zero   RW         4252    .bss                c_w.l(libspace.o)
    0x200027bc   COMPRESSED   0x00000004   PAD
    0x200027c0        -       0x00000200   Zero   RW          495    HEAP                startup_ch32f10x.o
    0x200029c0        -       0x00000400   Zero   RW          494    STACK               startup_ch32f10x.o


==============================================================================

Image component sizes


      Code (inc. data)   RO Data    RW Data    ZI Data      Debug   Object Name

       332         10          0          0          0       3418   ch32f10x_dma.o
        12          6          0          0          0        501   ch32f10x_exti.o
       170          0          0          0          0       2499   ch32f10x_gpio.o
        86         12          0          1          0     196932   ch32f10x_it.o
        28          0          0          0          0        538   ch32f10x_misc.o
       344         58          0         20          0       6763   ch32f10x_rcc.o
       260         26          0          0          0       4045   ch32f10x_tim.o
       260          6          0          0          0       5293   ch32f10x_usart.o
         0          0          0         16          0      11278   ch32f10x_usb.o
      2224        150          0         24        256       6469   ch32f10x_usbfs_device.o
       300         40          0          8          0       4253   debug.o
         0          0        147          0          0        759   husb_desc.o
       256         82          0          0          0       3025   hw_config.o
       100         30          0          0          0        443   main.o
        64         26        240          0       1536        816   startup_ch32f10x.o
       260         26          0         20          0       2005   system_ch32f10x.o
      1526        124          0          8       8296       8795   uart.o
      2414        280          0          4          0      17987   usb_core.o
         0          0        129         22          0        967   usb_desc_1.o
       116         12          0          1          0       1222   usb_endp.o
         0          0          0         15         28       3603   usb_init.o
       644         30          0          4          0       1980   usb_int.o
       348         26          0         68          0       1675   usb_istr.o
        80         12          0          0          0       1812   usb_mem.o
       986        184          0        118       1044      14476   usb_prop.o
       352         42          0         13         32       3768   usb_pwr.o
       614         96          0          0          0       8672   usb_regs.o
        32          8          0          0          0        467   usb_sil.o
         0          0          0          0         64      16146   usbd_compatibility_hid.o

    ----------------------------------------------------------------------
     11834       1286        548        356      11256     330607   Object Totals
         0          0         32          0          0          0   (incl. Generated)
        26          0          0         14          0          0   (incl. Padding)

    ----------------------------------------------------------------------

      Code (inc. data)   RO Data    RW Data    ZI Data      Debug   Library Member Name

        90          0          0          0          0          0   __dczerorl2.o
         8          0          0          0          0         68   __main.o
       392          4         17          0          0         92   __printf_flags_ss_wp.o
        14          0          0          0          0         68   __printf_wp.o
         0          0          0          0          0          0   __rtentry.o
        12          0          0          0          0          0   __rtentry2.o
         6          0          0          0          0          0   __rtentry4.o
        52          8          0          0          0          0   __scatter.o
        28          0          0          0          0          0   __scatter_zi.o
        48          6          0          0          0         96   _printf_char_common.o
        36          4          0          0          0         80   _printf_char_file.o
         6          0          0          0          0          0   _printf_d.o
       120         16          0          0          0         92   _printf_dec.o
        88          4         40          0          0         88   _printf_hex_int.o
       178          0          0          0          0         88   _printf_intcommon.o
        78          0          0          0          0        108   _printf_pad.o
         0          0          0          0          0          0   _printf_percent.o
         4          0          0          0          0          0   _printf_percent_end.o
         6          0          0          0          0          0   _printf_x.o
        18          0          0          0          0         80   exit.o
         8          0          0          0          0         68   ferror.o
         6          0          0          0          0        152   heapauxi.o
         0          0          0          0          0          0   indicate_semi.o
         2          0          0          0          0          0   libinit.o
         2          0          0          0          0          0   libinit2.o
         2          0          0          0          0          0   libshutdown.o
         2          0          0          0          0          0   libshutdown2.o
         8          4          0          0         96         68   libspace.o
        24          4          0          0          0         84   noretval__2printf.o
        78          0          0          0          0         80   rt_memclr_w.o
       138          0          0          0          0         68   rt_memcpy_v6.o
       100          0          0          0          0         80   rt_memcpy_w.o
         2          0          0          0          0          0   rtexit.o
        10          0          0          0          0          0   rtexit2.o
        12          4          0          0          0         68   sys_exit.o
        74          0          0          0          0         80   sys_stackheap_outer.o
         2          0          0          0          0         68   use_no_semi.o

    ----------------------------------------------------------------------
      1662         54         60          0        100       1676   Library Totals
         8          0          3          0          4          0   (incl. Padding)

    ----------------------------------------------------------------------

      Code (inc. data)   RO Data    RW Data    ZI Data      Debug   Library Name

      1654         54         57          0         96       1676   c_w.l

    ----------------------------------------------------------------------
      1662         54         60          0        100       1676   Library Totals

    ----------------------------------------------------------------------

==============================================================================


      Code (inc. data)   RO Data    RW Data    ZI Data      Debug   

     13496       1340        608        356      11356     325051   Grand Totals
     13496       1340        608        152      11356     325051   ELF Image Totals (compressed)
     13496       1340        608        152          0          0   ROM Totals

==============================================================================

    Total RO  Size (Code + RO Data)                14104 (  13.77kB)
    Total RW  Size (RW Data + ZI Data)             11712 (  11.44kB)
    Total ROM Size (Code + RO Data + RW Data)      14256 (  13.92kB)

==============================================================================

