Component: ARM Compiler 5.06 update 7 (build 960) Tool: armlink [4d3601]

==============================================================================

Section Cross References

    main.o(i.main) refers to hw_config.o(i.USB_Port_Set) for USB_Port_Set
    main.o(i.main) refers to ch32f10x_misc.o(i.NVIC_PriorityGroupConfig) for NVIC_PriorityGroupConfig
    main.o(i.main) refers to debug.o(i.Delay_Init) for Delay_Init
    main.o(i.main) refers to debug.o(i.USART_Printf_Init) for USART_Printf_Init
    main.o(i.main) refers to easycon.o(i.EasyCon_script_init) for EasyCon_script_init
    main.o(i.main) refers to usbd_compatibility_hid.o(i.TIM2_Init) for TIM2_Init
    main.o(i.main) refers to led.o(i.ledb_test) for ledb_test
    main.o(i.main) refers to hw_config.o(i.Set_USBConfig) for Set_USBConfig
    main.o(i.main) refers to usb_init.o(i.USB_Init) for USB_Init
    main.o(i.main) refers to hw_config.o(i.USB_Interrupts_Config) for USB_Interrupts_Config
    main.o(i.main) refers to hid.o(i.HIDInit) for HIDInit
    main.o(i.main) refers to easycon.o(i.EasyCon_script_start) for EasyCon_script_start
    main.o(i.main) refers to easycon.o(i.EasyCon_script_task) for EasyCon_script_task
    main.o(i.main) refers to hid.o(i.HIDTask) for HIDTask
    system_ch32f10x.o(i.SetSysClock) refers to system_ch32f10x.o(i.SetSysClockTo72_HSE) for SetSysClockTo72_HSE
    system_ch32f10x.o(i.SystemCoreClockUpdate) refers to system_ch32f10x.o(.data) for .data
    system_ch32f10x.o(i.SystemInit) refers to system_ch32f10x.o(i.SetSysClock) for SetSysClock
    usbd_compatibility_hid.o(i.TIM2_IRQHandler) refers to easycon.o(i.EasyCon_tick) for EasyCon_tick
    usbd_compatibility_hid.o(i.TIM2_IRQHandler) refers to ch32f10x_tim.o(i.TIM_ClearITPendingBit) for TIM_ClearITPendingBit
    usbd_compatibility_hid.o(i.TIM2_Init) refers to ch32f10x_rcc.o(i.RCC_APB1PeriphClockCmd) for RCC_APB1PeriphClockCmd
    usbd_compatibility_hid.o(i.TIM2_Init) refers to ch32f10x_tim.o(i.TIM_TimeBaseInit) for TIM_TimeBaseInit
    usbd_compatibility_hid.o(i.TIM2_Init) refers to ch32f10x_tim.o(i.TIM_ITConfig) for TIM_ITConfig
    usbd_compatibility_hid.o(i.TIM2_Init) refers to ch32f10x_misc.o(i.NVIC_Init) for NVIC_Init
    usbd_compatibility_hid.o(i.TIM2_Init) refers to ch32f10x_tim.o(i.TIM_Cmd) for TIM_Cmd
    hid.o(i.HIDInit) refers to hid.o(i.ResetReport) for ResetReport
    hid.o(i.HIDInit) refers to hid.o(i.usbd_send) for usbd_send
    hid.o(i.HIDInit) refers to hid.o(.data) for .data
    hid.o(i.HIDTask) refers to hid.o(i.Report_Task) for Report_Task
    hid.o(i.PressButtons) refers to hid.o(.data) for .data
    hid.o(i.ReleaseButtons) refers to hid.o(.data) for .data
    hid.o(i.Report_Task) refers to easycon.o(i.EasyCon_need_send_report) for EasyCon_need_send_report
    hid.o(i.Report_Task) refers to hid.o(i.usbd_send) for usbd_send
    hid.o(i.Report_Task) refers to easycon.o(i.EasyCon_report_send_callback) for EasyCon_report_send_callback
    hid.o(i.Report_Task) refers to hid.o(.data) for .data
    hid.o(i.ResetReport) refers to hid.o(.data) for .data
    hid.o(i.SetButtons) refers to hid.o(.data) for .data
    hid.o(i.SetHATSwitch) refers to hid.o(.data) for .data
    hid.o(i.SetLeftStick) refers to hid.o(.data) for .data
    hid.o(i.SetRightStick) refers to hid.o(.data) for .data
    hid.o(i.usbd_send) refers to led.o(i.ledb_on) for ledb_on
    hid.o(i.usbd_send) refers to usb_endp.o(i.USBD_ENDPx_DataUp) for USBD_ENDPx_DataUp
    hid.o(i.usbd_send) refers to led.o(i.ledb_off) for ledb_off
    hid.o(i.usbd_send) refers to usb_pwr.o(.data) for bDeviceState
    hid.o(i.usbd_send) refers to hid.o(.data) for .data
    hid.o(i.usbd_send) refers to usbd_compatibility_hid.o(.bss) for HIDTxBuffer
    easycon.o(i.EasyCon_is_LED_enable) refers to easycon.o(.data) for .data
    easycon.o(i.EasyCon_is_script_running) refers to easycon.o(.data) for .data
    easycon.o(i.EasyCon_need_send_report) refers to easycon.o(.data) for .data
    easycon.o(i.EasyCon_report_send_callback) refers to easycon.o(.data) for .data
    easycon.o(i.EasyCon_script_auto_start) refers to easycon.o(i.EasyCon_script_start) for EasyCon_script_start
    easycon.o(i.EasyCon_script_auto_start) refers to easycon.o(.data) for .data
    easycon.o(i.EasyCon_script_init) refers to easycon_api.o(i.EasyCon_write_start) for EasyCon_write_start
    easycon.o(i.EasyCon_script_init) refers to easycon_api.o(i.EasyCon_write_data) for EasyCon_write_data
    easycon.o(i.EasyCon_script_init) refers to easycon_api.o(i.EasyCon_read_byte) for EasyCon_read_byte
    easycon.o(i.EasyCon_script_init) refers to rand.o(.text) for srand
    easycon.o(i.EasyCon_script_init) refers to easycon_api.o(i.EasyCon_write_end) for EasyCon_write_end
    easycon.o(i.EasyCon_script_init) refers to rt_memclr_w.o(.text) for __aeabi_memclr4
    easycon.o(i.EasyCon_script_init) refers to easycon.o(.data) for .data
    easycon.o(i.EasyCon_script_start) refers to easycon_api.o(i.EasyCon_read_byte) for EasyCon_read_byte
[...]
    i.RCC_APB1PeriphClockCmd                 0x08002028   Section        0  ch32f10x_rcc.o(i.RCC_APB1PeriphClockCmd)
    i.RCC_APB2PeriphClockCmd                 0x08002044   Section        0  ch32f10x_rcc.o(i.RCC_APB2PeriphClockCmd)
    i.RCC_GetClocksFreq                      0x08002060   Section        0  ch32f10x_rcc.o(i.RCC_GetClocksFreq)
    i.RCC_USBCLKConfig                       0x08002120   Section        0  ch32f10x_rcc.o(i.RCC_USBCLKConfig)
    i.ReleaseButtons                         0x0800212c   Section        0  hid.o(i.ReleaseButtons)
    i.Report_Task                            0x0800213c   Section        0  hid.o(i.Report_Task)
    i.ResetReport                            0x0800215c   Section        0  hid.o(i.ResetReport)
    i.Resume                                 0x0800217c   Section        0  usb_pwr.o(i.Resume)
    i.Resume_Init                            0x08002218   Section        0  usb_pwr.o(i.Resume_Init)
    i.SVC_Handler                            0x08002238   Section        0  ch32f10x_it.o(i.SVC_Handler)
    i.SetBTABLE                              0x0800223c   Section        0  usb_regs.o(i.SetBTABLE)
    i.SetButtons                             0x0800224c   Section        0  hid.o(i.SetButtons)
    i.SetDeviceAddress                       0x08002258   Section        0  usb_core.o(i.SetDeviceAddress)
    i.SetEPRxAddr                            0x080022a0   Section        0  usb_regs.o(i.SetEPRxAddr)
    i.SetEPRxCount                           0x080022c0   Section        0  usb_regs.o(i.SetEPRxCount)
    i.SetEPRxStatus                          0x08002304   Section        0  usb_regs.o(i.SetEPRxStatus)
    i.SetEPRxValid                           0x08002348   Section        0  usb_regs.o(i.SetEPRxValid)
    i.SetEPTxAddr                            0x08002384   Section        0  usb_regs.o(i.SetEPTxAddr)
    i.SetEPTxCount                           0x080023a4   Section        0  usb_regs.o(i.SetEPTxCount)
    i.SetEPTxStatus                          0x080023c0   Section        0  usb_regs.o(i.SetEPTxStatus)
    i.SetEPType                              0x08002404   Section        0  usb_regs.o(i.SetEPType)
    i.SetHATSwitch                           0x08002420   Section        0  hid.o(i.SetHATSwitch)
    i.SetLeftStick                           0x0800242c   Section        0  hid.o(i.SetLeftStick)
    i.SetRightStick                          0x08002438   Section        0  hid.o(i.SetRightStick)
    i.SetSysClock                            0x08002444   Section        0  system_ch32f10x.o(i.SetSysClock)
    SetSysClock                              0x08002445   Thumb Code     4  system_ch32f10x.o(i.SetSysClock)
    i.SetSysClockTo72_HSE                    0x08002448   Section        0  system_ch32f10x.o(i.SetSysClockTo72_HSE)
    SetSysClockTo72_HSE                      0x08002449   Thumb Code   166  system_ch32f10x.o(i.SetSysClockTo72_HSE)
    i.Set_USBConfig                          0x080024f8   Section        0  hw_config.o(i.Set_USBConfig)
    i.Setup0_Process                         0x0800250c   Section        0  usb_core.o(i.Setup0_Process)
    i.Standard_ClearFeature                  0x08002594   Section        0  usb_core.o(i.Standard_ClearFeature)
    i.Standard_GetConfiguration              0x080026c8   Section        0  usb_core.o(i.Standard_GetConfiguration)
    i.Standard_GetDescriptorData             0x080026f0   Section        0  usb_core.o(i.Standard_GetDescriptorData)
    i.Standard_GetInterface                  0x08002710   Section        0  usb_core.o(i.Standard_GetInterface)
    i.Standard_GetStatus                     0x08002738   Section        0  usb_core.o(i.Standard_GetStatus)
    i.Standard_SetConfiguration              0x080027f4   Section        0  usb_core.o(i.Standard_SetConfiguration)
    i.Standard_SetDeviceFeature              0x0800282c   Section        0  usb_core.o(i.Standard_SetDeviceFeature)
    i.Standard_SetEndPointFeature            0x08002850   Section        0  usb_core.o(i.Standard_SetEndPointFeature)
    i.Standard_SetInterface                  0x08002908   Section        0  usb_core.o(i.Standard_SetInterface)
    i.Suspend                                0x08002954   Section        0  usb_pwr.o(i.Suspend)
    i.SysTick_CLKSourceConfig                0x080029d4   Section        0  ch32f10x_misc.o(i.SysTick_CLKSourceConfig)
    i.SysTick_Handler                        0x080029f0   Section        0  ch32f10x_it.o(i.SysTick_Handler)
    i.SystemInit                             0x080029f4   Section        0  system_ch32f10x.o(i.SystemInit)
    i.TIM2_IRQHandler                        0x08002a44   Section        0  usbd_compatibility_hid.o(i.TIM2_IRQHandler)
    i.TIM2_Init                              0x08002a56   Section        0  usbd_compatibility_hid.o(i.TIM2_Init)
    i.TIM_ClearITPendingBit                  0x08002ab8   Section        0  ch32f10x_tim.o(i.TIM_ClearITPendingBit)
    i.TIM_Cmd                                0x08002abe   Section        0  ch32f10x_tim.o(i.TIM_Cmd)
    i.TIM_ITConfig                           0x08002ad6   Section        0  ch32f10x_tim.o(i.TIM_ITConfig)
    i.TIM_TimeBaseInit                       0x08002aec   Section        0  ch32f10x_tim.o(i.TIM_TimeBaseInit)
    i.USART1_IRQHandler                      0x08002b3c   Section        0  debug.o(i.USART1_IRQHandler)
    i.USART_Cmd                              0x08002b64   Section        0  ch32f10x_usart.o(i.USART_Cmd)
    i.USART_GetFlagStatus                    0x08002b7c   Section        0  ch32f10x_usart.o(i.USART_GetFlagStatus)
    i.USART_GetITStatus                      0x08002b8a   Section        0  ch32f10x_usart.o(i.USART_GetITStatus)
    i.USART_ITConfig                         0x08002bc6   Section        0  ch32f10x_usart.o(i.USART_ITConfig)
    i.USART_Init                             0x08002bf8   Section        0  ch32f10x_usart.o(i.USART_Init)
    i.USART_Printf_Init                      0x08002cb4   Section        0  debug.o(i.USART_Printf_Init)
    i.USART_ReceiveData                      0x08002d48   Section        0  ch32f10x_usart.o(i.USART_ReceiveData)
    i.USART_SendData                         0x08002d50   Section        0  ch32f10x_usart.o(i.USART_SendData)
    i.USBD_ClearFeature                      0x08002d58   Section        0  usb_prop.o(i.USBD_ClearFeature)
    i.USBD_Data_Setup                        0x08002d68   Section        0  usb_prop.o(i.USBD_Data_Setup)
    i.USBD_ENDPx_DataUp                      0x08002e04   Section        0  usb_endp.o(i.USBD_ENDPx_DataUp)
    i.USBD_GetConfigDescriptor               0x08002e30   Section        0  usb_prop.o(i.USBD_GetConfigDescriptor)
    i.USBD_GetDeviceDescriptor               0x08002e3c   Section        0  usb_prop.o(i.USBD_GetDeviceDescriptor)
    i.USBD_GetHidDescriptor                  0x08002e48   Section        0  usb_prop.o(i.USBD_GetHidDescriptor)
    i.USBD_GetReportDescriptor               0x08002e68   Section        0  usb_prop.o(i.USBD_GetReportDescriptor)
    i.USBD_GetStringDescriptor               0x08002e88   Section        0  usb_prop.o(i.USBD_GetStringDescriptor)
    i.USBD_Get_Interface_Setting             0x08002ea8   Section        0  usb_prop.o(i.USBD_Get_Interface_Setting)
    i.USBD_NoData_Setup                      0x08002ebc   Section        0  usb_prop.o(i.USBD_NoData_Setup)
    i.USBD_Reset                             0x08002f08   Section        0  usb_prop.o(i.USBD_Reset)
    i.USBD_SetConfiguration                  0x08003028   Section        0  usb_prop.o(i.USBD_SetConfiguration)
    i.USBD_SetDeviceAddress                  0x08003040   Section        0  usb_prop.o(i.USBD_SetDeviceAddress)
    i.USBD_SetDeviceFeature                  0x0800304c   Section        0  usb_prop.o(i.USBD_SetDeviceFeature)
    i.USBD_Status_In                         0x0800305c   Section        0  usb_prop.o(i.USBD_Status_In)
    i.USBD_Status_Out                        0x0800305e   Section        0  usb_prop.o(i.USBD_Status_Out)
    i.USBD_init                              0x08003060   Section        0  usb_prop.o(i.USBD_init)
    i.USBWakeUp_IRQHandler                   0x080030c4   Section        0  hw_config.o(i.USBWakeUp_IRQHandler)
    i.USB_Init                               0x080030cc   Section        0  usb_init.o(i.USB_Init)
    i.USB_Interrupts_Config                  0x080030f4   Section        0  hw_config.o(i.USB_Interrupts_Config)
    i.USB_Istr                               0x08003144   Section        0  usb_istr.o(i.USB_Istr)
    i.USB_LP_CAN1_RX0_IRQHandler             0x080032a0   Section        0  hw_config.o(i.USB_LP_CAN1_RX0_IRQHandler)
    i.USB_Port_Set                           0x080032a4   Section        0  hw_config.o(i.USB_Port_Set)
    i.USB_SIL_Init                           0x08003328   Section        0  usb_sil.o(i.USB_SIL_Init)
    i.USB_SIL_Write                          0x08003348   Section        0  usb_sil.o(i.USB_SIL_Write)
    i.UsageFault_Handler                     0x0800336e   Section        0  ch32f10x_it.o(i.UsageFault_Handler)
    i.UserToPMABufferCopy                    0x08003370   Section        0  usb_mem.o(i.UserToPMABufferCopy)
    i.binaryop                               0x0800339c   Section        0  easycon.o(i.binaryop)
    binaryop                                 0x0800339d   Thumb Code   110  easycon.o(i.binaryop)
    i.flash_ecScript_read                    0x08003410   Section        0  flash.o(i.flash_ecScript_read)
    i.flash_ecScript_read8B                  0x0800342c   Section        0  flash.o(i.flash_ecScript_read8B)
    i.flash_ecScript_write8B                 0x08003438   Section        0  flash.o(i.flash_ecScript_write8B)
    i.flash_write16B                         0x080034c8   Section        0  flash.o(i.flash_write16B)
    i.flash_writeErase                       0x080034dc   Section        0  flash.o(i.flash_writeErase)
    i.flash_writeLock                        0x08003544   Section        0  flash.o(i.flash_writeLock)
    i.flash_writeUnlock                      0x08003560   Section        0  flash.o(i.flash_writeUnlock)
    i.fputc                                  0x08003580   Section        0  debug.o(i.fputc)
    i.ledb_off                               0x080035a4   Section        0  led.o(i.ledb_off)
    i.ledb_on                                0x080035b4   Section        0  led.o(i.ledb_on)
    i.ledb_test                              0x080035c4   Section        0  led.o(i.ledb_test)
    i.main                                   0x08003614   Section        0  main.o(i.main)
    i.press_buttons                          0x0800365a   Section        0  easycon_api.o(i.press_buttons)
    i.release_buttons                        0x0800365e   Section        0  easycon_api.o(i.release_buttons)
    i.reset_hid_report                       0x08003662   Section        0  easycon_api.o(i.reset_hid_report)
    i.set_HAT_switch                         0x08003666   Section        0  easycon_api.o(i.set_HAT_switch)
    i.set_buttons                            0x0800366a   Section        0  easycon_api.o(i.set_buttons)
    i.set_left_stick                         0x0800366e   Section        0  easycon_api.o(i.set_left_stick)
    i.set_right_stick                        0x08003672   Section        0  easycon_api.o(i.set_right_stick)
    i.usbd_send                              0x08003678   Section        0  hid.o(i.usbd_send)
    .constdata                               0x080036d4   Section       18  usb_desc.o(.constdata)
    .constdata                               0x080036e6   Section       41  usb_desc.o(.constdata)
    .constdata                               0x0800370f   Section        4  usb_desc.o(.constdata)
    .constdata                               0x08003713   Section       16  usb_desc.o(.constdata)
    .constdata                               0x08003723   Section       46  usb_desc.o(.constdata)
    .constdata                               0x08003751   Section       86  usb_desc.o(.constdata)
    .data                                    0x20000000   Section       20  system_ch32f10x.o(.data)
    .data                                    0x20000014   Section       12  hid.o(.data)
    led_cnt                                  0x20000014   Data           4  hid.o(.data)
    .data                                    0x20000020   Section      968  easycon.o(.data)
    serial_command_ready                     0x20000020   Data           1  easycon.o(.data)
    auto_run                                 0x20000021   Data           1  easycon.o(.data)
    echo_ms                                  0x20000022   Data           1  easycon.o(.data)
    _ledflag                                 0x20000023   Data           1  easycon.o(.data)
    flash_index                              0x20000024   Data           2  easycon.o(.data)
    flash_count                              0x20000026   Data           2  easycon.o(.data)
    tail_wait                                0x20000028   Data           2  easycon.o(.data)
    serial_buffer_length                     0x2000002c   Data           4  easycon.o(.data)
    flash_addr                               0x20000030   Data           4  easycon.o(.data)
    script_addr                              0x20000034   Data           4  easycon.o(.data)
    script_eof                               0x20000038   Data           4  easycon.o(.data)
    timer_elapsed                            0x2000003c   Data           4  easycon.o(.data)
    timer_ms                                 0x20000040   Data           4  easycon.o(.data)
    wait_ms                                  0x20000044   Data           4  easycon.o(.data)
    mem                                      0x20000048   Data         928  easycon.o(.data)
    .data                                    0x200003e8   Section        8  flash.o(.data)
    .data                                    0x200003f0   Section        4  debug.o(.data)
    p_us                                     0x200003f0   Data           1  debug.o(.data)
    p_ms                                     0x200003f2   Data           2  debug.o(.data)
    .data                                    0x200003f4   Section        4  debug.o(.data)
    .data                                    0x200003f8   Section       20  ch32f10x_rcc.o(.data)
    ADCPrescTable                            0x200003f8   Data           4  ch32f10x_rcc.o(.data)
    APBAHBPrescTable                         0x200003fc   Data          16  ch32f10x_rcc.o(.data)
    .data                                    0x2000040c   Section        4  usb_core.o(.data)
    .data                                    0x20000410   Section        1  usb_init.o(.data)
    .data                                    0x20000414   Section       12  usb_init.o(.data)
    .data                                    0x20000420   Section        2  usb_init.o(.data)
    .data                                    0x20000422   Section        4  usb_int.o(.data)
    .data                                    0x20000426   Section       22  usb_desc.o(.data)
    .data                                    0x2000043c   Section        1  usb_endp.o(.data)
    .data                                    0x20000440   Section       12  usb_istr.o(.data)
    .data                                    0x2000044c   Section       28  usb_istr.o(.data)
    .data                                    0x20000468   Section       28  usb_istr.o(.data)
    .data                                    0x20000484   Section      120  usb_prop.o(.data)
    .data                                    0x200004fc   Section        2  usb_prop.o(.data)
    .data                                    0x20000500   Section       36  usb_prop.o(.data)
    .data                                    0x20000524   Section        4  usb_pwr.o(.data)
    .data                                    0x20000528   Section        1  usb_pwr.o(.data)
    .data                                    0x2000052c   Section        8  usb_pwr.o(.data)
    .bss                                     0x20000534   Section       64  usbd_compatibility_hid.o(.bss)
    .bss                                     0x20000574   Section      928  easycon_api.o(.bss)
    mem_backup                               0x20000574   Data         928  easycon_api.o(.bss)
    .bss                                     0x20000914   Section       28  usb_init.o(.bss)
    .bss                                     0x20000930   Section       32  usb_pwr.o(.bss)
    .bss                                     0x20000950   Section      228  rand.o(.bss)
    .bss                                     0x20000a34   Section       96  libspace.o(.bss)
    HEAP                                     0x20000a98   Section      512  startup_ch32f10x.o(HEAP)
    Heap_Mem                                 0x20000a98   Data         512  startup_ch32f10x.o(HEAP)
    STACK                                    0x20000c98   Section     1024  startup_ch32f10x.o(STACK)
    Stack_Mem                                0x20000c98   Data        1024  startup_ch32f10x.o(STACK)
    __initial_sp                             0x20001098   Data           0  startup_ch32f10x.o(STACK)

    Global Symbols

    Symbol Name                              Value     Ov Type        Size  Object(Section)

    BuildAttributes$$THM_ISAv4$P$D$K$B$S$PE$A:L22UL41UL21$X:L11$S22US41US21$IEEE1$IW$USESV6$~STKCKD$USESV7$~SHL$OSPACE$ROPI$EBA8$UX$STANDARDLIB$REQ8$PRES8$EABIv2 0x00000000   Number         0  anon$$obj.o ABSOLUTE
    __ARM_use_no_argv                        0x00000000   Number         0  main.o ABSOLUTE
    __ARM_exceptions_init                     - Undefined Weak Reference
    __alloca_initialize                       - Undefined Weak Reference
    __arm_fini_                               - Undefined Weak Reference
    __arm_preinit_                            - Undefined Weak Reference
    __cpp_initialize__aeabi_                  - Undefined Weak Reference
    __cxa_finalize                            - Undefined Weak Reference
    __rt_locale                               - Undefined Weak Reference
    __sigvec_lookup                           - Undefined Weak Reference
    _atexit_init                              - Undefined Weak Reference
    _call_atexit_fns                          - Undefined Weak Reference
    _clock_init                               - Undefined Weak Reference
    _fp_trap_init                             - Undefined Weak Reference
    _fp_trap_shutdown                         - Undefined Weak Reference
    _get_lc_collate                           - Undefined Weak Reference
    _get_lc_ctype                             - Undefined Weak Reference
    _get_lc_monetary                          - Undefined Weak Reference
    _get_lc_numeric                           - Undefined Weak Reference
    _get_lc_time                              - Undefined Weak Reference
    _getenv_init                              - Undefined Weak Reference
    _handle_redirection                       - Undefined Weak Reference
    _init_alloc                               - Undefined Weak Reference
    _init_user_alloc                          - Undefined Weak Reference
    _initio                                   - Undefined Weak Reference
    _mutex_acquire                            - Undefined Weak Reference
    _mutex_release                            - Undefined Weak Reference
    _printf_post_padding                      - Undefined Weak Reference
    _printf_pre_padding                       - Undefined Weak Reference
    _printf_truncate_signed                   - Undefined Weak Reference
    _printf_truncate_unsigned                 - Undefined Weak Reference
    _signal_finish                            - Undefined Weak Reference
    _signal_init                              - Undefined Weak Reference
    _terminate_alloc                          - Undefined Weak Reference
    _terminate_user_alloc                     - Undefined Weak Reference
    _terminateio                              - Undefined Weak Reference
    __Vectors_Size                           0x000000f0   Number         0  startup_ch32f10x.o ABSOLUTE
    __Vectors                                0x08000000   Data           4  startup_ch32f10x.o(RESET)
    __Vectors_End                            0x080000f0   Data           0  startup_ch32f10x.o(RESET)
    __main                                   0x080000f1   Thumb Code     8  __main.o(!!!main)
    __scatterload                            0x080000f9   Thumb Code     0  __scatter.o(!!!scatter)
    __scatterload_rt2                        0x080000f9   Thumb Code    44  __scatter.o(!!!scatter)
    __scatterload_rt2_thumb_only             0x080000f9   Thumb Code     0  __scatter.o(!!!scatter)
    __scatterload_null                       0x08000107   Thumb Code     0  __scatter.o(!!!scatter)
    __decompress                             0x0800012d   Thumb Code    90  __dczerorl2.o(!!dczerorl2)
    __decompress1                            0x0800012d   Thumb Code     0  __dczerorl2.o(!!dczerorl2)
    __scatterload_zeroinit                   0x08000189   Thumb Code    28  __scatter_zi.o(!!handler_zi)
    _printf_d                                0x080001a5   Thumb Code     0  _printf_d.o(.ARM.Collect$$_printf_percent$$00000009)
    _printf_percent                          0x080001a5   Thumb Code     0  _printf_percent.o(.ARM.Collect$$_printf_percent$$00000000)
    _printf_percent_end                      0x080001ab   Thumb Code     0  _printf_percent_end.o(.ARM.Collect$$_printf_percent$$00000017)
    __rt_lib_init                            0x080001af   Thumb Code     0  libinit.o(.ARM.Collect$$libinit$$00000000)
    __rt_lib_init_fp_1                       0x080001b1   Thumb Code     0  libinit2.o(.ARM.Collect$$libinit$$00000002)
    __rt_lib_init_heap_1                     0x080001b1   Thumb Code     0  libinit2.o(.ARM.Collect$$libinit$$0000000A)
    __rt_lib_init_preinit_1                  0x080001b1   Thumb Code     0  libinit2.o(.ARM.Collect$$libinit$$00000004)
    __rt_lib_init_rand_2                     0x080001b1   Thumb Code     0  libinit2.o(.ARM.Collect$$libinit$$0000000D)
    __rt_lib_init_user_alloc_1               0x080001b1   Thumb Code     0  libinit2.o(.ARM.Collect$$libinit$$0000000C)
    __rt_lib_init_alloca_1                   0x080001b5   Thumb Code     0  libinit2.o(.ARM.Collect$$libinit$$0000002E)
    __rt_lib_init_argv_1                     0x080001b5   Thumb Code     0  libinit2.o(.ARM.Collect$$libinit$$0000002C)
    __rt_lib_init_atexit_1                   0x080001b5   Thumb Code     0  libinit2.o(.ARM.Collect$$libinit$$0000001B)
    __rt_lib_init_clock_1                    0x080001b5   Thumb Code     0  libinit2.o(.ARM.Collect$$libinit$$00000021)
    __rt_lib_init_cpp_1                      0x080001b5   Thumb Code     0  libinit2.o(.ARM.Collect$$libinit$$00000032)
    __rt_lib_init_exceptions_1               0x080001b5   Thumb Code     0  libinit2.o(.ARM.Collect$$libinit$$00000030)
    __rt_lib_init_fp_trap_1                  0x080001b5   Thumb Code     0  libinit2.o(.ARM.Collect$$libinit$$0000001F)
    __rt_lib_init_getenv_1                   0x080001b5   Thumb Code     0  libinit2.o(.ARM.Collect$$libinit$$00000023)
    __rt_lib_init_lc_collate_1               0x080001b5   Thumb Code     0  libinit2.o(.ARM.Collect$$libinit$$00000011)
    __rt_lib_init_lc_ctype_1                 0x080001b5   Thumb Code     0  libinit2.o(.ARM.Collect$$libinit$$00000013)
    __rt_lib_init_lc_monetary_1              0x080001b5   Thumb Code     0  libinit2.o(.ARM.Collect$$libinit$$00000015)
    __rt_lib_init_lc_numeric_1               0x080001b5   Thumb Code     0  libinit2.o(.ARM.Collect$$libinit$$00000017)
    __rt_lib_init_lc_time_1                  0x080001b5   Thumb Code     0  libinit2.o(.ARM.Collect$$libinit$$00000019)
    __rt_lib_init_rand_1                     0x080001b5   Thumb Code     0  libinit2.o(.ARM.Collect$$libinit$$0000000E)
    __rt_lib_init_return                     0x080001b5   Thumb Code     0  libinit2.o(.ARM.Collect$$libinit$$00000033)
    __rt_lib_init_signal_1                   0x080001b5   Thumb Code     0  libinit2.o(.ARM.Collect$$libinit$$0000001D)
    __rt_lib_init_stdio_1                    0x080001b5   Thumb Code     0  libinit2.o(.ARM.Collect$$libinit$$00000025)
    __rt_lib_shutdown                        0x080001b7   Thumb Code     0  libshutdown.o(.ARM.Collect$$libshutdown$$00000000)
    __rt_lib_shutdown_cpp_1                  0x080001b9   Thumb Code     0  libshutdown2.o(.ARM.Collect$$libshutdown$$00000004)
    __rt_lib_shutdown_fini_1                 0x080001b9   Thumb Code     0  libshutdown2.o(.ARM.Collect$$libshutdown$$00000002)
    __rt_lib_shutdown_fp_trap_1              0x080001b9   Thumb Code     0  libshutdown2.o(.ARM.Collect$$libshutdown$$00000009)
    __rt_lib_shutdown_heap_1                 0x080001b9   Thumb Code     0  libshutdown2.o(.ARM.Collect$$libshutdown$$00000011)
    __rt_lib_shutdown_return                 0x080001b9   Thumb Code     0  libshutdown2.o(.ARM.Collect$$libshutdown$$00000012)
    __rt_lib_shutdown_signal_1               0x080001b9   Thumb Code     0  libshutdown2.o(.ARM.Collect$$libshutdown$$0000000C)
    __rt_lib_shutdown_stdio_1                0x080001b9   Thumb Code     0  libshutdown2.o(.ARM.Collect$$libshutdown$$00000006)
    __rt_lib_shutdown_user_alloc_1           0x080001b9   Thumb Code     0  libshutdown2.o(.ARM.Collect$$libshutdown$$0000000E)
    __rt_entry                               0x080001bb   Thumb Code     0  __rtentry.o(.ARM.Collect$$rtentry$$00000000)
    __rt_entry_presh_1                       0x080001bb   Thumb Code     0  __rtentry2.o(.ARM.Collect$$rtentry$$00000002)
    __rt_entry_sh                            0x080001bb   Thumb Code     0  __rtentry4.o(.ARM.Collect$$rtentry$$00000004)
    __rt_entry_li                            0x080001c1   Thumb Code     0  __rtentry2.o(.ARM.Collect$$rtentry$$0000000A)
    __rt_entry_postsh_1                      0x080001c1   Thumb Code     0  __rtentry2.o(.ARM.Collect$$rtentry$$00000009)
    __rt_entry_main                          0x080001c5   Thumb Code     0  __rtentry2.o(.ARM.Collect$$rtentry$$0000000D)
    __rt_entry_postli_1                      0x080001c5   Thumb Code     0  __rtentry2.o(.ARM.Collect$$rtentry$$0000000C)
    __rt_exit                                0x080001cd   Thumb Code     0  rtexit.o(.ARM.Collect$$rtexit$$00000000)
    __rt_exit_ls                             0x080001cf   Thumb Code     0  rtexit2.o(.ARM.Collect$$rtexit$$00000003)
    __rt_exit_prels_1                        0x080001cf   Thumb Code     0  rtexit2.o(.ARM.Collect$$rtexit$$00000002)
    __rt_exit_exit                           0x080001d3   Thumb Code     0  rtexit2.o(.ARM.Collect$$rtexit$$00000004)
    rand                                     0x080001d9   Thumb Code    48  rand.o(.emb_text)
    Reset_Handler                            0x0800020d   Thumb Code     8  startup_ch32f10x.o(.text)
    ADC1_2_IRQHandler                        0x08000227   Thumb Code     0  startup_ch32f10x.o(.text)
    CAN1_RX1_IRQHandler                      0x08000227   Thumb Code     0  startup_ch32f10x.o(.text)
    CAN1_SCE_IRQHandler                      0x08000227   Thumb Code     0  startup_ch32f10x.o(.text)
    DMA1_Channel1_IRQHandler                 0x08000227   Thumb Code     0  startup_ch32f10x.o(.text)
    DMA1_Channel2_IRQHandler                 0x08000227   Thumb Code     0  startup_ch32f10x.o(.text)
    DMA1_Channel3_IRQHandler                 0x08000227   Thumb Code     0  startup_ch32f10x.o(.text)
    DMA1_Channel4_IRQHandler                 0x08000227   Thumb Code     0  startup_ch32f10x.o(.text)
    DMA1_Channel5_IRQHandler                 0x08000227   Thumb Code     0  startup_ch32f10x.o(.text)
    DMA1_Channel6_IRQHandler                 0x08000227   Thumb Code     0  startup_ch32f10x.o(.text)
    DMA1_Channel7_IRQHandler                 0x08000227   Thumb Code     0  startup_ch32f10x.o(.text)
    EXTI0_IRQHandler                         0x08000227   Thumb Code     0  startup_ch32f10x.o(.text)
    EXTI15_10_IRQHandler                     0x08000227   Thumb Code     0  startup_ch32f10x.o(.text)
    EXTI1_IRQHandler                         0x08000227   Thumb Code     0  startup_ch32f10x.o(.text)
    EXTI2_IRQHandler                         0x08000227   Thumb Code     0  startup_ch32f10x.o(.text)
    EXTI3_IRQHandler                         0x08000227   Thumb Code     0  startup_ch32f10x.o(.text)
    EXTI4_IRQHandler                         0x08000227   Thumb Code     0  startup_ch32f10x.o(.text)
    EXTI9_5_IRQHandler                       0x08000227   Thumb Code     0  startup_ch32f10x.o(.text)
    FLASH_IRQHandler                         0x08000227   Thumb Code     0  startup_ch32f10x.o(.text)
    I2C1_ER_IRQHandler                       0x08000227   Thumb Code     0  startup_ch32f10x.o(.text)
    I2C1_EV_IRQHandler                       0x08000227   Thumb Code     0  startup_ch32f10x.o(.text)
    I2C2_ER_IRQHandler                       0x08000227   Thumb Code     0  startup_ch32f10x.o(.text)
    I2C2_EV_IRQHandler                       0x08000227   Thumb Code     0  startup_ch32f10x.o(.text)
    PVD_IRQHandler                           0x08000227   Thumb Code     0  startup_ch32f10x.o(.text)
    RCC_IRQHandler                           0x08000227   Thumb Code     0  startup_ch32f10x.o(.text)
    RTCAlarm_IRQHandler                      0x08000227   Thumb Code     0  startup_ch32f10x.o(.text)
    RTC_IRQHandler                           0x08000227   Thumb Code     0  startup_ch32f10x.o(.text)
    SPI1_IRQHandler                          0x08000227   Thumb Code     0  startup_ch32f10x.o(.text)
    SPI2_IRQHandler                          0x08000227   Thumb Code     0  startup_ch32f10x.o(.text)
    TAMPER_IRQHandler                        0x08000227   Thumb Code     0  startup_ch32f10x.o(.text)
    TIM1_BRK_IRQHandler                      0x08000227   Thumb Code     0  startup_ch32f10x.o(.text)
    TIM1_CC_IRQHandler                       0x08000227   Thumb Code     0  startup_ch32f10x.o(.text)
    TIM1_TRG_COM_IRQHandler                  0x08000227   Thumb Code     0  startup_ch32f10x.o(.text)
    TIM1_UP_IRQHandler                       0x08000227   Thumb Code     0  startup_ch32f10x.o(.text)
    TIM3_IRQHandler                          0x08000227   Thumb Code     0  startup_ch32f10x.o(.text)
    TIM4_IRQHandler                          0x08000227   Thumb Code     0  startup_ch32f10x.o(.text)
    USART2_IRQHandler                        0x08000227   Thumb Code     0  startup_ch32f10x.o(.text)
    USART3_IRQHandler                        0x08000227   Thumb Code     0  startup_ch32f10x.o(.text)
    USBHD_IRQHandler                         0x08000227   Thumb Code     0  startup_ch32f10x.o(.text)
    USB_HP_CAN1_TX_IRQHandler                0x08000227   Thumb Code     0  startup_ch32f10x.o(.text)
    WWDG_IRQHandler                          0x08000227   Thumb Code     0  startup_ch32f10x.o(.text)
    __user_initial_stackheap                 0x08000229   Thumb Code     0  startup_ch32f10x.o(.text)
    __2printf                                0x0800024d   Thumb Code    20  noretval__2printf.o(.text)
    __printf                                 0x08000265   Thumb Code   104  __printf.o(.text)
    _printf_int_dec                          0x080002cd   Thumb Code   104  _printf_dec.o(.text)
    srand                                    0x08000345   Thumb Code    42  rand.o(.text)
    _rand_init                               0x0800036f   Thumb Code     4  rand.o(.text)
    __aeabi_memclr                           0x08000381   Thumb Code     0  rt_memclr.o(.text)
    __rt_memclr                              0x08000381   Thumb Code    68  rt_memclr.o(.text)
    _memset                                  0x08000385   Thumb Code     0  rt_memclr.o(.text)
    __aeabi_memclr4                          0x080003c5   Thumb Code     0  rt_memclr_w.o(.text)
    __aeabi_memclr8                          0x080003c5   Thumb Code     0  rt_memclr_w.o(.text)
    __rt_memclr_w                            0x080003c5   Thumb Code    78  rt_memclr_w.o(.text)
    _memset_w                                0x080003c9   Thumb Code     0  rt_memclr_w.o(.text)
    __use_two_region_memory                  0x08000413   Thumb Code     2  heapauxi.o(.text)
    __rt_heap_escrow$2region                 0x08000415   Thumb Code     2  heapauxi.o(.text)
    __rt_heap_expand$2region                 0x08000417   Thumb Code     2  heapauxi.o(.text)
    _printf_int_common                       0x08000419   Thumb Code   178  _printf_intcommon.o(.text)
    _printf_char_file                        0x080004cd   Thumb Code    32  _printf_char_file.o(.text)
    _printf_char_common                      0x080004fb   Thumb Code    32  _printf_char_common.o(.text)
    ferror                                   0x08000521   Thumb Code     8  ferror.o(.text)
    __user_setup_stackheap                   0x08000529   Thumb Code    74  sys_stackheap_outer.o(.text)
    exit                                     0x08000573   Thumb Code    18  exit.o(.text)
    __user_libspace                          0x08000585   Thumb Code     8  libspace.o(.text)
    __user_perproc_libspace                  0x08000585   Thumb Code     0  libspace.o(.text)
    __user_perthread_libspace                0x08000585   Thumb Code     0  libspace.o(.text)
    __I$use$semihosting                      0x0800058d   Thumb Code     0  use_no_semi.o(.text)
    __use_no_semihosting_swi                 0x0800058d   Thumb Code     2  use_no_semi.o(.text)
    __semihosting_library_function           0x0800058f   Thumb Code     0  indicate_semi.o(.text)
    _sys_exit                                0x08000591   Thumb Code     8  sys_exit.o(.text)
    BusFault_Handler                         0x0800059d   Thumb Code     2  ch32f10x_it.o(i.BusFault_Handler)
    ByteSwap                                 0x0800059f   Thumb Code    10  usb_regs.o(i.ByteSwap)
    CTR_LP                                   0x080005a9   Thumb Code   614  usb_int.o(i.CTR_LP)
    ClearDTOG_RX                             0x0800082d   Thumb Code    36  usb_regs.o(i.ClearDTOG_RX)
    ClearDTOG_TX                             0x08000855   Thumb Code    36  usb_regs.o(i.ClearDTOG_TX)
    Clear_Status_Out                         0x0800087d   Thumb Code    28  usb_regs.o(i.Clear_Status_Out)
    DebugMon_Handler                         0x08000bad   Thumb Code     2  ch32f10x_it.o(i.DebugMon_Handler)
    Delay_Init                               0x08000bb1   Thumb Code    46  debug.o(i.Delay_Init)
    Delay_Ms                                 0x08000bed   Thumb Code    46  debug.o(i.Delay_Ms)
    EP1_IN_Callback                          0x08000c21   Thumb Code     8  usb_endp.o(i.EP1_IN_Callback)
    EXTI_ClearITPendingBit                   0x08000c2d   Thumb Code     6  ch32f10x_exti.o(i.EXTI_ClearITPendingBit)
    EXTI_Init                                0x08000c39   Thumb Code   110  ch32f10x_exti.o(i.EXTI_Init)
    EasyCon_blink_led                        0x08000cad   Thumb Code     2  easycon_api.o(i.EasyCon_blink_led)
    EasyCon_need_send_report                 0x08000cb1   Thumb Code    16  easycon.o(i.EasyCon_need_send_report)
    EasyCon_read_byte                        0x08000cc5   Thumb Code     6  easycon_api.o(i.EasyCon_read_byte)
    EasyCon_report_send_callback             0x08000ccd   Thumb Code    48  easycon.o(i.EasyCon_report_send_callback)
    EasyCon_runningLED_off                   0x08000d01   Thumb Code     4  easycon_api.o(i.EasyCon_runningLED_off)
    EasyCon_runningLED_on                    0x08000d05   Thumb Code     4  easycon_api.o(i.EasyCon_runningLED_on)
    EasyCon_script_init                      0x08000d09   Thumb Code   332  easycon.o(i.EasyCon_script_init)
    EasyCon_script_start                     0x08000e59   Thumb Code   116  easycon.o(i.EasyCon_script_start)
    EasyCon_script_stop                      0x08000ed1   Thumb Code    36  easycon.o(i.EasyCon_script_stop)
    EasyCon_script_task                      0x08000ef9   Thumb Code  2194  easycon.o(i.EasyCon_script_task)
    EasyCon_script_tick                      0x08001795   Thumb Code    32  easycon.o(i.EasyCon_script_tick)
    EasyCon_serial_send                      0x080017b9   Thumb Code    18  easycon_api.o(i.EasyCon_serial_send)
    EasyCon_serial_task                      0x080017d1   Thumb Code   582  easycon.o(i.EasyCon_serial_task)
    EasyCon_tick                             0x08001a1d   Thumb Code    24  easycon.o(i.EasyCon_tick)
    EasyCon_write_data                       0x08001a39   Thumb Code    12  easycon_api.o(i.EasyCon_write_data)
    EasyCon_write_end                        0x08001a45   Thumb Code     4  easycon_api.o(i.EasyCon_write_end)
    EasyCon_write_start                      0x08001a49   Thumb Code    94  easycon_api.o(i.EasyCon_write_start)
    Enter_LowPowerMode                       0x08001ab1   Thumb Code    16  hw_config.o(i.Enter_LowPowerMode)
    FLASH_ClearFlag                          0x08001ae1   Thumb Code     6  ch32f10x_flash.o(i.FLASH_ClearFlag)
    FLASH_ErasePage                          0x08001aed   Thumb Code    54  ch32f10x_flash.o(i.FLASH_ErasePage)
    FLASH_GetBank1Status                     0x08001b29   Thumb Code    34  ch32f10x_flash.o(i.FLASH_GetBank1Status)
    FLASH_Lock                               0x08001b51   Thumb Code    12  ch32f10x_flash.o(i.FLASH_Lock)
    FLASH_ProgramHalfWord                    0x08001b61   Thumb Code    48  ch32f10x_flash.o(i.FLASH_ProgramHalfWord)
    FLASH_Unlock                             0x08001b95   Thumb Code    12  ch32f10x_flash.o(i.FLASH_Unlock)
    FLASH_WaitForLastOperation               0x08001bad   Thumb Code    32  ch32f10x_flash.o(i.FLASH_WaitForLastOperation)
    GPIO_Init                                0x08001bcd   Thumb Code   166  ch32f10x_gpio.o(i.GPIO_Init)
    GPIO_ResetBits                           0x08001c73   Thumb Code     4  ch32f10x_gpio.o(i.GPIO_ResetBits)
    GPIO_SetBits                             0x08001c77   Thumb Code     4  ch32f10x_gpio.o(i.GPIO_SetBits)
    GetEPRxAddr                              0x08001c7d   Thumb Code    22  usb_regs.o(i.GetEPRxAddr)
    GetEPTxAddr                              0x08001c9d   Thumb Code    20  usb_regs.o(i.GetEPTxAddr)
    HIDInit                                  0x08001cb9   Thumb Code    18  hid.o(i.HIDInit)
    HIDTask                                  0x08001cd1   Thumb Code     4  hid.o(i.HIDTask)
    HID_Get_Idle                             0x08001cd5   Thumb Code    20  usb_prop.o(i.HID_Get_Idle)
    HID_Get_Protocol                         0x08001cf1   Thumb Code    20  usb_prop.o(i.HID_Get_Protocol)
    HID_Get_Report                           0x08001d0d   Thumb Code    18  usb_prop.o(i.HID_Get_Report)
    HID_Set_Report                           0x08001d25   Thumb Code    18  usb_prop.o(i.HID_Set_Report)
    HardFault_Handler                        0x08001d3d   Thumb Code     2  ch32f10x_it.o(i.HardFault_Handler)
    In0_Process                              0x08001d41   Thumb Code    82  usb_core.o(i.In0_Process)
    Leave_LowPowerMode                       0x08001da1   Thumb Code    28  hw_config.o(i.Leave_LowPowerMode)
    MemManage_Handler                        0x08001de1   Thumb Code     2  ch32f10x_it.o(i.MemManage_Handler)
    NMI_Handler                              0x08001de3   Thumb Code     2  ch32f10x_it.o(i.NMI_Handler)
    NOP_Process                              0x08001de5   Thumb Code     2  usb_core.o(i.NOP_Process)
    NVIC_Init                                0x08001de9   Thumb Code    96  ch32f10x_misc.o(i.NVIC_Init)
    NVIC_PriorityGroupConfig                 0x08001e4d   Thumb Code    10  ch32f10x_misc.o(i.NVIC_PriorityGroupConfig)
    Out0_Process                             0x08001f41   Thumb Code    68  usb_core.o(i.Out0_Process)
    PMAToUserBufferCopy                      0x08001f8d   Thumb Code    30  usb_mem.o(i.PMAToUserBufferCopy)
    PendSV_Handler                           0x08001fb1   Thumb Code     2  ch32f10x_it.o(i.PendSV_Handler)
    Post0_Process                            0x08001fb5   Thumb Code    48  usb_core.o(i.Post0_Process)
    PowerOn                                  0x08001ff5   Thumb Code    28  usb_pwr.o(i.PowerOn)
    PressButtons                             0x08002019   Thumb Code    10  hid.o(i.PressButtons)
    RCC_APB1PeriphClockCmd                   0x08002029   Thumb Code    22  ch32f10x_rcc.o(i.RCC_APB1PeriphClockCmd)
    RCC_APB2PeriphClockCmd                   0x08002045   Thumb Code    22  ch32f10x_rcc.o(i.RCC_APB2PeriphClockCmd)
    RCC_GetClocksFreq                        0x08002061   Thumb Code   170  ch32f10x_rcc.o(i.RCC_GetClocksFreq)
    RCC_USBCLKConfig                         0x08002121   Thumb Code     6  ch32f10x_rcc.o(i.RCC_USBCLKConfig)
    ReleaseButtons                           0x0800212d   Thumb Code    10  hid.o(i.ReleaseButtons)
    Report_Task                              0x0800213d   Thumb Code    28  hid.o(i.Report_Task)
    ResetReport                              0x0800215d   Thumb Code    26  hid.o(i.ResetReport)
    Resume                                   0x0800217d   Thumb Code   146  usb_pwr.o(i.Resume)
    Resume_Init                              0x08002219   Thumb Code    26  usb_pwr.o(i.Resume_Init)
    SVC_Handler                              0x08002239   Thumb Code     2  ch32f10x_it.o(i.SVC_Handler)
    SetBTABLE                                0x0800223d   Thumb Code    10  usb_regs.o(i.SetBTABLE)
    SetButtons                               0x0800224d   Thumb Code     6  hid.o(i.SetButtons)
    SetDeviceAddress                         0x08002259   Thumb Code    58  usb_core.o(i.SetDeviceAddress)
    SetEPRxAddr                              0x080022a1   Thumb Code    24  usb_regs.o(i.SetEPRxAddr)
    SetEPRxCount                             0x080022c1   Thumb Code    60  usb_regs.o(i.SetEPRxCount)
    SetEPRxStatus                            0x08002305   Thumb Code    64  usb_regs.o(i.SetEPRxStatus)
    SetEPRxValid                             0x08002349   Thumb Code    54  usb_regs.o(i.SetEPRxValid)
    SetEPTxAddr                              0x08002385   Thumb Code    22  usb_regs.o(i.SetEPTxAddr)
    SetEPTxCount                             0x080023a5   Thumb Code    20  usb_regs.o(i.SetEPTxCount)
    SetEPTxStatus                            0x080023c1   Thumb Code    64  usb_regs.o(i.SetEPTxStatus)
    SetEPType                                0x08002405   Thumb Code    24  usb_regs.o(i.SetEPType)
    SetHATSwitch                             0x08002421   Thumb Code     6  hid.o(i.SetHATSwitch)
    SetLeftStick                             0x0800242d   Thumb Code     8  hid.o(i.SetLeftStick)
    SetRightStick                            0x08002439   Thumb Code     8  hid.o(i.SetRightStick)
    Set_USBConfig                            0x080024f9   Thumb Code    20  hw_config.o(i.Set_USBConfig)
    Setup0_Process                           0x0800250d   Thumb Code   122  usb_core.o(i.Setup0_Process)
    Standard_ClearFeature                    0x08002595   Thumb Code   288  usb_core.o(i.Standard_ClearFeature)
    Standard_GetConfiguration                0x080026c9   Thumb Code    32  usb_core.o(i.Standard_GetConfiguration)
    Standard_GetDescriptorData               0x080026f1   Thumb Code    26  usb_core.o(i.Standard_GetDescriptorData)
    Standard_GetInterface                    0x08002711   Thumb Code    32  usb_core.o(i.Standard_GetInterface)
    Standard_GetStatus                       0x08002739   Thumb Code   172  usb_core.o(i.Standard_GetStatus)
    Standard_SetConfiguration                0x080027f5   Thumb Code    42  usb_core.o(i.Standard_SetConfiguration)
    Standard_SetDeviceFeature                0x0800282d   Thumb Code    26  usb_core.o(i.Standard_SetDeviceFeature)
    Standard_SetEndPointFeature              0x08002851   Thumb Code   168  usb_core.o(i.Standard_SetEndPointFeature)
    Standard_SetInterface                    0x08002909   Thumb Code    64  usb_core.o(i.Standard_SetInterface)
    Suspend                                  0x08002955   Thumb Code   116  usb_pwr.o(i.Suspend)
    SysTick_CLKSourceConfig                  0x080029d5   Thumb Code    28  ch32f10x_misc.o(i.SysTick_CLKSourceConfig)
    SysTick_Handler                          0x080029f1   Thumb Code     2  ch32f10x_it.o(i.SysTick_Handler)
    SystemInit                               0x080029f5   Thumb Code    64  system_ch32f10x.o(i.SystemInit)
    TIM2_IRQHandler                          0x08002a45   Thumb Code    18  usbd_compatibility_hid.o(i.TIM2_IRQHandler)
    TIM2_Init                                0x08002a57   Thumb Code    98  usbd_compatibility_hid.o(i.TIM2_Init)
    TIM_ClearITPendingBit                    0x08002ab9   Thumb Code     6  ch32f10x_tim.o(i.TIM_ClearITPendingBit)
    TIM_Cmd                                  0x08002abf   Thumb Code    24  ch32f10x_tim.o(i.TIM_Cmd)
    TIM_ITConfig                             0x08002ad7   Thumb Code    20  ch32f10x_tim.o(i.TIM_ITConfig)
    TIM_TimeBaseInit                         0x08002aed   Thumb Code    68  ch32f10x_tim.o(i.TIM_TimeBaseInit)
    USART1_IRQHandler                        0x08002b3d   Thumb Code    36  debug.o(i.USART1_IRQHandler)
    USART_Cmd                                0x08002b65   Thumb Code    24  ch32f10x_usart.o(i.USART_Cmd)
    USART_GetFlagStatus                      0x08002b7d   Thumb Code    14  ch32f10x_usart.o(i.USART_GetFlagStatus)
    USART_GetITStatus                        0x08002b8b   Thumb Code    60  ch32f10x_usart.o(i.USART_GetITStatus)
    USART_ITConfig                           0x08002bc7   Thumb Code    50  ch32f10x_usart.o(i.USART_ITConfig)
    USART_Init                               0x08002bf9   Thumb Code   182  ch32f10x_usart.o(i.USART_Init)
    USART_Printf_Init                        0x08002cb5   Thumb Code   138  debug.o(i.USART_Printf_Init)
    USART_ReceiveData                        0x08002d49   Thumb Code     8  ch32f10x_usart.o(i.USART_ReceiveData)
    USART_SendData                           0x08002d51   Thumb Code     8  ch32f10x_usart.o(i.USART_SendData)
    USBD_ClearFeature                        0x08002d59   Thumb Code    12  usb_prop.o(i.USBD_ClearFeature)
    USBD_Data_Setup                          0x08002d69   Thumb Code   126  usb_prop.o(i.USBD_Data_Setup)
    USBD_ENDPx_DataUp                        0x08002e05   Thumb Code    40  usb_endp.o(i.USBD_ENDPx_DataUp)
    USBD_GetConfigDescriptor                 0x08002e31   Thumb Code     6  usb_prop.o(i.USBD_GetConfigDescriptor)
    USBD_GetDeviceDescriptor                 0x08002e3d   Thumb Code     6  usb_prop.o(i.USBD_GetDeviceDescriptor)
    USBD_GetHidDescriptor                    0x08002e49   Thumb Code    24  usb_prop.o(i.USBD_GetHidDescriptor)
    USBD_GetReportDescriptor                 0x08002e69   Thumb Code    24  usb_prop.o(i.USBD_GetReportDescriptor)
    USBD_GetStringDescriptor                 0x08002e89   Thumb Code    24  usb_prop.o(i.USBD_GetStringDescriptor)
    USBD_Get_Interface_Setting               0x08002ea9   Thumb Code    20  usb_prop.o(i.USBD_Get_Interface_Setting)
    USBD_NoData_Setup                        0x08002ebd   Thumb Code    66  usb_prop.o(i.USBD_NoData_Setup)
    USBD_Reset                               0x08002f09   Thumb Code   268  usb_prop.o(i.USBD_Reset)
    USBD_SetConfiguration                    0x08003029   Thumb Code    16  usb_prop.o(i.USBD_SetConfiguration)
    USBD_SetDeviceAddress                    0x08003041   Thumb Code     8  usb_prop.o(i.USBD_SetDeviceAddress)
    USBD_SetDeviceFeature                    0x0800304d   Thumb Code    12  usb_prop.o(i.USBD_SetDeviceFeature)
    USBD_Status_In                           0x0800305d   Thumb Code     2  usb_prop.o(i.USBD_Status_In)
    USBD_Status_Out                          0x0800305f   Thumb Code     2  usb_prop.o(i.USBD_Status_Out)
    USBD_init                                0x08003061   Thumb Code    84  usb_prop.o(i.USBD_init)
    USBWakeUp_IRQHandler                     0x080030c5   Thumb Code     8  hw_config.o(i.USBWakeUp_IRQHandler)
    USB_Init                                 0x080030cd   Thumb Code    22  usb_init.o(i.USB_Init)
    USB_Interrupts_Config                    0x080030f5   Thumb Code    80  hw_config.o(i.USB_Interrupts_Config)
    USB_Istr                                 0x08003145   Thumb Code   322  usb_istr.o(i.USB_Istr)
    USB_LP_CAN1_RX0_IRQHandler               0x080032a1   Thumb Code     4  hw_config.o(i.USB_LP_CAN1_RX0_IRQHandler)
    USB_Port_Set                             0x080032a5   Thumb Code   118  hw_config.o(i.USB_Port_Set)
    USB_SIL_Init                             0x08003329   Thumb Code    24  usb_sil.o(i.USB_SIL_Init)
    USB_SIL_Write                            0x08003349   Thumb Code    38  usb_sil.o(i.USB_SIL_Write)
    UsageFault_Handler                       0x0800336f   Thumb Code     2  ch32f10x_it.o(i.UsageFault_Handler)
    UserToPMABufferCopy                      0x08003371   Thumb Code    38  usb_mem.o(i.UserToPMABufferCopy)
    flash_ecScript_read                      0x08003411   Thumb Code    24  flash.o(i.flash_ecScript_read)
    flash_ecScript_read8B                    0x0800342d   Thumb Code     6  flash.o(i.flash_ecScript_read8B)
    flash_ecScript_write8B                   0x08003439   Thumb Code   136  flash.o(i.flash_ecScript_write8B)
    flash_write16B                           0x080034c9   Thumb Code    16  flash.o(i.flash_write16B)
    flash_writeErase                         0x080034dd   Thumb Code    68  flash.o(i.flash_writeErase)
    flash_writeLock                          0x08003545   Thumb Code    22  flash.o(i.flash_writeLock)
    flash_writeUnlock                        0x08003561   Thumb Code    26  flash.o(i.flash_writeUnlock)
    fputc                                    0x08003581   Thumb Code    30  debug.o(i.fputc)
    ledb_off                                 0x080035a5   Thumb Code    10  led.o(i.ledb_off)
    ledb_on                                  0x080035b5   Thumb Code    10  led.o(i.ledb_on)
    ledb_test                                0x080035c5   Thumb Code    76  led.o(i.ledb_test)
    main                                     0x08003615   Thumb Code    70  main.o(i.main)
    press_buttons                            0x0800365b   Thumb Code     4  easycon_api.o(i.press_buttons)
    release_buttons                          0x0800365f   Thumb Code     4  easycon_api.o(i.release_buttons)
    reset_hid_report                         0x08003663   Thumb Code     4  easycon_api.o(i.reset_hid_report)
    set_HAT_switch                           0x08003667   Thumb Code     4  easycon_api.o(i.set_HAT_switch)
    set_buttons                              0x0800366b   Thumb Code     4  easycon_api.o(i.set_buttons)
    set_left_stick                           0x0800366f   Thumb Code     4  easycon_api.o(i.set_left_stick)
    set_right_stick                          0x08003673   Thumb Code     4  easycon_api.o(i.set_right_stick)
    usbd_send                                0x08003679   Thumb Code    80  hid.o(i.usbd_send)
    USBD_DeviceDescriptor                    0x080036d4   Data          18  usb_desc.o(.constdata)
    USBD_ConfigDescriptor                    0x080036e6   Data          41  usb_desc.o(.constdata)
    USBD_StringLangID                        0x0800370f   Data           4  usb_desc.o(.constdata)
    USBD_StringVendor                        0x08003713   Data          16  usb_desc.o(.constdata)
    USBD_StringProduct                       0x08003723   Data          46  usb_desc.o(.constdata)
    USBD_HidRepDesc                          0x08003751   Data          86  usb_desc.o(.constdata)
    Region$$Table$$Base                      0x080037a8   Number         0  anon$$obj.o(Region$$Table)
    Region$$Table$$Limit                     0x080037c8   Number         0  anon$$obj.o(Region$$Table)
    SystemCoreClock                          0x20000000   Data           4  system_ch32f10x.o(.data)
    AHBPrescTable                            0x20000004   Data          16  system_ch32f10x.o(.data)
    next_report                              0x20000018   Data           8  hid.o(.data)
    fl_LockState_Flag                        0x200003e8   Data           1  flash.o(.data)
    FLASHStatus                              0x200003e9   Data           1  flash.o(.data)
    fl_ecScWrite_Addr                        0x200003ec   Data           4  flash.o(.data)
    __stdout                                 0x200003f4   Data           4  debug.o(.data)
    Data_Mul_MaxPacketSize                   0x2000040c   Data           1  usb_core.o(.data)
    StatusInfo                               0x2000040e   Data           2  usb_core.o(.data)
    EPindex                                  0x20000410   Data           1  usb_init.o(.data)
    pInformation                             0x20000414   Data           4  usb_init.o(.data)
    pProperty                                0x20000418   Data           4  usb_init.o(.data)
    pUser_Standard_Requests                  0x2000041c   Data           4  usb_init.o(.data)
    wInterrupt_Mask                          0x20000420   Data           2  usb_init.o(.data)
    SaveRState                               0x20000422   Data           2  usb_int.o(.data)
    SaveTState                               0x20000424   Data           2  usb_int.o(.data)
    USBD_StringSerial                        0x20000426   Data          22  usb_desc.o(.data)
    USBD_Endp1_Busy                          0x2000043c   Data           1  usb_endp.o(.data)
    bIntPackSOF                              0x20000440   Data           1  usb_istr.o(.data)
    wIstr                                    0x20000442   Data           2  usb_istr.o(.data)
    esof_counter                             0x20000444   Data           4  usb_istr.o(.data)
    wCNTR                                    0x20000448   Data           4  usb_istr.o(.data)
    pEpInt_IN                                0x2000044c   Data          28  usb_istr.o(.data)
    pEpInt_OUT                               0x20000468   Data          28  usb_istr.o(.data)
    USBD_Sleep_Status                        0x20000484   Data           1  usb_prop.o(.data)
    HID_Idle_Value                           0x20000485   Data           2  usb_prop.o(.data)
    HID_Protocol_Value                       0x20000487   Data           2  usb_prop.o(.data)
    Device_Descriptor                        0x2000048c   Data           8  usb_prop.o(.data)
    Config_Descriptor                        0x20000494   Data           8  usb_prop.o(.data)
    Report_Descriptor                        0x2000049c   Data           8  usb_prop.o(.data)
    Hid_Descriptor                           0x200004a4   Data           8  usb_prop.o(.data)
    Device_Property                          0x200004ac   Data          48  usb_prop.o(.data)
    String_Descriptor                        0x200004dc   Data          32  usb_prop.o(.data)
    Device_Table                             0x200004fc   Data           2  usb_prop.o(.data)
    User_Standard_Requests                   0x20000500   Data          36  usb_prop.o(.data)
    bDeviceState                             0x20000524   Data           4  usb_pwr.o(.data)
    fSuspendEnabled                          0x20000528   Data           1  usb_pwr.o(.data)
    ResumeS                                  0x2000052c   Data           2  usb_pwr.o(.data)
    remotewakeupon                           0x20000530   Data           4  usb_pwr.o(.data)
    HIDTxBuffer                              0x20000534   Data          64  usbd_compatibility_hid.o(.bss)
    Device_Info                              0x20000914   Data          28  usb_init.o(.bss)
    EP                                       0x20000930   Data          32  usb_pwr.o(.bss)
    _random_number_data                      0x20000950   Data         228  rand.o(.bss)
    __libspace_start                         0x20000a34   Data          96  libspace.o(.bss)
    __temporary_stack_top$libspace           0x20000a94   Data           0  libspace.o(.bss)



==============================================================================

Memory Map of the image

  Image Entry point : 0x080000f1

  Load Region LR_IROM1 (Base: 0x08000000, Size: 0x00003cfc, Max: 0x00010000, ABSOLUTE, COMPRESSED[0x00003884])

    Execution Region ER_IROM1 (Exec base: 0x08000000, Load base: 0x08000000, Size: 0x000037c8, Max: 0x00010000, ABSOLUTE)

    Exec Addr    Load Addr    Size         Type   Attr      Idx    E Section Name        Object

    0x08000000   0x08000000   0x000000f0   Data   RO          674    RESET               startup_ch32f10x.o
    0x080000f0   0x080000f0   0x00000008   Code   RO         4332  * !!!main             c_w.l(__main.o)
    0x080000f8   0x080000f8   0x00000034   Code   RO         4506    !!!scatter          c_w.l(__scatter.o)
    0x0800012c   0x0800012c   0x0000005a   Code   RO         4504    !!dczerorl2         c_w.l(__dczerorl2.o)
    0x08000186   0x08000186   0x00000002   PAD
    0x08000188   0x08000188   0x0000001c   Code   RO         4508    !!handler_zi        c_w.l(__scatter_zi.o)
    0x080001a4   0x080001a4   0x00000000   Code   RO         4320    .ARM.Collect$$_printf_percent$$00000000  c_w.l(_printf_percent.o)
    0x080001a4   0x080001a4   0x00000006   Code   RO         4319    .ARM.Collect$$_printf_percent$$00000009  c_w.l(_printf_d.o)
    0x080001aa   0x080001aa   0x00000004   Code   RO         4339    .ARM.Collect$$_printf_percent$$00000017  c_w.l(_printf_percent_end.o)
    0x080001ae   0x080001ae   0x00000002   Code   RO         4425    .ARM.Collect$$libinit$$00000000  c_w.l(libinit.o)
    0x080001b0   0x080001b0   0x00000000   Code   RO         4341    .ARM.Collect$$libinit$$00000002  c_w.l(libinit2.o)
    0x080001b0   0x080001b0   0x00000000   Code   RO         4343    .ARM.Collect$$libinit$$00000004  c_w.l(libinit2.o)
    0x080001b0   0x080001b0   0x00000000   Code   RO         4346    .ARM.Collect$$libinit$$0000000A  c_w.l(libinit2.o)
    0x080001b0   0x080001b0   0x00000000   Code   RO         4348    .ARM.Collect$$libinit$$0000000C  c_w.l(libinit2.o)
    0x080001b0   0x080001b0   0x00000004   Code   RO         4349    .ARM.Collect$$libinit$$0000000D  c_w.l(libinit2.o)
    0x080001b4   0x080001b4   0x00000000   Code   RO         4350    .ARM.Collect$$libinit$$0000000E  c_w.l(libinit2.o)
    0x080001b4   0x080001b4   0x00000000   Code   RO         4353    .ARM.Collect$$libinit$$00000011  c_w.l(libinit2.o)
    0x080001b4   0x080001b4   0x00000000   Code   RO         4355    .ARM.Collect$$libinit$$00000013  c_w.l(libinit2.o)
    0x080001b4   0x080001b4   0x00000000   Code   RO         4357    .ARM.Collect$$libinit$$00000015  c_w.l(libinit2.o)
    0x080001b4   0x080001b4   0x00000000   Code   RO         4359    .ARM.Collect$$libinit$$00000017  c_w.l(libinit2.o)
    0x080001b4   0x080001b4   0x00000000   Code   RO         4361    .ARM.Collect$$libinit$$00000019  c_w.l(libinit2.o)
    0x080001b4   0x080001b4   0x00000000   Code   RO         4363    .ARM.Collect$$libinit$$0000001B  c_w.l(libinit2.o)
    0x080001b4   0x080001b4   0x00000000   Code   RO         4365    .ARM.Collect$$libinit$$0000001D  c_w.l(libinit2.o)
    0x080001b4   0x080001b4   0x00000000   Code   RO         4367    .ARM.Collect$$libinit$$0000001F  c_w.l(libinit2.o)
    0x080001b4   0x080001b4   0x00000000   Code   RO         4369    .ARM.Collect$$libinit$$00000021  c_w.l(libinit2.o)
    0x080001b4   0x080001b4   0x00000000   Code   RO         4371    .ARM.Collect$$libinit$$00000023  c_w.l(libinit2.o)
    0x080001b4   0x080001b4   0x00000000   Code   RO         4373    .ARM.Collect$$libinit$$00000025  c_w.l(libinit2.o)
    0x080001b4   0x080001b4   0x00000000   Code   RO         4377    .ARM.Collect$$libinit$$0000002C  c_w.l(libinit2.o)
    0x080001b4   0x080001b4   0x00000000   Code   RO         4379    .ARM.Collect$$libinit$$0000002E  c_w.l(libinit2.o)
    0x080001b4   0x080001b4   0x00000000   Code   RO         4381    .ARM.Collect$$libinit$$00000030  c_w.l(libinit2.o)
    0x080001b4   0x080001b4   0x00000000   Code   RO         4383    .ARM.Collect$$libinit$$00000032  c_w.l(libinit2.o)
    0x080001b4   0x080001b4   0x00000002   Code   RO         4384    .ARM.Collect$$libinit$$00000033  c_w.l(libinit2.o)
    0x080001b6   0x080001b6   0x00000002   Code   RO         4463    .ARM.Collect$$libshutdown$$00000000  c_w.l(libshutdown.o)
    0x080001b8   0x080001b8   0x00000000   Code   RO         4469    .ARM.Collect$$libshutdown$$00000002  c_w.l(libshutdown2.o)
    0x080001b8   0x080001b8   0x00000000   Code   RO         4471    .ARM.Collect$$libshutdown$$00000004  c_w.l(libshutdown2.o)
    0x080001b8   0x080001b8   0x00000000   Code   RO         4473    .ARM.Collect$$libshutdown$$00000006  c_w.l(libshutdown2.o)
    0x080001b8   0x080001b8   0x00000000   Code   RO         4476    .ARM.Collect$$libshutdown$$00000009  c_w.l(libshutdown2.o)
    0x080001b8   0x080001b8   0x00000000   Code   RO         4479    .ARM.Collect$$libshutdown$$0000000C  c_w.l(libshutdown2.o)
    0x080001b8   0x080001b8   0x00000000   Code   RO         4481    .ARM.Collect$$libshutdown$$0000000E  c_w.l(libshutdown2.o)
    0x080001b8   0x080001b8   0x00000000   Code   RO         4484    .ARM.Collect$$libshutdown$$00000011  c_w.l(libshutdown2.o)
    0x080001b8   0x080001b8   0x00000002   Code   RO         4485    .ARM.Collect$$libshutdown$$00000012  c_w.l(libshutdown2.o)
    0x080001ba   0x080001ba   0x00000000   Code   RO         4334    .ARM.Collect$$rtentry$$00000000  c_w.l(__rtentry.o)
    0x080001ba   0x080001ba   0x00000000   Code   RO         4386    .ARM.Collect$$rtentry$$00000002  c_w.l(__rtentry2.o)
    0x080001ba   0x080001ba   0x00000006   Code   RO         4398    .ARM.Collect$$rtentry$$00000004  c_w.l(__rtentry4.o)
    0x080001c0   0x080001c0   0x00000000   Code   RO         4388    .ARM.Collect$$rtentry$$00000009  c_w.l(__rtentry2.o)
    0x080001c0   0x080001c0   0x00000004   Code   RO         4389    .ARM.Collect$$rtentry$$0000000A  c_w.l(__rtentry2.o)
    0x080001c4   0x080001c4   0x00000000   Code   RO         4391    .ARM.Collect$$rtentry$$0000000C  c_w.l(__rtentry2.o)
    0x080001c4   0x080001c4   0x00000008   Code   RO         4392    .ARM.Collect$$rtentry$$0000000D  c_w.l(__rtentry2.o)
    0x080001cc   0x080001cc   0x00000002   Code   RO         4431    .ARM.Collect$$rtexit$$00000000  c_w.l(rtexit.o)
    0x080001ce   0x080001ce   0x00000000   Code   RO         4443    .ARM.Collect$$rtexit$$00000002  c_w.l(rtexit2.o)
    0x080001ce   0x080001ce   0x00000004   Code   RO         4444    .ARM.Collect$$rtexit$$00000003  c_w.l(rtexit2.o)
    0x080001d2   0x080001d2   0x00000006   Code   RO         4445    .ARM.Collect$$rtexit$$00000004  c_w.l(rtexit2.o)
    0x080001d8   0x080001d8   0x00000034   Code   RO         4321    .emb_text           c_w.l(rand.o)
    0x0800020c   0x0800020c   0x00000040   Code   RO          675    .text               startup_ch32f10x.o
    0x0800024c   0x0800024c   0x00000018   Code   RO         4293    .text               c_w.l(noretval__2printf.o)
    0x08000264   0x08000264   0x00000068   Code   RO         4295    .text               c_w.l(__printf.o)
    0x080002cc   0x080002cc   0x00000078   Code   RO         4297    .text               c_w.l(_printf_dec.o)
    0x08000344   0x08000344   0x0000003c   Code   RO         4322    .text               c_w.l(rand.o)
    0x08000380   0x08000380   0x00000044   Code   RO         4326    .text               c_w.l(rt_memclr.o)
    0x080003c4   0x080003c4   0x0000004e   Code   RO         4328    .text               c_w.l(rt_memclr_w.o)
    0x08000412   0x08000412   0x00000006   Code   RO         4330    .text               c_w.l(heapauxi.o)
    0x08000418   0x08000418   0x000000b2   Code   RO         4335    .text               c_w.l(_printf_intcommon.o)
    0x080004ca   0x080004ca   0x00000002   PAD
    0x080004cc   0x080004cc   0x00000024   Code   RO         4337    .text               c_w.l(_printf_char_file.o)
    0x080004f0   0x080004f0   0x00000030   Code   RO         4400    .text               c_w.l(_printf_char_common.o)
    0x08000520   0x08000520   0x00000008   Code   RO         4402    .text               c_w.l(ferror.o)
    0x08000528   0x08000528   0x0000004a   Code   RO         4410    .text               c_w.l(sys_stackheap_outer.o)
    0x08000572   0x08000572   0x00000012   Code   RO         4414    .text               c_w.l(exit.o)
    0x08000584   0x08000584   0x00000008   Code   RO         4428    .text               c_w.l(libspace.o)
    0x0800058c   0x0800058c   0x00000002   Code   RO         4439    .text               c_w.l(use_no_semi.o)
    0x0800058e   0x0800058e   0x00000000   Code   RO         4441    .text               c_w.l(indicate_semi.o)
    0x0800058e   0x0800058e   0x00000002   PAD
    0x08000590   0x08000590   0x0000000c   Code   RO         4455    .text               c_w.l(sys_exit.o)
    0x0800059c   0x0800059c   0x00000002   Code   RO            1    i.BusFault_Handler  ch32f10x_it.o
    0x0800059e   0x0800059e   0x0000000a   Code   RO         3588    i.ByteSwap          usb_regs.o
    0x080005a8   0x080005a8   0x00000284   Code   RO         3541    i.CTR_LP            usb_int.o
    0x0800082c   0x0800082c   0x00000028   Code   RO         3589    i.ClearDTOG_RX      usb_regs.o
    0x08000854   0x08000854   0x00000028   Code   RO         3590    i.ClearDTOG_TX      usb_regs.o
    0x0800087c   0x0800087c   0x00000020   Code   RO         3595    i.Clear_Status_Out  usb_regs.o
    0x0800089c   0x0800089c   0x000000b8   Code   RO         3392    i.DataStageIn       usb_core.o
    0x08000954   0x08000954   0x000000a0   Code   RO         3393    i.DataStageOut      usb_core.o
    0x080009f4   0x080009f4   0x000001b8   Code   RO         3394    i.Data_Setup0       usb_core.o
    0x08000bac   0x08000bac   0x00000002   Code   RO            2    i.DebugMon_Handler  ch32f10x_it.o
    0x08000bae   0x08000bae   0x00000002   PAD
    0x08000bb0   0x08000bb0   0x0000003c   Code   RO          690    i.Delay_Init        debug.o
    0x08000bec   0x08000bec   0x00000034   Code   RO          691    i.Delay_Ms          debug.o
    0x08000c20   0x08000c20   0x0000000c   Code   RO         4063    i.EP1_IN_Callback   usb_endp.o
    0x08000c2c   0x08000c2c   0x0000000c   Code   RO         1415    i.EXTI_ClearITPendingBit  ch32f10x_exti.o
    0x08000c38   0x08000c38   0x00000074   Code   RO         1420    i.EXTI_Init         ch32f10x_exti.o
    0x08000cac   0x08000cac   0x00000002   Code   RO          484    i.EasyCon_blink_led  easycon_api.o
    0x08000cae   0x08000cae   0x00000002   PAD
    0x08000cb0   0x08000cb0   0x00000014   Code   RO          368    i.EasyCon_need_send_report  easycon.o
    0x08000cc4   0x08000cc4   0x00000006   Code   RO          485    i.EasyCon_read_byte  easycon_api.o
    0x08000cca   0x08000cca   0x00000002   PAD
    0x08000ccc   0x08000ccc   0x00000034   Code   RO          369    i.EasyCon_report_send_callback  easycon.o
    0x08000d00   0x08000d00   0x00000004   Code   RO          486    i.EasyCon_runningLED_off  easycon_api.o
    0x08000d04   0x08000d04   0x00000004   Code   RO          487    i.EasyCon_runningLED_on  easycon_api.o
    0x08000d08   0x08000d08   0x00000150   Code   RO          371    i.EasyCon_script_init  easycon.o
    0x08000e58   0x08000e58   0x00000078   Code   RO          372    i.EasyCon_script_start  easycon.o
    0x08000ed0   0x08000ed0   0x00000028   Code   RO          373    i.EasyCon_script_stop  easycon.o
    0x08000ef8   0x08000ef8   0x0000089c   Code   RO          374    i.EasyCon_script_task  easycon.o
    0x08001794   0x08001794   0x00000024   Code   RO          375    i.EasyCon_script_tick  easycon.o
    0x080017b8   0x080017b8   0x00000018   Code   RO          488    i.EasyCon_serial_send  easycon_api.o
    0x080017d0   0x080017d0   0x0000024c   Code   RO          376    i.EasyCon_serial_task  easycon.o
    0x08001a1c   0x08001a1c   0x0000001c   Code   RO          377    i.EasyCon_tick      easycon.o
    0x08001a38   0x08001a38   0x0000000c   Code   RO          489    i.EasyCon_write_data  easycon_api.o
    0x08001a44   0x08001a44   0x00000004   Code   RO          490    i.EasyCon_write_end  easycon_api.o
    0x08001a48   0x08001a48   0x00000068   Code   RO          491    i.EasyCon_write_start  easycon_api.o
    0x08001ab0   0x08001ab0   0x00000030   Code   RO         3972    i.Enter_LowPowerMode  hw_config.o
    0x08001ae0   0x08001ae0   0x0000000c   Code   RO         1470    i.FLASH_ClearFlag   ch32f10x_flash.o
    0x08001aec   0x08001aec   0x0000003c   Code   RO         1475    i.FLASH_ErasePage   ch32f10x_flash.o
    0x08001b28   0x08001b28   0x00000028   Code   RO         1477    i.FLASH_GetBank1Status  ch32f10x_flash.o
    0x08001b50   0x08001b50   0x00000010   Code   RO         1486    i.FLASH_Lock        ch32f10x_flash.o
    0x08001b60   0x08001b60   0x00000034   Code   RO         1490    i.FLASH_ProgramHalfWord  ch32f10x_flash.o
    0x08001b94   0x08001b94   0x00000018   Code   RO         1496    i.FLASH_Unlock      ch32f10x_flash.o
    0x08001bac   0x08001bac   0x00000020   Code   RO         1501    i.FLASH_WaitForLastOperation  ch32f10x_flash.o
    0x08001bcc   0x08001bcc   0x000000a6   Code   RO         1683    i.GPIO_Init         ch32f10x_gpio.o
    0x08001c72   0x08001c72   0x00000004   Code   RO         1690    i.GPIO_ResetBits    ch32f10x_gpio.o
    0x08001c76   0x08001c76   0x00000004   Code   RO         1691    i.GPIO_SetBits      ch32f10x_gpio.o
    0x08001c7a   0x08001c7a   0x00000002   PAD
    0x08001c7c   0x08001c7c   0x00000020   Code   RO         3607    i.GetEPRxAddr       usb_regs.o
    0x08001c9c   0x08001c9c   0x0000001c   Code   RO         3610    i.GetEPTxAddr       usb_regs.o
    0x08001cb8   0x08001cb8   0x00000018   Code   RO          291    i.HIDInit           hid.o
    0x08001cd0   0x08001cd0   0x00000004   Code   RO          292    i.HIDTask           hid.o
    0x08001cd4   0x08001cd4   0x0000001c   Code   RO         4104    i.HID_Get_Idle      usb_prop.o
    0x08001cf0   0x08001cf0   0x0000001c   Code   RO         4105    i.HID_Get_Protocol  usb_prop.o
    0x08001d0c   0x08001d0c   0x00000018   Code   RO         4106    i.HID_Get_Report    usb_prop.o
    0x08001d24   0x08001d24   0x00000018   Code   RO         4107    i.HID_Set_Report    usb_prop.o
    0x08001d3c   0x08001d3c   0x00000002   Code   RO            3    i.HardFault_Handler  ch32f10x_it.o
    0x08001d3e   0x08001d3e   0x00000002   PAD
    0x08001d40   0x08001d40   0x00000060   Code   RO         3395    i.In0_Process       usb_core.o
    0x08001da0   0x08001da0   0x00000040   Code   RO         3973    i.Leave_LowPowerMode  hw_config.o
    0x08001de0   0x08001de0   0x00000002   Code   RO            4    i.MemManage_Handler  ch32f10x_it.o
    0x08001de2   0x08001de2   0x00000002   Code   RO            5    i.NMI_Handler       ch32f10x_it.o
    0x08001de4   0x08001de4   0x00000002   Code   RO         3396    i.NOP_Process       usb_core.o
    0x08001de6   0x08001de6   0x00000002   PAD
    0x08001de8   0x08001de8   0x00000064   Code   RO         2032    i.NVIC_Init         ch32f10x_misc.o
    0x08001e4c   0x08001e4c   0x00000014   Code   RO         2033    i.NVIC_PriorityGroupConfig  ch32f10x_misc.o
    0x08001e60   0x08001e60   0x000000e0   Code   RO         3397    i.NoData_Setup0     usb_core.o
    0x08001f40   0x08001f40   0x0000004c   Code   RO         3398    i.Out0_Process      usb_core.o
    0x08001f8c   0x08001f8c   0x00000024   Code   RO         3570    i.PMAToUserBufferCopy  usb_mem.o
    0x08001fb0   0x08001fb0   0x00000002   Code   RO            6    i.PendSV_Handler    ch32f10x_it.o
    0x08001fb2   0x08001fb2   0x00000002   PAD
    0x08001fb4   0x08001fb4   0x00000040   Code   RO         3399    i.Post0_Process     usb_core.o
    0x08001ff4   0x08001ff4   0x00000024   Code   RO         4245    i.PowerOn           usb_pwr.o
    0x08002018   0x08002018   0x00000010   Code   RO          293    i.PressButtons      hid.o
    0x08002028   0x08002028   0x0000001c   Code   RO         2130    i.RCC_APB1PeriphClockCmd  ch32f10x_rcc.o
    0x08002044   0x08002044   0x0000001c   Code   RO         2132    i.RCC_APB2PeriphClockCmd  ch32f10x_rcc.o
    0x08002060   0x08002060   0x000000c0   Code   RO         2140    i.RCC_GetClocksFreq  ch32f10x_rcc.o
    0x08002120   0x08002120   0x0000000c   Code   RO         2158    i.RCC_USBCLKConfig  ch32f10x_rcc.o
    0x0800212c   0x0800212c   0x00000010   Code   RO          294    i.ReleaseButtons    hid.o
    0x0800213c   0x0800213c   0x00000020   Code   RO          295    i.Report_Task       hid.o
    0x0800215c   0x0800215c   0x00000020   Code   RO          296    i.ResetReport       hid.o
    0x0800217c   0x0800217c   0x0000009c   Code   RO         4246    i.Resume            usb_pwr.o
    0x08002218   0x08002218   0x00000020   Code   RO         4247    i.Resume_Init       usb_pwr.o
    0x08002238   0x08002238   0x00000002   Code   RO            7    i.SVC_Handler       ch32f10x_it.o
    0x0800223a   0x0800223a   0x00000002   PAD
    0x0800223c   0x0800223c   0x00000010   Code   RO         3618    i.SetBTABLE         usb_regs.o
    0x0800224c   0x0800224c   0x0000000c   Code   RO          297    i.SetButtons        hid.o
    0x08002258   0x08002258   0x00000048   Code   RO         3400    i.SetDeviceAddress  usb_core.o
    0x080022a0   0x080022a0   0x00000020   Code   RO         3632    i.SetEPRxAddr       usb_regs.o
    0x080022c0   0x080022c0   0x00000044   Code   RO         3633    i.SetEPRxCount      usb_regs.o
    0x08002304   0x08002304   0x00000044   Code   RO         3634    i.SetEPRxStatus     usb_regs.o
    0x08002348   0x08002348   0x0000003c   Code   RO         3635    i.SetEPRxValid      usb_regs.o
    0x08002384   0x08002384   0x00000020   Code   RO         3636    i.SetEPTxAddr       usb_regs.o
    0x080023a4   0x080023a4   0x0000001c   Code   RO         3637    i.SetEPTxCount      usb_regs.o
    0x080023c0   0x080023c0   0x00000044   Code   RO         3638    i.SetEPTxStatus     usb_regs.o
    0x08002404   0x08002404   0x0000001c   Code   RO         3640    i.SetEPType         usb_regs.o
    0x08002420   0x08002420   0x0000000c   Code   RO          298    i.SetHATSwitch      hid.o
    0x0800242c   0x0800242c   0x0000000c   Code   RO          299    i.SetLeftStick      hid.o
    0x08002438   0x08002438   0x0000000c   Code   RO          300    i.SetRightStick     hid.o
    0x08002444   0x08002444   0x00000004   Code   RO          232    i.SetSysClock       system_ch32f10x.o
    0x08002448   0x08002448   0x000000b0   Code   RO          233    i.SetSysClockTo72_HSE  system_ch32f10x.o
    0x080024f8   0x080024f8   0x00000014   Code   RO         3974    i.Set_USBConfig     hw_config.o
    0x0800250c   0x0800250c   0x00000088   Code   RO         3401    i.Setup0_Process    usb_core.o
    0x08002594   0x08002594   0x00000134   Code   RO         3402    i.Standard_ClearFeature  usb_core.o
    0x080026c8   0x080026c8   0x00000028   Code   RO         3403    i.Standard_GetConfiguration  usb_core.o
    0x080026f0   0x080026f0   0x00000020   Code   RO         3404    i.Standard_GetDescriptorData  usb_core.o
    0x08002710   0x08002710   0x00000028   Code   RO         3405    i.Standard_GetInterface  usb_core.o
    0x08002738   0x08002738   0x000000bc   Code   RO         3406    i.Standard_GetStatus  usb_core.o
    0x080027f4   0x080027f4   0x00000038   Code   RO         3407    i.Standard_SetConfiguration  usb_core.o
    0x0800282c   0x0800282c   0x00000024   Code   RO         3408    i.Standard_SetDeviceFeature  usb_core.o
    0x08002850   0x08002850   0x000000b8   Code   RO         3409    i.Standard_SetEndPointFeature  usb_core.o
    0x08002908   0x08002908   0x0000004c   Code   RO         3410    i.Standard_SetInterface  usb_core.o
    0x08002954   0x08002954   0x00000080   Code   RO         4248    i.Suspend           usb_pwr.o
    0x080029d4   0x080029d4   0x0000001c   Code   RO         2036    i.SysTick_CLKSourceConfig  ch32f10x_misc.o
    0x080029f0   0x080029f0   0x00000002   Code   RO            8    i.SysTick_Handler   ch32f10x_it.o
    0x080029f2   0x080029f2   0x00000002   PAD
    0x080029f4   0x080029f4   0x00000050   Code   RO          235    i.SystemInit        system_ch32f10x.o
    0x08002a44   0x08002a44   0x00000012   Code   RO          266    i.TIM2_IRQHandler   usbd_compatibility_hid.o
    0x08002a56   0x08002a56   0x00000062   Code   RO          267    i.TIM2_Init         usbd_compatibility_hid.o
    0x08002ab8   0x08002ab8   0x00000006   Code   RO         2573    i.TIM_ClearITPendingBit  ch32f10x_tim.o
    0x08002abe   0x08002abe   0x00000018   Code   RO         2578    i.TIM_Cmd           ch32f10x_tim.o
    0x08002ad6   0x08002ad6   0x00000014   Code   RO         2603    i.TIM_ITConfig      ch32f10x_tim.o
    0x08002aea   0x08002aea   0x00000002   PAD
    0x08002aec   0x08002aec   0x00000050   Code   RO         2649    i.TIM_TimeBaseInit  ch32f10x_tim.o
    0x08002b3c   0x08002b3c   0x00000028   Code   RO          693    i.USART1_IRQHandler  debug.o
    0x08002b64   0x08002b64   0x00000018   Code   RO         3114    i.USART_Cmd         ch32f10x_usart.o
    0x08002b7c   0x08002b7c   0x0000000e   Code   RO         3117    i.USART_GetFlagStatus  ch32f10x_usart.o
    0x08002b8a   0x08002b8a   0x0000003c   Code   RO         3118    i.USART_GetITStatus  ch32f10x_usart.o
    0x08002bc6   0x08002bc6   0x00000032   Code   RO         3120    i.USART_ITConfig    ch32f10x_usart.o
    0x08002bf8   0x08002bf8   0x000000bc   Code   RO         3121    i.USART_Init        ch32f10x_usart.o
    0x08002cb4   0x08002cb4   0x00000094   Code   RO          694    i.USART_Printf_Init  debug.o
    0x08002d48   0x08002d48   0x00000008   Code   RO         3128    i.USART_ReceiveData  ch32f10x_usart.o
    0x08002d50   0x08002d50   0x00000008   Code   RO         3131    i.USART_SendData    ch32f10x_usart.o
    0x08002d58   0x08002d58   0x00000010   Code   RO         4108    i.USBD_ClearFeature  usb_prop.o
    0x08002d68   0x08002d68   0x0000009c   Code   RO         4109    i.USBD_Data_Setup   usb_prop.o
    0x08002e04   0x08002e04   0x0000002c   Code   RO         4064    i.USBD_ENDPx_DataUp  usb_endp.o
    0x08002e30   0x08002e30   0x0000000c   Code   RO         4110    i.USBD_GetConfigDescriptor  usb_prop.o
    0x08002e3c   0x08002e3c   0x0000000c   Code   RO         4111    i.USBD_GetDeviceDescriptor  usb_prop.o
    0x08002e48   0x08002e48   0x00000020   Code   RO         4112    i.USBD_GetHidDescriptor  usb_prop.o
    0x08002e68   0x08002e68   0x00000020   Code   RO         4113    i.USBD_GetReportDescriptor  usb_prop.o
    0x08002e88   0x08002e88   0x00000020   Code   RO         4114    i.USBD_GetStringDescriptor  usb_prop.o
    0x08002ea8   0x08002ea8   0x00000014   Code   RO         4115    i.USBD_Get_Interface_Setting  usb_prop.o
    0x08002ebc   0x08002ebc   0x0000004c   Code   RO         4116    i.USBD_NoData_Setup  usb_prop.o
    0x08002f08   0x08002f08   0x00000120   Code   RO         4117    i.USBD_Reset        usb_prop.o
    0x08003028   0x08003028   0x00000018   Code   RO         4118    i.USBD_SetConfiguration  usb_prop.o
    0x08003040   0x08003040   0x0000000c   Code   RO         4119    i.USBD_SetDeviceAddress  usb_prop.o
    0x0800304c   0x0800304c   0x00000010   Code   RO         4120    i.USBD_SetDeviceFeature  usb_prop.o
    0x0800305c   0x0800305c   0x00000002   Code   RO         4121    i.USBD_Status_In    usb_prop.o
    0x0800305e   0x0800305e   0x00000002   Code   RO         4122    i.USBD_Status_Out   usb_prop.o
    0x08003060   0x08003060   0x00000064   Code   RO         4123    i.USBD_init         usb_prop.o
    0x080030c4   0x080030c4   0x00000008   Code   RO         3975    i.USBWakeUp_IRQHandler  hw_config.o
    0x080030cc   0x080030cc   0x00000028   Code   RO         3514    i.USB_Init          usb_init.o
    0x080030f4   0x080030f4   0x00000050   Code   RO         3976    i.USB_Interrupts_Config  hw_config.o
    0x08003144   0x08003144   0x0000015c   Code   RO         4084    i.USB_Istr          usb_istr.o
    0x080032a0   0x080032a0   0x00000004   Code   RO         3977    i.USB_LP_CAN1_RX0_IRQHandler  hw_config.o
    0x080032a4   0x080032a4   0x00000084   Code   RO         3978    i.USB_Port_Set      hw_config.o
    0x08003328   0x08003328   0x00000020   Code   RO         3948    i.USB_SIL_Init      usb_sil.o
    0x08003348   0x08003348   0x00000026   Code   RO         3950    i.USB_SIL_Write     usb_sil.o
    0x0800336e   0x0800336e   0x00000002   Code   RO            9    i.UsageFault_Handler  ch32f10x_it.o
    0x08003370   0x08003370   0x0000002c   Code   RO         3571    i.UserToPMABufferCopy  usb_mem.o
    0x0800339c   0x0800339c   0x00000074   Code   RO          378    i.binaryop          easycon.o
    0x08003410   0x08003410   0x0000001c   Code   RO          610    i.flash_ecScript_read  flash.o
    0x0800342c   0x0800342c   0x0000000c   Code   RO          612    i.flash_ecScript_read8B  flash.o
    0x08003438   0x08003438   0x00000090   Code   RO          613    i.flash_ecScript_write8B  flash.o
    0x080034c8   0x080034c8   0x00000014   Code   RO          614    i.flash_write16B    flash.o
    0x080034dc   0x080034dc   0x00000068   Code   RO          615    i.flash_writeErase  flash.o
    0x08003544   0x08003544   0x0000001c   Code   RO          616    i.flash_writeLock   flash.o
    0x08003560   0x08003560   0x00000020   Code   RO          617    i.flash_writeUnlock  flash.o
    0x08003580   0x08003580   0x00000024   Code   RO          695    i.fputc             debug.o
    0x080035a4   0x080035a4   0x00000010   Code   RO          586    i.ledb_off          led.o
    0x080035b4   0x080035b4   0x00000010   Code   RO          587    i.ledb_on           led.o
    0x080035c4   0x080035c4   0x00000050   Code   RO          588    i.ledb_test         led.o
    0x08003614   0x08003614   0x00000046   Code   RO          147    i.main              main.o
    0x0800365a   0x0800365a   0x00000004   Code   RO          492    i.press_buttons     easycon_api.o
    0x0800365e   0x0800365e   0x00000004   Code   RO          493    i.release_buttons   easycon_api.o
    0x08003662   0x08003662   0x00000004   Code   RO          494    i.reset_hid_report  easycon_api.o
    0x08003666   0x08003666   0x00000004   Code   RO          495    i.set_HAT_switch    easycon_api.o
    0x0800366a   0x0800366a   0x00000004   Code   RO          496    i.set_buttons       easycon_api.o
    0x0800366e   0x0800366e   0x00000004   Code   RO          497    i.set_left_stick    easycon_api.o
    0x08003672   0x08003672   0x00000004   Code   RO          498    i.set_right_stick   easycon_api.o
    0x08003676   0x08003676   0x00000002   PAD
    0x08003678   0x08003678   0x0000005c   Code   RO          301    i.usbd_send         hid.o
    0x080036d4   0x080036d4   0x00000012   Data   RO         4045    .constdata          usb_desc.o
    0x080036e6   0x080036e6   0x00000029   Data   RO         4046    .constdata          usb_desc.o
    0x0800370f   0x0800370f   0x00000004   Data   RO         4047    .constdata          usb_desc.o
    0x08003713   0x08003713   0x00000010   Data   RO         4048    .constdata          usb_desc.o
    0x08003723   0x08003723   0x0000002e   Data   RO         4049    .constdata          usb_desc.o
    0x08003751   0x08003751   0x00000056   Data   RO         4050    .constdata          usb_desc.o
    0x080037a7   0x080037a7   0x00000001   PAD
    0x080037a8   0x080037a8   0x00000020   Data   RO         4502    Region$$Table       anon$$obj.o


    Execution Region RW_IRAM1 (Exec base: 0x20000000, Load base: 0x080037c8, Size: 0x00001098, Max: 0x00005000, ABSOLUTE, COMPRESSED[0x000000bc])

    Exec Addr    Load Addr    Size         Type   Attr      Idx    E Section Name        Object

    0x20000000   COMPRESSED   0x00000014   Data   RW          236    .data               system_ch32f10x.o
    0x20000014   COMPRESSED   0x0000000c   Data   RW          302    .data               hid.o
    0x20000020   COMPRESSED   0x000003c8   Data   RW          379    .data               easycon.o
    0x200003e8   COMPRESSED   0x00000008   Data   RW          620    .data               flash.o
    0x200003f0   COMPRESSED   0x00000004   Data   RW          696    .data               debug.o
    0x200003f4   COMPRESSED   0x00000004   Data   RW          697    .data               debug.o
    0x200003f8   COMPRESSED   0x00000014   Data   RW         2160    .data               ch32f10x_rcc.o
    0x2000040c   COMPRESSED   0x00000004   Data   RW         3411    .data               usb_core.o
    0x20000410   COMPRESSED   0x00000001   Data   RW         3516    .data               usb_init.o
    0x20000411   COMPRESSED   0x00000003   PAD
    0x20000414   COMPRESSED   0x0000000c   Data   RW         3517    .data               usb_init.o
    0x20000420   COMPRESSED   0x00000002   Data   RW         3519    .data               usb_init.o
    0x20000422   COMPRESSED   0x00000004   Data   RW         3542    .data               usb_int.o
    0x20000426   COMPRESSED   0x00000016   Data   RW         4051    .data               usb_desc.o
    0x2000043c   COMPRESSED   0x00000001   Data   RW         4065    .data               usb_endp.o
    0x2000043d   COMPRESSED   0x00000003   PAD
    0x20000440   COMPRESSED   0x0000000c   Data   RW         4085    .data               usb_istr.o
    0x2000044c   COMPRESSED   0x0000001c   Data   RW         4086    .data               usb_istr.o
    0x20000468   COMPRESSED   0x0000001c   Data   RW         4087    .data               usb_istr.o
    0x20000484   COMPRESSED   0x00000078   Data   RW         4125    .data               usb_prop.o
    0x200004fc   COMPRESSED   0x00000002   Data   RW         4126    .data               usb_prop.o
    0x200004fe   COMPRESSED   0x00000002   PAD
    0x20000500   COMPRESSED   0x00000024   Data   RW         4127    .data               usb_prop.o
    0x20000524   COMPRESSED   0x00000004   Data   RW         4250    .data               usb_pwr.o
    0x20000528   COMPRESSED   0x00000001   Data   RW         4251    .data               usb_pwr.o
    0x20000529   COMPRESSED   0x00000003   PAD
    0x2000052c   COMPRESSED   0x00000008   Data   RW         4252    .data               usb_pwr.o
    0x20000534        -       0x00000040   Zero   RW          268    .bss                usbd_compatibility_hid.o
    0x20000574        -       0x000003a0   Zero   RW          499    .bss                easycon_api.o
    0x20000914        -       0x0000001c   Zero   RW         3515    .bss                usb_init.o
    0x20000930        -       0x00000020   Zero   RW         4249    .bss                usb_pwr.o
    0x20000950        -       0x000000e4   Zero   RW         4323    .bss                c_w.l(rand.o)
    0x20000a34        -       0x00000060   Zero   RW         4429    .bss                c_w.l(libspace.o)
    0x20000a94   COMPRESSED   0x00000004   PAD
    0x20000a98        -       0x00000200   Zero   RW          673    HEAP                startup_ch32f10x.o
    0x20000c98        -       0x00000400   Zero   RW          672    STACK               startup_ch32f10x.o


==============================================================================

Image component sizes


      Code (inc. data)   RO Data    RW Data    ZI Data      Debug   Object Name

       128         12          0          0          0       1545   ch32f10x_exti.o
       236         38          0          0          0       3928   ch32f10x_flash.o
       174          0          0          0          0       3016   ch32f10x_gpio.o
        18          0          0          0          0     196546   ch32f10x_it.o
       148         14          0          0          0       2133   ch32f10x_misc.o
       260         40          0         20          0       5061   ch32f10x_rcc.o
       130         12          0          0          0       2820   ch32f10x_tim.o
       352          6          0          0          0       6389   ch32f10x_usart.o
       336         40          0          8          0       4306   debug.o
      3540         74          0        968          0      11386   easycon.o
       188         16          0          0        928       7373   easycon_api.o
       368         70          0          8          0       4817   flash.o
       264         60          0         12          0       5369   hid.o
       356         82          0          0          0       4057   hw_config.o
       112         16          0          0          0       1273   led.o
        70          0          0          0          0       2663   main.o
        64         26        240          0       1536        816   startup_ch32f10x.o
       260         26          0         20          0       2005   system_ch32f10x.o
      2414        280          0          4          0      14743   usb_core.o
         0          0        211         22          0        967   usb_desc.o
        56          8          0          1          0       1748   usb_endp.o
        40         18          0         15         28       4042   usb_init.o
       644         30          0          4          0       1980   usb_int.o
       348         26          0         68          0       1675   usb_istr.o
        80         12          0          0          0       1812   usb_mem.o
       936        160          0        158          0      15028   usb_prop.o
       352         42          0         13         32       3768   usb_pwr.o
       582         88          0          0          0       8177   usb_regs.o
        70          8          0          0          0       1415   usb_sil.o
       116          0          0          0         64       1612   usbd_compatibility_hid.o

    ----------------------------------------------------------------------
     12664       1204        484       1332       2588     322470   Object Totals
         0          0         32          0          0          0   (incl. Generated)
        22          0          1         11          0          0   (incl. Padding)

    ----------------------------------------------------------------------

      Code (inc. data)   RO Data    RW Data    ZI Data      Debug   Library Member Name

        90          0          0          0          0          0   __dczerorl2.o
         8          0          0          0          0         68   __main.o
       104          0          0          0          0         84   __printf.o
         0          0          0          0          0          0   __rtentry.o
        12          0          0          0          0          0   __rtentry2.o
         6          0          0          0          0          0   __rtentry4.o
        52          8          0          0          0          0   __scatter.o
        28          0          0          0          0          0   __scatter_zi.o
        48          6          0          0          0         96   _printf_char_common.o
        36          4          0          0          0         80   _printf_char_file.o
         6          0          0          0          0          0   _printf_d.o
       120         16          0          0          0         92   _printf_dec.o
       178          0          0          0          0         88   _printf_intcommon.o
         0          0          0          0          0          0   _printf_percent.o
         4          0          0          0          0          0   _printf_percent_end.o
        18          0          0          0          0         80   exit.o
         8          0          0          0          0         68   ferror.o
         6          0          0          0          0        152   heapauxi.o
         0          0          0          0          0          0   indicate_semi.o
         2          0          0          0          0          0   libinit.o
         6          0          0          0          0          0   libinit2.o
         2          0          0          0          0          0   libshutdown.o
         2          0          0          0          0          0   libshutdown2.o
         8          4          0          0         96         68   libspace.o
        24          4          0          0          0         84   noretval__2printf.o
       112         18          0          0        228        160   rand.o
        68          0          0          0          0         68   rt_memclr.o
        78          0          0          0          0         80   rt_memclr_w.o
         2          0          0          0          0          0   rtexit.o
        10          0          0          0          0          0   rtexit2.o
        12          4          0          0          0         68   sys_exit.o
        74          0          0          0          0         80   sys_stackheap_outer.o
         2          0          0          0          0         68   use_no_semi.o

    ----------------------------------------------------------------------
      1132         64          0          0        328       1484   Library Totals
         6          0          0          0          4          0   (incl. Padding)

    ----------------------------------------------------------------------

      Code (inc. data)   RO Data    RW Data    ZI Data      Debug   Library Name

      1126         64          0          0        324       1484   c_w.l

    ----------------------------------------------------------------------
      1132         64          0          0        328       1484   Library Totals

    ----------------------------------------------------------------------

==============================================================================


      Code (inc. data)   RO Data    RW Data    ZI Data      Debug   

     13796       1268        484       1332       2916     314642   Grand Totals
     13796       1268        484        188       2916     314642   ELF Image Totals (compressed)
     13796       1268        484        188          0          0   ROM Totals

==============================================================================

    Total RO  Size (Code + RO Data)                14280 (  13.95kB)
    Total RW  Size (RW Data + ZI Data)              4248 (   4.15kB)
    Total ROM Size (Code + RO Data + RW Data)      14468 (  14.13kB)

==============================================================================

