Component: ARM Compiler 5.06 update 7 (build 960) Tool: armlink [4d3601]

==============================================================================

Section Cross References

    main.o(i.Var_Init) refers to usb_prop.o(.bss) for RingBuffer_Comm
    main.o(i.main) refers to _printf_percent.o(.ARM.Collect$$_printf_percent$$00000000) for _printf_percent
    main.o(i.main) refers to _printf_d.o(.ARM.Collect$$_printf_percent$$00000009) for _printf_d
    main.o(i.main) refers to _printf_dec.o(.text) for _printf_int_dec
    main.o(i.main) refers to ch32f10x_misc.o(i.NVIC_PriorityGroupConfig) for NVIC_PriorityGroupConfig
    main.o(i.main) refers to debug.o(i.Delay_Init) for Delay_Init
    main.o(i.main) refers to debug.o(i.USART_Printf_Init) for USART_Printf_Init
    main.o(i.main) refers to noretval__2printf.o(.text) for __2printf
    main.o(i.main) refers to usbd_compatibility_hid.o(i.TIM2_Init) for TIM2_Init
    main.o(i.main) refers to hw_config.o(i.Set_USBConfig) for Set_USBConfig
    main.o(i.main) refers to usb_init.o(i.USB_Init) for USB_Init
    main.o(i.main) refers to hw_config.o(i.USB_Interrupts_Config) for USB_Interrupts_Config
    main.o(i.main) refers to hid.o(i.HIDInit) for HIDInit
    main.o(i.main) refers to easycon.o(i.EasyCon_script_init) for EasyCon_script_init
    main.o(i.main) refers to easycon.o(i.EasyCon_script_start) for EasyCon_script_start
    main.o(i.main) refers to easycon.o(i.EasyCon_script_task) for EasyCon_script_task
    main.o(i.main) refers to hid.o(i.HIDTask) for HIDTask
    main.o(i.main) refers to system_ch32f10x.o(.data) for SystemCoreClock
    system_ch32f10x.o(i.SetSysClock) refers to system_ch32f10x.o(i.SetSysClockTo72_HSE) for SetSysClockTo72_HSE
    system_ch32f10x.o(i.SystemCoreClockUpdate) refers to system_ch32f10x.o(.data) for .data
    system_ch32f10x.o(i.SystemInit) refers to system_ch32f10x.o(i.SetSysClock) for SetSysClock
    usbd_compatibility_hid.o(i.TIM2_IRQHandler) refers to easycon.o(i.EasyCon_tick) for EasyCon_tick
    usbd_compatibility_hid.o(i.TIM2_IRQHandler) refers to ch32f10x_tim.o(i.TIM_ClearITPendingBit) for TIM_ClearITPendingBit
    usbd_compatibility_hid.o(i.TIM2_Init) refers to ch32f10x_rcc.o(i.RCC_APB1PeriphClockCmd) for RCC_APB1PeriphClockCmd
    usbd_compatibility_hid.o(i.TIM2_Init) refers to ch32f10x_tim.o(i.TIM_TimeBaseInit) for TIM_TimeBaseInit
    usbd_compatibility_hid.o(i.TIM2_Init) refers to ch32f10x_tim.o(i.TIM_ITConfig) for TIM_ITConfig
    usbd_compatibility_hid.o(i.TIM2_Init) refers to ch32f10x_misc.o(i.NVIC_Init) for NVIC_Init
    usbd_compatibility_hid.o(i.TIM2_Init) refers to ch32f10x_tim.o(i.TIM_Cmd) for TIM_Cmd
    usbd_compatibility_hid.o(i.UART2_DMA_Init) refers to rt_memclr_w.o(.text) for __aeabi_memclr4
    usbd_compatibility_hid.o(i.UART2_DMA_Init) refers to ch32f10x_rcc.o(i.RCC_AHBPeriphClockCmd) for RCC_AHBPeriphClockCmd
    usbd_compatibility_hid.o(i.UART2_DMA_Init) refers to ch32f10x_dma.o(i.DMA_Cmd) for DMA_Cmd
    usbd_compatibility_hid.o(i.UART2_DMA_Init) refers to ch32f10x_dma.o(i.DMA_DeInit) for DMA_DeInit
    usbd_compatibility_hid.o(i.UART2_DMA_Init) refers to ch32f10x_dma.o(i.DMA_Init) for DMA_Init
    usbd_compatibility_hid.o(i.UART2_DMA_Init) refers to ch32f10x_usart.o(i.USART_DMACmd) for USART_DMACmd
    usbd_compatibility_hid.o(i.UART2_DMA_Init) refers to usb_prop.o(.bss) for Data_Buffer
    usbd_compatibility_hid.o(i.UART2_DMA_Init) refers to usbd_compatibility_hid.o(.bss) for .bss
    usbd_compatibility_hid.o(i.UART2_DMA_Tx) refers to ch32f10x_usart.o(i.USART_ClearFlag) for USART_ClearFlag
    usbd_compatibility_hid.o(i.UART2_DMA_Tx) refers to ch32f10x_dma.o(i.DMA_Cmd) for DMA_Cmd
    usbd_compatibility_hid.o(i.UART2_DMA_Tx) refers to ch32f10x_usart.o(i.USART_DMACmd) for USART_DMACmd
    usbd_compatibility_hid.o(i.UART2_Init) refers to ch32f10x_rcc.o(i.RCC_APB1PeriphClockCmd) for RCC_APB1PeriphClockCmd
    usbd_compatibility_hid.o(i.UART2_Init) refers to ch32f10x_rcc.o(i.RCC_APB2PeriphClockCmd) for RCC_APB2PeriphClockCmd
    usbd_compatibility_hid.o(i.UART2_Init) refers to ch32f10x_gpio.o(i.GPIO_Init) for GPIO_Init
    usbd_compatibility_hid.o(i.UART2_Init) refers to ch32f10x_usart.o(i.USART_Init) for USART_Init
    usbd_compatibility_hid.o(i.UART2_Init) refers to ch32f10x_usart.o(i.USART_ClearFlag) for USART_ClearFlag
    usbd_compatibility_hid.o(i.UART2_Init) refers to ch32f10x_usart.o(i.USART_Cmd) for USART_Cmd
    usbd_compatibility_hid.o(i.UART2_Rx_Service) refers to ch32f10x_dma.o(i.DMA_GetCurrDataCounter) for DMA_GetCurrDataCounter
    usbd_compatibility_hid.o(i.UART2_Rx_Service) refers to noretval__2printf.o(.text) for __2printf
    usbd_compatibility_hid.o(i.UART2_Rx_Service) refers to rt_memcpy_v6.o(.text) for __aeabi_memcpy
    usbd_compatibility_hid.o(i.UART2_Rx_Service) refers to usb_endp.o(i.USBD_ENDPx_DataUp) for USBD_ENDPx_DataUp
    usbd_compatibility_hid.o(i.UART2_Rx_Service) refers to usbd_compatibility_hid.o(.data) for .data
[...]
    i.USBD_GetDeviceDescriptor               0x08003404   Section        0  usb_prop.o(i.USBD_GetDeviceDescriptor)
    i.USBD_GetHidDescriptor                  0x08003410   Section        0  usb_prop.o(i.USBD_GetHidDescriptor)
    i.USBD_GetReportDescriptor               0x08003430   Section        0  usb_prop.o(i.USBD_GetReportDescriptor)
    i.USBD_GetStringDescriptor               0x08003450   Section        0  usb_prop.o(i.USBD_GetStringDescriptor)
    i.USBD_Get_Interface_Setting             0x08003470   Section        0  usb_prop.o(i.USBD_Get_Interface_Setting)
    i.USBD_NoData_Setup                      0x08003484   Section        0  usb_prop.o(i.USBD_NoData_Setup)
    i.USBD_Reset                             0x080034d0   Section        0  usb_prop.o(i.USBD_Reset)
    i.USBD_SetConfiguration                  0x080035f0   Section        0  usb_prop.o(i.USBD_SetConfiguration)
    i.USBD_SetDeviceAddress                  0x08003608   Section        0  usb_prop.o(i.USBD_SetDeviceAddress)
    i.USBD_SetDeviceFeature                  0x08003614   Section        0  usb_prop.o(i.USBD_SetDeviceFeature)
    i.USBD_Status_In                         0x08003618   Section        0  usb_prop.o(i.USBD_Status_In)
    i.USBD_Status_Out                        0x08003678   Section        0  usb_prop.o(i.USBD_Status_Out)
    i.USBD_init                              0x0800367c   Section        0  usb_prop.o(i.USBD_init)
    i.USBHD_Device_Endp_Init                 0x080036e0   Section        0  ch32f10x_usbfs_device.o(i.USBHD_Device_Endp_Init)
    i.USBHD_IRQHandler                       0x08003738   Section        0  ch32f10x_usbfs_device.o(i.USBHD_IRQHandler)
    i.USBWakeUp_IRQHandler                   0x08003d60   Section        0  hw_config.o(i.USBWakeUp_IRQHandler)
    i.USB_Init                               0x08003d68   Section        0  usb_init.o(i.USB_Init)
    i.USB_Interrupts_Config                  0x08003d90   Section        0  hw_config.o(i.USB_Interrupts_Config)
    i.USB_Istr                               0x08003de0   Section        0  usb_istr.o(i.USB_Istr)
    i.USB_LP_CAN1_RX0_IRQHandler             0x08003f3c   Section        0  hw_config.o(i.USB_LP_CAN1_RX0_IRQHandler)
    i.USB_Port_Set                           0x08003f40   Section        0  hw_config.o(i.USB_Port_Set)
    i.USB_SIL_Init                           0x08003fc4   Section        0  usb_sil.o(i.USB_SIL_Init)
    i.USB_SIL_Write                          0x08003fe4   Section        0  usb_sil.o(i.USB_SIL_Write)
    i.UsageFault_Handler                     0x0800400a   Section        0  ch32f10x_it.o(i.UsageFault_Handler)
    i.UserToPMABufferCopy                    0x0800400c   Section        0  usb_mem.o(i.UserToPMABufferCopy)
    i._is_digit                              0x08004038   Section        0  __printf_wp.o(i._is_digit)
    i.binaryop                               0x08004048   Section        0  easycon.o(i.binaryop)
    binaryop                                 0x08004049   Thumb Code   110  easycon.o(i.binaryop)
    i.fputc                                  0x080040bc   Section        0  debug.o(i.fputc)
    i.main                                   0x080040e0   Section        0  main.o(i.main)
    i.press_buttons                          0x08004164   Section        0  easycon_api.o(i.press_buttons)
    i.release_buttons                        0x08004168   Section        0  easycon_api.o(i.release_buttons)
    i.reset_hid_report                       0x0800416c   Section        0  easycon_api.o(i.reset_hid_report)
    i.set_HAT_switch                         0x08004170   Section        0  easycon_api.o(i.set_HAT_switch)
    i.set_buttons                            0x08004174   Section        0  easycon_api.o(i.set_buttons)
    i.set_left_stick                         0x08004178   Section        0  easycon_api.o(i.set_left_stick)
    i.set_right_stick                        0x0800417c   Section        0  easycon_api.o(i.set_right_stick)
    i.usbd_send                              0x08004180   Section        0  hid.o(i.usbd_send)
    .constdata                               0x080041bc   Section       18  husb_desc.o(.constdata)
    .constdata                               0x080041ce   Section       67  husb_desc.o(.constdata)
    .constdata                               0x08004211   Section        4  husb_desc.o(.constdata)
    .constdata                               0x08004215   Section       14  husb_desc.o(.constdata)
    .constdata                               0x08004223   Section       22  husb_desc.o(.constdata)
    .constdata                               0x08004239   Section       22  husb_desc.o(.constdata)
    .constdata                               0x0800424f   Section       18  usb_desc.o(.constdata)
    .constdata                               0x08004261   Section       41  usb_desc.o(.constdata)
    .constdata                               0x0800428a   Section        4  usb_desc.o(.constdata)
    .constdata                               0x0800428e   Section       16  usb_desc.o(.constdata)
    .constdata                               0x0800429e   Section       46  usb_desc.o(.constdata)
    .constdata                               0x080042cc   Section       86  usb_desc.o(.constdata)
    .constdata                               0x08004322   Section       40  _printf_hex_int.o(.constdata)
    uc_hextab                                0x08004322   Data          20  _printf_hex_int.o(.constdata)
    lc_hextab                                0x08004336   Data          20  _printf_hex_int.o(.constdata)
    .constdata                               0x0800434a   Section       17  __printf_flags_ss_wp.o(.constdata)
    maptable                                 0x0800434a   Data          17  __printf_flags_ss_wp.o(.constdata)
    .data                                    0x20000000   Section       20  system_ch32f10x.o(.data)
    .data                                    0x20000014   Section        8  hid.o(.data)
    .data                                    0x2000001c   Section      964  easycon.o(.data)
    serial_command_ready                     0x2000001c   Data           1  easycon.o(.data)
    auto_run                                 0x2000001d   Data           1  easycon.o(.data)
    echo_ms                                  0x2000001e   Data           1  easycon.o(.data)
    _ledflag                                 0x2000001f   Data           1  easycon.o(.data)
    flash_index                              0x20000020   Data           2  easycon.o(.data)
    flash_count                              0x20000022   Data           2  easycon.o(.data)
    tail_wait                                0x20000024   Data           2  easycon.o(.data)
    serial_buffer_length                     0x20000028   Data           4  easycon.o(.data)
    flash_addr                               0x2000002c   Data           4  easycon.o(.data)
    script_addr                              0x20000030   Data           4  easycon.o(.data)
    script_eof                               0x20000034   Data           4  easycon.o(.data)
    timer_elapsed                            0x20000038   Data           4  easycon.o(.data)
    timer_ms                                 0x2000003c   Data           4  easycon.o(.data)
    wait_ms                                  0x20000040   Data           4  easycon.o(.data)
    mem                                      0x20000044   Data         924  easycon.o(.data)
    .data                                    0x200003e0   Section        8  uart.o(.data)
    .data                                    0x200003e8   Section       24  ch32f10x_usbfs_device.o(.data)
    .data                                    0x20000400   Section        4  debug.o(.data)
    p_us                                     0x20000400   Data           1  debug.o(.data)
    p_ms                                     0x20000402   Data           2  debug.o(.data)
    .data                                    0x20000404   Section        4  debug.o(.data)
    .data                                    0x20000408   Section       20  ch32f10x_rcc.o(.data)
    ADCPrescTable                            0x20000408   Data           4  ch32f10x_rcc.o(.data)
    APBAHBPrescTable                         0x2000040c   Data          16  ch32f10x_rcc.o(.data)
    .data                                    0x2000041c   Section       16  ch32f10x_usb.o(.data)
    .data                                    0x2000042c   Section        4  usb_core.o(.data)
    .data                                    0x20000430   Section        1  usb_init.o(.data)
    .data                                    0x20000434   Section       12  usb_init.o(.data)
    .data                                    0x20000440   Section        2  usb_init.o(.data)
    .data                                    0x20000442   Section        4  usb_int.o(.data)
    .data                                    0x20000446   Section       22  usb_desc.o(.data)
    .data                                    0x2000045c   Section        2  usb_endp.o(.data)
    .data                                    0x20000460   Section       12  usb_istr.o(.data)
    .data                                    0x2000046c   Section       28  usb_istr.o(.data)
    .data                                    0x20000488   Section       28  usb_istr.o(.data)
    .data                                    0x200004a4   Section      116  usb_prop.o(.data)
    .data                                    0x20000518   Section        2  usb_prop.o(.data)
    .data                                    0x2000051c   Section       36  usb_prop.o(.data)
    .data                                    0x20000540   Section        4  usb_pwr.o(.data)
    .data                                    0x20000544   Section        1  usb_pwr.o(.data)
    .data                                    0x20000548   Section        8  usb_pwr.o(.data)
    .bss                                     0x20000550   Section     2112  usbd_compatibility_hid.o(.bss)
    .bss                                     0x20000d90   Section       64  usbd_compatibility_hid.o(.bss)
    .bss                                     0x20000dd0   Section     8296  uart.o(.bss)
    .bss                                     0x20002e38   Section      256  ch32f10x_usbfs_device.o(.bss)
    .bss                                     0x20002f38   Section       28  usb_init.o(.bss)
    .bss                                     0x20002f54   Section       32  usb_pwr.o(.bss)
    .bss                                     0x20002f74   Section      228  rand.o(.bss)
    .bss                                     0x20003058   Section       96  libspace.o(.bss)
    HEAP                                     0x200030b8   Section      512  startup_ch32f10x.o(HEAP)
    Heap_Mem                                 0x200030b8   Data         512  startup_ch32f10x.o(HEAP)
    STACK                                    0x200032b8   Section     1024  startup_ch32f10x.o(STACK)
    Stack_Mem                                0x200032b8   Data        1024  startup_ch32f10x.o(STACK)
    __initial_sp                             0x200036b8   Data           0  startup_ch32f10x.o(STACK)

    Global Symbols

    Symbol Name                              Value     Ov Type        Size  Object(Section)

    BuildAttributes$$THM_ISAv4$P$D$K$B$S$PE$A:L22UL41UL21$X:L11$S22US41US21$IEEE1$IW$USESV6$~STKCKD$USESV7$~SHL$OSPACE$ROPI$EBA8$UX$STANDARDLIB$REQ8$PRES8$EABIv2 0x00000000   Number         0  anon$$obj.o ABSOLUTE
    __ARM_use_no_argv                        0x00000000   Number         0  main.o ABSOLUTE
    _printf_flags                            0x00000000   Number         0  printf_stubs.o ABSOLUTE
    _printf_return_value                     0x00000000   Number         0  printf_stubs.o ABSOLUTE
    _printf_sizespec                         0x00000000   Number         0  printf_stubs.o ABSOLUTE
    _printf_widthprec                        0x00000000   Number         0  printf_stubs.o ABSOLUTE
    __ARM_exceptions_init                     - Undefined Weak Reference
    __alloca_initialize                       - Undefined Weak Reference
    __arm_fini_                               - Undefined Weak Reference
    __arm_preinit_                            - Undefined Weak Reference
    __cpp_initialize__aeabi_                  - Undefined Weak Reference
    __cxa_finalize                            - Undefined Weak Reference
    __rt_locale                               - Undefined Weak Reference
    __sigvec_lookup                           - Undefined Weak Reference
    _atexit_init                              - Undefined Weak Reference
    _call_atexit_fns                          - Undefined Weak Reference
    _clock_init                               - Undefined Weak Reference
    _fp_trap_init                             - Undefined Weak Reference
    _fp_trap_shutdown                         - Undefined Weak Reference
    _get_lc_collate                           - Undefined Weak Reference
    _get_lc_ctype                             - Undefined Weak Reference
    _get_lc_monetary                          - Undefined Weak Reference
    _get_lc_numeric                           - Undefined Weak Reference
    _get_lc_time                              - Undefined Weak Reference
    _getenv_init                              - Undefined Weak Reference
    _handle_redirection                       - Undefined Weak Reference
    _init_alloc                               - Undefined Weak Reference
    _init_user_alloc                          - Undefined Weak Reference
    _initio                                   - Undefined Weak Reference
    _mutex_acquire                            - Undefined Weak Reference
    _mutex_release                            - Undefined Weak Reference
    _printf_truncate_signed                   - Undefined Weak Reference
    _printf_truncate_unsigned                 - Undefined Weak Reference
    _signal_finish                            - Undefined Weak Reference
    _signal_init                              - Undefined Weak Reference
    _terminate_alloc                          - Undefined Weak Reference
    _terminate_user_alloc                     - Undefined Weak Reference
    _terminateio                              - Undefined Weak Reference
    __Vectors_Size                           0x000000f0   Number         0  startup_ch32f10x.o ABSOLUTE
    __Vectors                                0x08000000   Data           4  startup_ch32f10x.o(RESET)
    __Vectors_End                            0x080000f0   Data           0  startup_ch32f10x.o(RESET)
    __main                                   0x080000f1   Thumb Code     8  __main.o(!!!main)
    __scatterload                            0x080000f9   Thumb Code     0  __scatter.o(!!!scatter)
    __scatterload_rt2                        0x080000f9   Thumb Code    44  __scatter.o(!!!scatter)
    __scatterload_rt2_thumb_only             0x080000f9   Thumb Code     0  __scatter.o(!!!scatter)
    __scatterload_null                       0x08000107   Thumb Code     0  __scatter.o(!!!scatter)
    __decompress                             0x0800012d   Thumb Code    90  __dczerorl2.o(!!dczerorl2)
    __decompress1                            0x0800012d   Thumb Code     0  __dczerorl2.o(!!dczerorl2)
    __scatterload_zeroinit                   0x08000189   Thumb Code    28  __scatter_zi.o(!!handler_zi)
    _printf_d                                0x080001a5   Thumb Code     0  _printf_d.o(.ARM.Collect$$_printf_percent$$00000009)
    _printf_percent                          0x080001a5   Thumb Code     0  _printf_percent.o(.ARM.Collect$$_printf_percent$$00000000)
    _printf_x                                0x080001ab   Thumb Code     0  _printf_x.o(.ARM.Collect$$_printf_percent$$0000000C)
    _printf_percent_end                      0x080001b1   Thumb Code     0  _printf_percent_end.o(.ARM.Collect$$_printf_percent$$00000017)
    __rt_lib_init                            0x080001b5   Thumb Code     0  libinit.o(.ARM.Collect$$libinit$$00000000)
    __rt_lib_init_fp_1                       0x080001b7   Thumb Code     0  libinit2.o(.ARM.Collect$$libinit$$00000002)
    __rt_lib_init_heap_1                     0x080001b7   Thumb Code     0  libinit2.o(.ARM.Collect$$libinit$$0000000A)
    __rt_lib_init_preinit_1                  0x080001b7   Thumb Code     0  libinit2.o(.ARM.Collect$$libinit$$00000004)
    __rt_lib_init_rand_2                     0x080001b7   Thumb Code     0  libinit2.o(.ARM.Collect$$libinit$$0000000D)
    __rt_lib_init_user_alloc_1               0x080001b7   Thumb Code     0  libinit2.o(.ARM.Collect$$libinit$$0000000C)
    __rt_lib_init_alloca_1                   0x080001bb   Thumb Code     0  libinit2.o(.ARM.Collect$$libinit$$0000002E)
    __rt_lib_init_argv_1                     0x080001bb   Thumb Code     0  libinit2.o(.ARM.Collect$$libinit$$0000002C)
    __rt_lib_init_atexit_1                   0x080001bb   Thumb Code     0  libinit2.o(.ARM.Collect$$libinit$$0000001B)
    __rt_lib_init_clock_1                    0x080001bb   Thumb Code     0  libinit2.o(.ARM.Collect$$libinit$$00000021)
    __rt_lib_init_cpp_1                      0x080001bb   Thumb Code     0  libinit2.o(.ARM.Collect$$libinit$$00000032)
    __rt_lib_init_exceptions_1               0x080001bb   Thumb Code     0  libinit2.o(.ARM.Collect$$libinit$$00000030)
    __rt_lib_init_fp_trap_1                  0x080001bb   Thumb Code     0  libinit2.o(.ARM.Collect$$libinit$$0000001F)
    __rt_lib_init_getenv_1                   0x080001bb   Thumb Code     0  libinit2.o(.ARM.Collect$$libinit$$00000023)
    __rt_lib_init_lc_collate_1               0x080001bb   Thumb Code     0  libinit2.o(.ARM.Collect$$libinit$$00000011)
    __rt_lib_init_lc_ctype_1                 0x080001bb   Thumb Code     0  libinit2.o(.ARM.Collect$$libinit$$00000013)
    __rt_lib_init_lc_monetary_1              0x080001bb   Thumb Code     0  libinit2.o(.ARM.Collect$$libinit$$00000015)
    __rt_lib_init_lc_numeric_1               0x080001bb   Thumb Code     0  libinit2.o(.ARM.Collect$$libinit$$00000017)
    __rt_lib_init_lc_time_1                  0x080001bb   Thumb Code     0  libinit2.o(.ARM.Collect$$libinit$$00000019)
    __rt_lib_init_rand_1                     0x080001bb   Thumb Code     0  libinit2.o(.ARM.Collect$$libinit$$0000000E)
    __rt_lib_init_return                     0x080001bb   Thumb Code     0  libinit2.o(.ARM.Collect$$libinit$$00000033)
    __rt_lib_init_signal_1                   0x080001bb   Thumb Code     0  libinit2.o(.ARM.Collect$$libinit$$0000001D)
    __rt_lib_init_stdio_1                    0x080001bb   Thumb Code     0  libinit2.o(.ARM.Collect$$libinit$$00000025)
    __rt_lib_shutdown                        0x080001bd   Thumb Code     0  libshutdown.o(.ARM.Collect$$libshutdown$$00000000)
    __rt_lib_shutdown_cpp_1                  0x080001bf   Thumb Code     0  libshutdown2.o(.ARM.Collect$$libshutdown$$00000004)
    __rt_lib_shutdown_fini_1                 0x080001bf   Thumb Code     0  libshutdown2.o(.ARM.Collect$$libshutdown$$00000002)
    __rt_lib_shutdown_fp_trap_1              0x080001bf   Thumb Code     0  libshutdown2.o(.ARM.Collect$$libshutdown$$00000009)
    __rt_lib_shutdown_heap_1                 0x080001bf   Thumb Code     0  libshutdown2.o(.ARM.Collect$$libshutdown$$00000011)
    __rt_lib_shutdown_return                 0x080001bf   Thumb Code     0  libshutdown2.o(.ARM.Collect$$libshutdown$$00000012)
    __rt_lib_shutdown_signal_1               0x080001bf   Thumb Code     0  libshutdown2.o(.ARM.Collect$$libshutdown$$0000000C)
    __rt_lib_shutdown_stdio_1                0x080001bf   Thumb Code     0  libshutdown2.o(.ARM.Collect$$libshutdown$$00000006)
    __rt_lib_shutdown_user_alloc_1           0x080001bf   Thumb Code     0  libshutdown2.o(.ARM.Collect$$libshutdown$$0000000E)
    __rt_entry                               0x080001c1   Thumb Code     0  __rtentry.o(.ARM.Collect$$rtentry$$00000000)
    __rt_entry_presh_1                       0x080001c1   Thumb Code     0  __rtentry2.o(.ARM.Collect$$rtentry$$00000002)
    __rt_entry_sh                            0x080001c1   Thumb Code     0  __rtentry4.o(.ARM.Collect$$rtentry$$00000004)
    __rt_entry_li                            0x080001c7   Thumb Code     0  __rtentry2.o(.ARM.Collect$$rtentry$$0000000A)
    __rt_entry_postsh_1                      0x080001c7   Thumb Code     0  __rtentry2.o(.ARM.Collect$$rtentry$$00000009)
    __rt_entry_main                          0x080001cb   Thumb Code     0  __rtentry2.o(.ARM.Collect$$rtentry$$0000000D)
    __rt_entry_postli_1                      0x080001cb   Thumb Code     0  __rtentry2.o(.ARM.Collect$$rtentry$$0000000C)
    __rt_exit                                0x080001d3   Thumb Code     0  rtexit.o(.ARM.Collect$$rtexit$$00000000)
    __rt_exit_ls                             0x080001d5   Thumb Code     0  rtexit2.o(.ARM.Collect$$rtexit$$00000003)
    __rt_exit_prels_1                        0x080001d5   Thumb Code     0  rtexit2.o(.ARM.Collect$$rtexit$$00000002)
    __rt_exit_exit                           0x080001d9   Thumb Code     0  rtexit2.o(.ARM.Collect$$rtexit$$00000004)
    rand                                     0x080001e1   Thumb Code    48  rand.o(.emb_text)
    Reset_Handler                            0x08000215   Thumb Code     8  startup_ch32f10x.o(.text)
    ADC1_2_IRQHandler                        0x0800022f   Thumb Code     0  startup_ch32f10x.o(.text)
    CAN1_RX1_IRQHandler                      0x0800022f   Thumb Code     0  startup_ch32f10x.o(.text)
    CAN1_SCE_IRQHandler                      0x0800022f   Thumb Code     0  startup_ch32f10x.o(.text)
    DMA1_Channel1_IRQHandler                 0x0800022f   Thumb Code     0  startup_ch32f10x.o(.text)
    DMA1_Channel2_IRQHandler                 0x0800022f   Thumb Code     0  startup_ch32f10x.o(.text)
    DMA1_Channel3_IRQHandler                 0x0800022f   Thumb Code     0  startup_ch32f10x.o(.text)
    DMA1_Channel4_IRQHandler                 0x0800022f   Thumb Code     0  startup_ch32f10x.o(.text)
    DMA1_Channel5_IRQHandler                 0x0800022f   Thumb Code     0  startup_ch32f10x.o(.text)
    DMA1_Channel6_IRQHandler                 0x0800022f   Thumb Code     0  startup_ch32f10x.o(.text)
    DMA1_Channel7_IRQHandler                 0x0800022f   Thumb Code     0  startup_ch32f10x.o(.text)
    EXTI0_IRQHandler                         0x0800022f   Thumb Code     0  startup_ch32f10x.o(.text)
    EXTI15_10_IRQHandler                     0x0800022f   Thumb Code     0  startup_ch32f10x.o(.text)
    EXTI1_IRQHandler                         0x0800022f   Thumb Code     0  startup_ch32f10x.o(.text)
    EXTI2_IRQHandler                         0x0800022f   Thumb Code     0  startup_ch32f10x.o(.text)
    EXTI3_IRQHandler                         0x0800022f   Thumb Code     0  startup_ch32f10x.o(.text)
    EXTI4_IRQHandler                         0x0800022f   Thumb Code     0  startup_ch32f10x.o(.text)
    EXTI9_5_IRQHandler                       0x0800022f   Thumb Code     0  startup_ch32f10x.o(.text)
    FLASH_IRQHandler                         0x0800022f   Thumb Code     0  startup_ch32f10x.o(.text)
    I2C1_ER_IRQHandler                       0x0800022f   Thumb Code     0  startup_ch32f10x.o(.text)
    I2C1_EV_IRQHandler                       0x0800022f   Thumb Code     0  startup_ch32f10x.o(.text)
    I2C2_ER_IRQHandler                       0x0800022f   Thumb Code     0  startup_ch32f10x.o(.text)
    I2C2_EV_IRQHandler                       0x0800022f   Thumb Code     0  startup_ch32f10x.o(.text)
    PVD_IRQHandler                           0x0800022f   Thumb Code     0  startup_ch32f10x.o(.text)
    RCC_IRQHandler                           0x0800022f   Thumb Code     0  startup_ch32f10x.o(.text)
    RTCAlarm_IRQHandler                      0x0800022f   Thumb Code     0  startup_ch32f10x.o(.text)
    RTC_IRQHandler                           0x0800022f   Thumb Code     0  startup_ch32f10x.o(.text)
    SPI1_IRQHandler                          0x0800022f   Thumb Code     0  startup_ch32f10x.o(.text)
    SPI2_IRQHandler                          0x0800022f   Thumb Code     0  startup_ch32f10x.o(.text)
    TAMPER_IRQHandler                        0x0800022f   Thumb Code     0  startup_ch32f10x.o(.text)
    TIM1_BRK_IRQHandler                      0x0800022f   Thumb Code     0  startup_ch32f10x.o(.text)
    TIM1_CC_IRQHandler                       0x0800022f   Thumb Code     0  startup_ch32f10x.o(.text)
    TIM1_TRG_COM_IRQHandler                  0x0800022f   Thumb Code     0  startup_ch32f10x.o(.text)
    TIM1_UP_IRQHandler                       0x0800022f   Thumb Code     0  startup_ch32f10x.o(.text)
    TIM3_IRQHandler                          0x0800022f   Thumb Code     0  startup_ch32f10x.o(.text)
    TIM4_IRQHandler                          0x0800022f   Thumb Code     0  startup_ch32f10x.o(.text)
    USART2_IRQHandler                        0x0800022f   Thumb Code     0  startup_ch32f10x.o(.text)
    USART3_IRQHandler                        0x0800022f   Thumb Code     0  startup_ch32f10x.o(.text)
    USB_HP_CAN1_TX_IRQHandler                0x0800022f   Thumb Code     0  startup_ch32f10x.o(.text)
    WWDG_IRQHandler                          0x0800022f   Thumb Code     0  startup_ch32f10x.o(.text)
    __user_initial_stackheap                 0x08000231   Thumb Code     0  startup_ch32f10x.o(.text)
    __2printf                                0x08000255   Thumb Code    20  noretval__2printf.o(.text)
    _printf_pre_padding                      0x0800026d   Thumb Code    44  _printf_pad.o(.text)
    _printf_post_padding                     0x08000299   Thumb Code    34  _printf_pad.o(.text)
    _printf_int_dec                          0x080002bd   Thumb Code   104  _printf_dec.o(.text)
    _printf_int_hex                          0x08000335   Thumb Code    84  _printf_hex_int.o(.text)
    _printf_longlong_hex                     0x08000335   Thumb Code     0  _printf_hex_int.o(.text)
    __printf                                 0x0800038d   Thumb Code   388  __printf_flags_ss_wp.o(.text)
    srand                                    0x08000515   Thumb Code    42  rand.o(.text)
    _rand_init                               0x0800053f   Thumb Code     4  rand.o(.text)
    __aeabi_memcpy                           0x08000551   Thumb Code     0  rt_memcpy_v6.o(.text)
    __rt_memcpy                              0x08000551   Thumb Code   138  rt_memcpy_v6.o(.text)
    _memcpy_lastbytes                        0x080005b7   Thumb Code     0  rt_memcpy_v6.o(.text)
    __aeabi_memclr                           0x080005db   Thumb Code     0  rt_memclr.o(.text)
    __rt_memclr                              0x080005db   Thumb Code    68  rt_memclr.o(.text)
    _memset                                  0x080005df   Thumb Code     0  rt_memclr.o(.text)
    __aeabi_memclr4                          0x0800061f   Thumb Code     0  rt_memclr_w.o(.text)
    __aeabi_memclr8                          0x0800061f   Thumb Code     0  rt_memclr_w.o(.text)
    __rt_memclr_w                            0x0800061f   Thumb Code    78  rt_memclr_w.o(.text)
    _memset_w                                0x08000623   Thumb Code     0  rt_memclr_w.o(.text)
    __use_two_region_memory                  0x0800066d   Thumb Code     2  heapauxi.o(.text)
    __rt_heap_escrow$2region                 0x0800066f   Thumb Code     2  heapauxi.o(.text)
    __rt_heap_expand$2region                 0x08000671   Thumb Code     2  heapauxi.o(.text)
    _printf_int_common                       0x08000673   Thumb Code   178  _printf_intcommon.o(.text)
    _printf_char_file                        0x08000725   Thumb Code    32  _printf_char_file.o(.text)
    __aeabi_memcpy4                          0x08000749   Thumb Code     0  rt_memcpy_w.o(.text)
    __aeabi_memcpy8                          0x08000749   Thumb Code     0  rt_memcpy_w.o(.text)
    __rt_memcpy_w                            0x08000749   Thumb Code   100  rt_memcpy_w.o(.text)
    _memcpy_lastbytes_aligned                0x08000791   Thumb Code     0  rt_memcpy_w.o(.text)
    _printf_char_common                      0x080007b7   Thumb Code    32  _printf_char_common.o(.text)
    ferror                                   0x080007dd   Thumb Code     8  ferror.o(.text)
    __user_setup_stackheap                   0x080007e5   Thumb Code    74  sys_stackheap_outer.o(.text)
    exit                                     0x0800082f   Thumb Code    18  exit.o(.text)
    __user_libspace                          0x08000841   Thumb Code     8  libspace.o(.text)
    __user_perproc_libspace                  0x08000841   Thumb Code     0  libspace.o(.text)
    __user_perthread_libspace                0x08000841   Thumb Code     0  libspace.o(.text)
    __I$use$semihosting                      0x08000849   Thumb Code     0  use_no_semi.o(.text)
    __use_no_semihosting_swi                 0x08000849   Thumb Code     2  use_no_semi.o(.text)
    __semihosting_library_function           0x0800084b   Thumb Code     0  indicate_semi.o(.text)
    _sys_exit                                0x0800084d   Thumb Code     8  sys_exit.o(.text)
    BusFault_Handler                         0x08000859   Thumb Code     2  ch32f10x_it.o(i.BusFault_Handler)
    ByteSwap                                 0x0800085b   Thumb Code    10  usb_regs.o(i.ByteSwap)
    CTR_LP                                   0x08000865   Thumb Code   614  usb_int.o(i.CTR_LP)
    ClearDTOG_RX                             0x08000ae9   Thumb Code    36  usb_regs.o(i.ClearDTOG_RX)
    ClearDTOG_TX                             0x08000b11   Thumb Code    36  usb_regs.o(i.ClearDTOG_TX)
    Clear_Status_Out                         0x08000b39   Thumb Code    28  usb_regs.o(i.Clear_Status_Out)
    DMA_Cmd                                  0x08000b59   Thumb Code    26  ch32f10x_dma.o(i.DMA_Cmd)
    DMA_DeInit                               0x08000b75   Thumb Code   238  ch32f10x_dma.o(i.DMA_DeInit)
    DMA_Init                                 0x08000c6d   Thumb Code    58  ch32f10x_dma.o(i.DMA_Init)
    DebugMon_Handler                         0x08000fb9   Thumb Code     2  ch32f10x_it.o(i.DebugMon_Handler)
    Delay_Init                               0x08000fbd   Thumb Code    46  debug.o(i.Delay_Init)
    Delay_Ms                                 0x08000ff9   Thumb Code    46  debug.o(i.Delay_Ms)
    EP1_IN_Callback                          0x0800102d   Thumb Code     8  usb_endp.o(i.EP1_IN_Callback)
    EXTI_ClearITPendingBit                   0x08001039   Thumb Code     6  ch32f10x_exti.o(i.EXTI_ClearITPendingBit)
    EXTI_Init                                0x08001045   Thumb Code   110  ch32f10x_exti.o(i.EXTI_Init)
    EasyCon_blink_led                        0x080010b9   Thumb Code     2  easycon_api.o(i.EasyCon_blink_led)
    EasyCon_need_send_report                 0x080010bd   Thumb Code    16  easycon.o(i.EasyCon_need_send_report)
    EasyCon_read_byte                        0x080010d1   Thumb Code     4  easycon_api.o(i.EasyCon_read_byte)
    EasyCon_report_send_callback             0x080010d5   Thumb Code    48  easycon.o(i.EasyCon_report_send_callback)
    EasyCon_runningLED_off                   0x08001109   Thumb Code     2  easycon_api.o(i.EasyCon_runningLED_off)
    EasyCon_runningLED_on                    0x0800110b   Thumb Code     2  easycon_api.o(i.EasyCon_runningLED_on)
    EasyCon_script_init                      0x0800110d   Thumb Code   330  easycon.o(i.EasyCon_script_init)
    EasyCon_script_start                     0x0800125d   Thumb Code   116  easycon.o(i.EasyCon_script_start)
    EasyCon_script_stop                      0x080012d5   Thumb Code    36  easycon.o(i.EasyCon_script_stop)
    EasyCon_script_task                      0x080012fd   Thumb Code  2194  easycon.o(i.EasyCon_script_task)
    EasyCon_script_tick                      0x08001b99   Thumb Code    32  easycon.o(i.EasyCon_script_tick)
    EasyCon_serial_send                      0x08001bbd   Thumb Code    18  easycon_api.o(i.EasyCon_serial_send)
    EasyCon_serial_task                      0x08001bd5   Thumb Code   582  easycon.o(i.EasyCon_serial_task)
    EasyCon_tick                             0x08001e21   Thumb Code    24  easycon.o(i.EasyCon_tick)
    EasyCon_write_data                       0x08001e3d   Thumb Code     2  easycon_api.o(i.EasyCon_write_data)
    EasyCon_write_end                        0x08001e3f   Thumb Code     2  easycon_api.o(i.EasyCon_write_end)
    EasyCon_write_start                      0x08001e41   Thumb Code     2  easycon_api.o(i.EasyCon_write_start)
    Enter_LowPowerMode                       0x08001e45   Thumb Code    16  hw_config.o(i.Enter_LowPowerMode)
    GPIO_Init                                0x08001e75   Thumb Code   166  ch32f10x_gpio.o(i.GPIO_Init)
    GPIO_SetBits                             0x08001f1b   Thumb Code     4  ch32f10x_gpio.o(i.GPIO_SetBits)
    GetEPRxAddr                              0x08001f21   Thumb Code    22  usb_regs.o(i.GetEPRxAddr)
    GetEPTxAddr                              0x08001f41   Thumb Code    20  usb_regs.o(i.GetEPTxAddr)
    HIDInit                                  0x08001f5d   Thumb Code    18  hid.o(i.HIDInit)
    HIDTask                                  0x08001f75   Thumb Code     4  hid.o(i.HIDTask)
    HID_Get_Idle                             0x08001f79   Thumb Code    20  usb_prop.o(i.HID_Get_Idle)
    HID_Get_Protocol                         0x08001f95   Thumb Code    20  usb_prop.o(i.HID_Get_Protocol)
    HID_Get_Report                           0x08001fb1   Thumb Code    18  usb_prop.o(i.HID_Get_Report)
    HID_Set_Report                           0x08001fcd   Thumb Code    18  usb_prop.o(i.HID_Set_Report)
    HardFault_Handler                        0x08001fe9   Thumb Code     2  ch32f10x_it.o(i.HardFault_Handler)
    In0_Process                              0x08001fed   Thumb Code    82  usb_core.o(i.In0_Process)
    Leave_LowPowerMode                       0x0800204d   Thumb Code    28  hw_config.o(i.Leave_LowPowerMode)
    MemManage_Handler                        0x0800208d   Thumb Code     2  ch32f10x_it.o(i.MemManage_Handler)
    NMI_Handler                              0x0800208f   Thumb Code     2  ch32f10x_it.o(i.NMI_Handler)
    NOP_Process                              0x08002091   Thumb Code     2  usb_core.o(i.NOP_Process)
    NVIC_Init                                0x08002095   Thumb Code    96  ch32f10x_misc.o(i.NVIC_Init)
    NVIC_PriorityGroupConfig                 0x080020f9   Thumb Code    10  ch32f10x_misc.o(i.NVIC_PriorityGroupConfig)
    Out0_Process                             0x080021ed   Thumb Code    68  usb_core.o(i.Out0_Process)
    PMAToUserBufferCopy                      0x08002239   Thumb Code    30  usb_mem.o(i.PMAToUserBufferCopy)
    PendSV_Handler                           0x0800225d   Thumb Code     2  ch32f10x_it.o(i.PendSV_Handler)
    Post0_Process                            0x08002261   Thumb Code    48  usb_core.o(i.Post0_Process)
    PowerOn                                  0x080022a1   Thumb Code    28  usb_pwr.o(i.PowerOn)
    PressButtons                             0x080022c5   Thumb Code    10  hid.o(i.PressButtons)
    RCC_APB1PeriphClockCmd                   0x080022d5   Thumb Code    22  ch32f10x_rcc.o(i.RCC_APB1PeriphClockCmd)
    RCC_APB2PeriphClockCmd                   0x080022f1   Thumb Code    22  ch32f10x_rcc.o(i.RCC_APB2PeriphClockCmd)
    RCC_GetClocksFreq                        0x0800230d   Thumb Code   170  ch32f10x_rcc.o(i.RCC_GetClocksFreq)
    RCC_USBCLKConfig                         0x080023cd   Thumb Code     6  ch32f10x_rcc.o(i.RCC_USBCLKConfig)
    ReleaseButtons                           0x080023d9   Thumb Code    10  hid.o(i.ReleaseButtons)
    Report_Task                              0x080023e9   Thumb Code    28  hid.o(i.Report_Task)
    ResetReport                              0x08002409   Thumb Code    24  hid.o(i.ResetReport)
    Resume                                   0x08002425   Thumb Code   146  usb_pwr.o(i.Resume)
    Resume_Init                              0x080024c1   Thumb Code    26  usb_pwr.o(i.Resume_Init)
    SVC_Handler                              0x080024e1   Thumb Code     2  ch32f10x_it.o(i.SVC_Handler)
    SetBTABLE                                0x080024e5   Thumb Code    10  usb_regs.o(i.SetBTABLE)
    SetButtons                               0x080024f5   Thumb Code     6  hid.o(i.SetButtons)
    SetDeviceAddress                         0x08002501   Thumb Code    58  usb_core.o(i.SetDeviceAddress)
    SetEPRxAddr                              0x08002549   Thumb Code    24  usb_regs.o(i.SetEPRxAddr)
    SetEPRxCount                             0x08002569   Thumb Code    60  usb_regs.o(i.SetEPRxCount)
    SetEPRxStatus                            0x080025ad   Thumb Code    64  usb_regs.o(i.SetEPRxStatus)
    SetEPRxValid                             0x080025f1   Thumb Code    54  usb_regs.o(i.SetEPRxValid)
    SetEPTxAddr                              0x0800262d   Thumb Code    22  usb_regs.o(i.SetEPTxAddr)
    SetEPTxCount                             0x0800264d   Thumb Code    20  usb_regs.o(i.SetEPTxCount)
    SetEPTxStatus                            0x08002669   Thumb Code    64  usb_regs.o(i.SetEPTxStatus)
    SetEPType                                0x080026ad   Thumb Code    24  usb_regs.o(i.SetEPType)
    SetHATSwitch                             0x080026c9   Thumb Code     6  hid.o(i.SetHATSwitch)
    SetLeftStick                             0x080026d5   Thumb Code     8  hid.o(i.SetLeftStick)
    SetRightStick                            0x080026e1   Thumb Code     8  hid.o(i.SetRightStick)
    Set_USBConfig                            0x080027a1   Thumb Code    20  hw_config.o(i.Set_USBConfig)
    Setup0_Process                           0x080027b5   Thumb Code   122  usb_core.o(i.Setup0_Process)
    Standard_ClearFeature                    0x0800283d   Thumb Code   288  usb_core.o(i.Standard_ClearFeature)
    Standard_GetConfiguration                0x08002971   Thumb Code    32  usb_core.o(i.Standard_GetConfiguration)
    Standard_GetDescriptorData               0x08002999   Thumb Code    26  usb_core.o(i.Standard_GetDescriptorData)
    Standard_GetInterface                    0x080029b9   Thumb Code    32  usb_core.o(i.Standard_GetInterface)
    Standard_GetStatus                       0x080029e1   Thumb Code   172  usb_core.o(i.Standard_GetStatus)
    Standard_SetConfiguration                0x08002a9d   Thumb Code    42  usb_core.o(i.Standard_SetConfiguration)
    Standard_SetDeviceFeature                0x08002ad5   Thumb Code    26  usb_core.o(i.Standard_SetDeviceFeature)
    Standard_SetEndPointFeature              0x08002af9   Thumb Code   168  usb_core.o(i.Standard_SetEndPointFeature)
    Standard_SetInterface                    0x08002bb1   Thumb Code    64  usb_core.o(i.Standard_SetInterface)
    Suspend                                  0x08002bfd   Thumb Code   116  usb_pwr.o(i.Suspend)
    SysTick_CLKSourceConfig                  0x08002c7d   Thumb Code    28  ch32f10x_misc.o(i.SysTick_CLKSourceConfig)
    SysTick_Handler                          0x08002c99   Thumb Code     2  ch32f10x_it.o(i.SysTick_Handler)
    SystemInit                               0x08002c9d   Thumb Code    64  system_ch32f10x.o(i.SystemInit)
    TIM2_IRQHandler                          0x08002ced   Thumb Code    18  usbd_compatibility_hid.o(i.TIM2_IRQHandler)
    TIM2_Init                                0x08002cff   Thumb Code    98  usbd_compatibility_hid.o(i.TIM2_Init)
    TIM_ClearITPendingBit                    0x08002d61   Thumb Code     6  ch32f10x_tim.o(i.TIM_ClearITPendingBit)
    TIM_Cmd                                  0x08002d67   Thumb Code    24  ch32f10x_tim.o(i.TIM_Cmd)
    TIM_ITConfig                             0x08002d7f   Thumb Code    20  ch32f10x_tim.o(i.TIM_ITConfig)
    TIM_TimeBaseInit                         0x08002d95   Thumb Code    68  ch32f10x_tim.o(i.TIM_TimeBaseInit)
    UART1_CfgInit                            0x08002de5   Thumb Code   266  uart.o(i.UART1_CfgInit)
    UART1_DMAInit                            0x08002ef9   Thumb Code   158  uart.o(i.UART1_DMAInit)
    UART1_Init                               0x08002fa5   Thumb Code    94  uart.o(i.UART1_Init)
    UART1_ParaInit                           0x08003015   Thumb Code    94  uart.o(i.UART1_ParaInit)
    UART1_USB_Init                           0x0800307d   Thumb Code    66  uart.o(i.UART1_USB_Init)
    USART1_IRQHandler                        0x080030d5   Thumb Code    36  debug.o(i.USART1_IRQHandler)
    USART_ClearFlag                          0x080030fd   Thumb Code     6  ch32f10x_usart.o(i.USART_ClearFlag)
    USART_Cmd                                0x08003103   Thumb Code    24  ch32f10x_usart.o(i.USART_Cmd)
    USART_DMACmd                             0x0800311b   Thumb Code    20  ch32f10x_usart.o(i.USART_DMACmd)
    USART_GetFlagStatus                      0x0800312f   Thumb Code    14  ch32f10x_usart.o(i.USART_GetFlagStatus)
    USART_GetITStatus                        0x0800313d   Thumb Code    60  ch32f10x_usart.o(i.USART_GetITStatus)
    USART_ITConfig                           0x08003179   Thumb Code    50  ch32f10x_usart.o(i.USART_ITConfig)
    USART_Init                               0x080031ad   Thumb Code   182  ch32f10x_usart.o(i.USART_Init)
    USART_Printf_Init                        0x08003269   Thumb Code   138  debug.o(i.USART_Printf_Init)
    USART_ReceiveData                        0x080032fd   Thumb Code     8  ch32f10x_usart.o(i.USART_ReceiveData)
    USART_SendData                           0x08003305   Thumb Code     8  ch32f10x_usart.o(i.USART_SendData)
    USBD_ClearFeature                        0x0800330d   Thumb Code     2  usb_prop.o(i.USBD_ClearFeature)
    USBD_Data_Setup                          0x08003311   Thumb Code   126  usb_prop.o(i.USBD_Data_Setup)
    USBD_ENDPx_DataUp                        0x080033ad   Thumb Code    72  usb_endp.o(i.USBD_ENDPx_DataUp)
    USBD_GetConfigDescriptor                 0x080033f9   Thumb Code     6  usb_prop.o(i.USBD_GetConfigDescriptor)
    USBD_GetDeviceDescriptor                 0x08003405   Thumb Code     6  usb_prop.o(i.USBD_GetDeviceDescriptor)
    USBD_GetHidDescriptor                    0x08003411   Thumb Code    24  usb_prop.o(i.USBD_GetHidDescriptor)
    USBD_GetReportDescriptor                 0x08003431   Thumb Code    24  usb_prop.o(i.USBD_GetReportDescriptor)
    USBD_GetStringDescriptor                 0x08003451   Thumb Code    24  usb_prop.o(i.USBD_GetStringDescriptor)
    USBD_Get_Interface_Setting               0x08003471   Thumb Code    20  usb_prop.o(i.USBD_Get_Interface_Setting)
    USBD_NoData_Setup                        0x08003485   Thumb Code    66  usb_prop.o(i.USBD_NoData_Setup)
    USBD_Reset                               0x080034d1   Thumb Code   268  usb_prop.o(i.USBD_Reset)
    USBD_SetConfiguration                    0x080035f1   Thumb Code    16  usb_prop.o(i.USBD_SetConfiguration)
    USBD_SetDeviceAddress                    0x08003609   Thumb Code     8  usb_prop.o(i.USBD_SetDeviceAddress)
    USBD_SetDeviceFeature                    0x08003615   Thumb Code     2  usb_prop.o(i.USBD_SetDeviceFeature)
    USBD_Status_In                           0x08003619   Thumb Code    60  usb_prop.o(i.USBD_Status_In)
    USBD_Status_Out                          0x08003679   Thumb Code     2  usb_prop.o(i.USBD_Status_Out)
    USBD_init                                0x0800367d   Thumb Code    84  usb_prop.o(i.USBD_init)
    USBHD_Device_Endp_Init                   0x080036e1   Thumb Code    70  ch32f10x_usbfs_device.o(i.USBHD_Device_Endp_Init)
    USBHD_IRQHandler                         0x08003739   Thumb Code  1566  ch32f10x_usbfs_device.o(i.USBHD_IRQHandler)
    USBWakeUp_IRQHandler                     0x08003d61   Thumb Code     8  hw_config.o(i.USBWakeUp_IRQHandler)
    USB_Init                                 0x08003d69   Thumb Code    22  usb_init.o(i.USB_Init)
    USB_Interrupts_Config                    0x08003d91   Thumb Code    80  hw_config.o(i.USB_Interrupts_Config)
    USB_Istr                                 0x08003de1   Thumb Code   322  usb_istr.o(i.USB_Istr)
    USB_LP_CAN1_RX0_IRQHandler               0x08003f3d   Thumb Code     4  hw_config.o(i.USB_LP_CAN1_RX0_IRQHandler)
    USB_Port_Set                             0x08003f41   Thumb Code   118  hw_config.o(i.USB_Port_Set)
    USB_SIL_Init                             0x08003fc5   Thumb Code    24  usb_sil.o(i.USB_SIL_Init)
    USB_SIL_Write                            0x08003fe5   Thumb Code    38  usb_sil.o(i.USB_SIL_Write)
    UsageFault_Handler                       0x0800400b   Thumb Code     2  ch32f10x_it.o(i.UsageFault_Handler)
    UserToPMABufferCopy                      0x0800400d   Thumb Code    38  usb_mem.o(i.UserToPMABufferCopy)
    _is_digit                                0x08004039   Thumb Code    14  __printf_wp.o(i._is_digit)
    fputc                                    0x080040bd   Thumb Code    30  debug.o(i.fputc)
    main                                     0x080040e1   Thumb Code    74  main.o(i.main)
    press_buttons                            0x08004165   Thumb Code     4  easycon_api.o(i.press_buttons)
    release_buttons                          0x08004169   Thumb Code     4  easycon_api.o(i.release_buttons)
    reset_hid_report                         0x0800416d   Thumb Code     4  easycon_api.o(i.reset_hid_report)
    set_HAT_switch                           0x08004171   Thumb Code     4  easycon_api.o(i.set_HAT_switch)
    set_buttons                              0x08004175   Thumb Code     4  easycon_api.o(i.set_buttons)
    set_left_stick                           0x08004179   Thumb Code     4  easycon_api.o(i.set_left_stick)
    set_right_stick                          0x0800417d   Thumb Code     4  easycon_api.o(i.set_right_stick)
    usbd_send                                0x08004181   Thumb Code    46  hid.o(i.usbd_send)
    MyDevDescr                               0x080041bc   Data          18  husb_desc.o(.constdata)
    MyCfgDescr                               0x080041ce   Data          67  husb_desc.o(.constdata)
    MyLangDescr                              0x08004211   Data           4  husb_desc.o(.constdata)
    MyManuInfo                               0x08004215   Data          14  husb_desc.o(.constdata)
    MyProdInfo                               0x08004223   Data          22  husb_desc.o(.constdata)
    MySerNumInfo                             0x08004239   Data          22  husb_desc.o(.constdata)
    USBD_DeviceDescriptor                    0x0800424f   Data          18  usb_desc.o(.constdata)
    USBD_ConfigDescriptor                    0x08004261   Data          41  usb_desc.o(.constdata)
    USBD_StringLangID                        0x0800428a   Data           4  usb_desc.o(.constdata)
    USBD_StringVendor                        0x0800428e   Data          16  usb_desc.o(.constdata)
    USBD_StringProduct                       0x0800429e   Data          46  usb_desc.o(.constdata)
    USBD_HidRepDesc                          0x080042cc   Data          86  usb_desc.o(.constdata)
    Region$$Table$$Base                      0x0800435c   Number         0  anon$$obj.o(Region$$Table)
    Region$$Table$$Limit                     0x0800437c   Number         0  anon$$obj.o(Region$$Table)
    SystemCoreClock                          0x20000000   Data           4  system_ch32f10x.o(.data)
    AHBPrescTable                            0x20000004   Data          16  system_ch32f10x.o(.data)
    next_report                              0x20000014   Data           8  hid.o(.data)
    UARTx_Rx_DMACurCount                     0x200003e0   Data           4  uart.o(.data)
    UARTx_Rx_DMALastCount                    0x200003e4   Data           4  uart.o(.data)
    USBHD_SetupReqCode                       0x200003e8   Data           1  ch32f10x_usbfs_device.o(.data)
    USBHD_SetupReqType                       0x200003e9   Data           1  ch32f10x_usbfs_device.o(.data)
    USBHD_DevConfig                          0x200003ea   Data           1  ch32f10x_usbfs_device.o(.data)
    USBHD_DevAddr                            0x200003eb   Data           1  ch32f10x_usbfs_device.o(.data)
    USBHD_DevSleepStatus                     0x200003ec   Data           1  ch32f10x_usbfs_device.o(.data)
    USBHD_DevEnumStatus                      0x200003ed   Data           1  ch32f10x_usbfs_device.o(.data)
    USBHD_SetupReqValue                      0x200003ee   Data           2  ch32f10x_usbfs_device.o(.data)
    USBHD_SetupReqIndex                      0x200003f0   Data           2  ch32f10x_usbfs_device.o(.data)
    USBHD_SetupReqLen                        0x200003f2   Data           2  ch32f10x_usbfs_device.o(.data)
    pUSBHD_Descr                             0x200003f4   Data           4  ch32f10x_usbfs_device.o(.data)
    USBHD_Endp_Busy                          0x200003f8   Data           8  ch32f10x_usbfs_device.o(.data)
    __stdout                                 0x20000404   Data           4  debug.o(.data)
    pEP0_RAM_Addr                            0x2000041c   Data           4  ch32f10x_usb.o(.data)
    pEP1_RAM_Addr                            0x20000420   Data           4  ch32f10x_usb.o(.data)
    pEP2_RAM_Addr                            0x20000424   Data           4  ch32f10x_usb.o(.data)
    pEP3_RAM_Addr                            0x20000428   Data           4  ch32f10x_usb.o(.data)
    Data_Mul_MaxPacketSize                   0x2000042c   Data           1  usb_core.o(.data)
    StatusInfo                               0x2000042e   Data           2  usb_core.o(.data)
    EPindex                                  0x20000430   Data           1  usb_init.o(.data)
    pInformation                             0x20000434   Data           4  usb_init.o(.data)
    pProperty                                0x20000438   Data           4  usb_init.o(.data)
    pUser_Standard_Requests                  0x2000043c   Data           4  usb_init.o(.data)
    wInterrupt_Mask                          0x20000440   Data           2  usb_init.o(.data)
    SaveRState                               0x20000442   Data           2  usb_int.o(.data)
    SaveTState                               0x20000444   Data           2  usb_int.o(.data)
    USBD_StringSerial                        0x20000446   Data          22  usb_desc.o(.data)
    USBD_Endp1_Busy                          0x2000045c   Data           1  usb_endp.o(.data)
    USBD_Endp2_Busy                          0x2000045d   Data           1  usb_endp.o(.data)
    bIntPackSOF                              0x20000460   Data           1  usb_istr.o(.data)
    wIstr                                    0x20000462   Data           2  usb_istr.o(.data)
    esof_counter                             0x20000464   Data           4  usb_istr.o(.data)
    wCNTR                                    0x20000468   Data           4  usb_istr.o(.data)
    pEpInt_IN                                0x2000046c   Data          28  usb_istr.o(.data)
    pEpInt_OUT                               0x20000488   Data          28  usb_istr.o(.data)
    HID_Idle_Value                           0x200004a4   Data           2  usb_prop.o(.data)
    HID_Protocol_Value                       0x200004a6   Data           2  usb_prop.o(.data)
    Device_Descriptor                        0x200004a8   Data           8  usb_prop.o(.data)
    Config_Descriptor                        0x200004b0   Data           8  usb_prop.o(.data)
    Report_Descriptor                        0x200004b8   Data           8  usb_prop.o(.data)
    Hid_Descriptor                           0x200004c0   Data           8  usb_prop.o(.data)
    Device_Property                          0x200004c8   Data          48  usb_prop.o(.data)
    String_Descriptor                        0x200004f8   Data          32  usb_prop.o(.data)
    Device_Table                             0x20000518   Data           2  usb_prop.o(.data)
    User_Standard_Requests                   0x2000051c   Data          36  usb_prop.o(.data)
    bDeviceState                             0x20000540   Data           4  usb_pwr.o(.data)
    fSuspendEnabled                          0x20000544   Data           1  usb_pwr.o(.data)
    ResumeS                                  0x20000548   Data           2  usb_pwr.o(.data)
    remotewakeupon                           0x2000054c   Data           4  usb_pwr.o(.data)
    UART2_RxBuffer                           0x20000550   Data        2048  usbd_compatibility_hid.o(.bss)
    HIDTxBuffer                              0x20000d50   Data          64  usbd_compatibility_hid.o(.bss)
    HID_Report_Buffer                        0x20000d90   Data          64  usbd_compatibility_hid.o(.bss)
    Uart                                     0x20000dd0   Data         102  uart.o(.bss)
    UART1_Tx_Buf                             0x20000e38   Data        2048  uart.o(.bss)
    UART1_Rx_Buf                             0x20001638   Data        6144  uart.o(.bss)
    USBHD_EP0_Buf                            0x20002e38   Data          64  ch32f10x_usbfs_device.o(.bss)
    USBHD_EP1_Buf                            0x20002e78   Data          64  ch32f10x_usbfs_device.o(.bss)
    USBHD_EP2_Buf                            0x20002eb8   Data         128  ch32f10x_usbfs_device.o(.bss)
    Device_Info                              0x20002f38   Data          28  usb_init.o(.bss)
    EP                                       0x20002f54   Data          32  usb_pwr.o(.bss)
    _random_number_data                      0x20002f74   Data         228  rand.o(.bss)
    __libspace_start                         0x20003058   Data          96  libspace.o(.bss)
    __temporary_stack_top$libspace           0x200030b8   Data           0  libspace.o(.bss)



==============================================================================

Memory Map of the image

  Image Entry point : 0x080000f1

  Load Region LR_IROM1 (Base: 0x08000000, Size: 0x000048cc, Max: 0x00010000, ABSOLUTE, COMPRESSED[0x00004430])

    Execution Region ER_IROM1 (Exec base: 0x08000000, Load base: 0x08000000, Size: 0x0000437c, Max: 0x00010000, ABSOLUTE)

    Exec Addr    Load Addr    Size         Type   Attr      Idx    E Section Name        Object

    0x08000000   0x08000000   0x000000f0   Data   RO          803    RESET               startup_ch32f10x.o
    0x080000f0   0x080000f0   0x00000008   Code   RO         4494  * !!!main             c_w.l(__main.o)
    0x080000f8   0x080000f8   0x00000034   Code   RO         4670    !!!scatter          c_w.l(__scatter.o)
    0x0800012c   0x0800012c   0x0000005a   Code   RO         4668    !!dczerorl2         c_w.l(__dczerorl2.o)
    0x08000186   0x08000186   0x00000002   PAD
    0x08000188   0x08000188   0x0000001c   Code   RO         4672    !!handler_zi        c_w.l(__scatter_zi.o)
    0x080001a4   0x080001a4   0x00000000   Code   RO         4480    .ARM.Collect$$_printf_percent$$00000000  c_w.l(_printf_percent.o)
    0x080001a4   0x080001a4   0x00000006   Code   RO         4479    .ARM.Collect$$_printf_percent$$00000009  c_w.l(_printf_d.o)
    0x080001aa   0x080001aa   0x00000006   Code   RO         4478    .ARM.Collect$$_printf_percent$$0000000C  c_w.l(_printf_x.o)
    0x080001b0   0x080001b0   0x00000004   Code   RO         4501    .ARM.Collect$$_printf_percent$$00000017  c_w.l(_printf_percent_end.o)
    0x080001b4   0x080001b4   0x00000002   Code   RO         4589    .ARM.Collect$$libinit$$00000000  c_w.l(libinit.o)
    0x080001b6   0x080001b6   0x00000000   Code   RO         4505    .ARM.Collect$$libinit$$00000002  c_w.l(libinit2.o)
    0x080001b6   0x080001b6   0x00000000   Code   RO         4507    .ARM.Collect$$libinit$$00000004  c_w.l(libinit2.o)
    0x080001b6   0x080001b6   0x00000000   Code   RO         4510    .ARM.Collect$$libinit$$0000000A  c_w.l(libinit2.o)
    0x080001b6   0x080001b6   0x00000000   Code   RO         4512    .ARM.Collect$$libinit$$0000000C  c_w.l(libinit2.o)
    0x080001b6   0x080001b6   0x00000004   Code   RO         4513    .ARM.Collect$$libinit$$0000000D  c_w.l(libinit2.o)
    0x080001ba   0x080001ba   0x00000000   Code   RO         4514    .ARM.Collect$$libinit$$0000000E  c_w.l(libinit2.o)
    0x080001ba   0x080001ba   0x00000000   Code   RO         4517    .ARM.Collect$$libinit$$00000011  c_w.l(libinit2.o)
    0x080001ba   0x080001ba   0x00000000   Code   RO         4519    .ARM.Collect$$libinit$$00000013  c_w.l(libinit2.o)
    0x080001ba   0x080001ba   0x00000000   Code   RO         4521    .ARM.Collect$$libinit$$00000015  c_w.l(libinit2.o)
    0x080001ba   0x080001ba   0x00000000   Code   RO         4523    .ARM.Collect$$libinit$$00000017  c_w.l(libinit2.o)
    0x080001ba   0x080001ba   0x00000000   Code   RO         4525    .ARM.Collect$$libinit$$00000019  c_w.l(libinit2.o)
    0x080001ba   0x080001ba   0x00000000   Code   RO         4527    .ARM.Collect$$libinit$$0000001B  c_w.l(libinit2.o)
    0x080001ba   0x080001ba   0x00000000   Code   RO         4529    .ARM.Collect$$libinit$$0000001D  c_w.l(libinit2.o)
    0x080001ba   0x080001ba   0x00000000   Code   RO         4531    .ARM.Collect$$libinit$$0000001F  c_w.l(libinit2.o)
    0x080001ba   0x080001ba   0x00000000   Code   RO         4533    .ARM.Collect$$libinit$$00000021  c_w.l(libinit2.o)
    0x080001ba   0x080001ba   0x00000000   Code   RO         4535    .ARM.Collect$$libinit$$00000023  c_w.l(libinit2.o)
    0x080001ba   0x080001ba   0x00000000   Code   RO         4537    .ARM.Collect$$libinit$$00000025  c_w.l(libinit2.o)
    0x080001ba   0x080001ba   0x00000000   Code   RO         4541    .ARM.Collect$$libinit$$0000002C  c_w.l(libinit2.o)
    0x080001ba   0x080001ba   0x00000000   Code   RO         4543    .ARM.Collect$$libinit$$0000002E  c_w.l(libinit2.o)
    0x080001ba   0x080001ba   0x00000000   Code   RO         4545    .ARM.Collect$$libinit$$00000030  c_w.l(libinit2.o)
    0x080001ba   0x080001ba   0x00000000   Code   RO         4547    .ARM.Collect$$libinit$$00000032  c_w.l(libinit2.o)
    0x080001ba   0x080001ba   0x00000002   Code   RO         4548    .ARM.Collect$$libinit$$00000033  c_w.l(libinit2.o)
    0x080001bc   0x080001bc   0x00000002   Code   RO         4627    .ARM.Collect$$libshutdown$$00000000  c_w.l(libshutdown.o)
    0x080001be   0x080001be   0x00000000   Code   RO         4633    .ARM.Collect$$libshutdown$$00000002  c_w.l(libshutdown2.o)
    0x080001be   0x080001be   0x00000000   Code   RO         4635    .ARM.Collect$$libshutdown$$00000004  c_w.l(libshutdown2.o)
    0x080001be   0x080001be   0x00000000   Code   RO         4637    .ARM.Collect$$libshutdown$$00000006  c_w.l(libshutdown2.o)
    0x080001be   0x080001be   0x00000000   Code   RO         4640    .ARM.Collect$$libshutdown$$00000009  c_w.l(libshutdown2.o)
    0x080001be   0x080001be   0x00000000   Code   RO         4643    .ARM.Collect$$libshutdown$$0000000C  c_w.l(libshutdown2.o)
    0x080001be   0x080001be   0x00000000   Code   RO         4645    .ARM.Collect$$libshutdown$$0000000E  c_w.l(libshutdown2.o)
    0x080001be   0x080001be   0x00000000   Code   RO         4648    .ARM.Collect$$libshutdown$$00000011  c_w.l(libshutdown2.o)
    0x080001be   0x080001be   0x00000002   Code   RO         4649    .ARM.Collect$$libshutdown$$00000012  c_w.l(libshutdown2.o)
    0x080001c0   0x080001c0   0x00000000   Code   RO         4496    .ARM.Collect$$rtentry$$00000000  c_w.l(__rtentry.o)
    0x080001c0   0x080001c0   0x00000000   Code   RO         4550    .ARM.Collect$$rtentry$$00000002  c_w.l(__rtentry2.o)
    0x080001c0   0x080001c0   0x00000006   Code   RO         4562    .ARM.Collect$$rtentry$$00000004  c_w.l(__rtentry4.o)
    0x080001c6   0x080001c6   0x00000000   Code   RO         4552    .ARM.Collect$$rtentry$$00000009  c_w.l(__rtentry2.o)
    0x080001c6   0x080001c6   0x00000004   Code   RO         4553    .ARM.Collect$$rtentry$$0000000A  c_w.l(__rtentry2.o)
    0x080001ca   0x080001ca   0x00000000   Code   RO         4555    .ARM.Collect$$rtentry$$0000000C  c_w.l(__rtentry2.o)
    0x080001ca   0x080001ca   0x00000008   Code   RO         4556    .ARM.Collect$$rtentry$$0000000D  c_w.l(__rtentry2.o)
    0x080001d2   0x080001d2   0x00000002   Code   RO         4595    .ARM.Collect$$rtexit$$00000000  c_w.l(rtexit.o)
    0x080001d4   0x080001d4   0x00000000   Code   RO         4607    .ARM.Collect$$rtexit$$00000002  c_w.l(rtexit2.o)
    0x080001d4   0x080001d4   0x00000004   Code   RO         4608    .ARM.Collect$$rtexit$$00000003  c_w.l(rtexit2.o)
    0x080001d8   0x080001d8   0x00000006   Code   RO         4609    .ARM.Collect$$rtexit$$00000004  c_w.l(rtexit2.o)
    0x080001de   0x080001de   0x00000002   PAD
    0x080001e0   0x080001e0   0x00000034   Code   RO         4481    .emb_text           c_w.l(rand.o)
    0x08000214   0x08000214   0x00000040   Code   RO          804    .text               startup_ch32f10x.o
    0x08000254   0x08000254   0x00000018   Code   RO         4429    .text               c_w.l(noretval__2printf.o)
    0x0800026c   0x0800026c   0x0000004e   Code   RO         4433    .text               c_w.l(_printf_pad.o)
    0x080002ba   0x080002ba   0x00000002   PAD
    0x080002bc   0x080002bc   0x00000078   Code   RO         4435    .text               c_w.l(_printf_dec.o)
    0x08000334   0x08000334   0x00000058   Code   RO         4440    .text               c_w.l(_printf_hex_int.o)
    0x0800038c   0x0800038c   0x00000188   Code   RO         4475    .text               c_w.l(__printf_flags_ss_wp.o)
    0x08000514   0x08000514   0x0000003c   Code   RO         4482    .text               c_w.l(rand.o)
    0x08000550   0x08000550   0x0000008a   Code   RO         4486    .text               c_w.l(rt_memcpy_v6.o)
    0x080005da   0x080005da   0x00000044   Code   RO         4488    .text               c_w.l(rt_memclr.o)
    0x0800061e   0x0800061e   0x0000004e   Code   RO         4490    .text               c_w.l(rt_memclr_w.o)
    0x0800066c   0x0800066c   0x00000006   Code   RO         4492    .text               c_w.l(heapauxi.o)
    0x08000672   0x08000672   0x000000b2   Code   RO         4497    .text               c_w.l(_printf_intcommon.o)
    0x08000724   0x08000724   0x00000024   Code   RO         4499    .text               c_w.l(_printf_char_file.o)
    0x08000748   0x08000748   0x00000064   Code   RO         4502    .text               c_w.l(rt_memcpy_w.o)
    0x080007ac   0x080007ac   0x00000030   Code   RO         4564    .text               c_w.l(_printf_char_common.o)
    0x080007dc   0x080007dc   0x00000008   Code   RO         4566    .text               c_w.l(ferror.o)
    0x080007e4   0x080007e4   0x0000004a   Code   RO         4574    .text               c_w.l(sys_stackheap_outer.o)
    0x0800082e   0x0800082e   0x00000012   Code   RO         4578    .text               c_w.l(exit.o)
    0x08000840   0x08000840   0x00000008   Code   RO         4592    .text               c_w.l(libspace.o)
    0x08000848   0x08000848   0x00000002   Code   RO         4603    .text               c_w.l(use_no_semi.o)
    0x0800084a   0x0800084a   0x00000000   Code   RO         4605    .text               c_w.l(indicate_semi.o)
    0x0800084a   0x0800084a   0x00000002   PAD
    0x0800084c   0x0800084c   0x0000000c   Code   RO         4619    .text               c_w.l(sys_exit.o)
    0x08000858   0x08000858   0x00000002   Code   RO            1    i.BusFault_Handler  ch32f10x_it.o
    0x0800085a   0x0800085a   0x0000000a   Code   RO         3717    i.ByteSwap          usb_regs.o
    0x08000864   0x08000864   0x00000284   Code   RO         3670    i.CTR_LP            usb_int.o
    0x08000ae8   0x08000ae8   0x00000028   Code   RO         3718    i.ClearDTOG_RX      usb_regs.o
    0x08000b10   0x08000b10   0x00000028   Code   RO         3719    i.ClearDTOG_TX      usb_regs.o
    0x08000b38   0x08000b38   0x00000020   Code   RO         3724    i.Clear_Status_Out  usb_regs.o
    0x08000b58   0x08000b58   0x0000001a   Code   RO         1473    i.DMA_Cmd           ch32f10x_dma.o
    0x08000b72   0x08000b72   0x00000002   PAD
    0x08000b74   0x08000b74   0x000000f8   Code   RO         1474    i.DMA_DeInit        ch32f10x_dma.o
    0x08000c6c   0x08000c6c   0x0000003a   Code   RO         1479    i.DMA_Init          ch32f10x_dma.o
    0x08000ca6   0x08000ca6   0x00000002   PAD
    0x08000ca8   0x08000ca8   0x000000b8   Code   RO         3521    i.DataStageIn       usb_core.o
    0x08000d60   0x08000d60   0x000000a0   Code   RO         3522    i.DataStageOut      usb_core.o
    0x08000e00   0x08000e00   0x000001b8   Code   RO         3523    i.Data_Setup0       usb_core.o
    0x08000fb8   0x08000fb8   0x00000002   Code   RO            2    i.DebugMon_Handler  ch32f10x_it.o
    0x08000fba   0x08000fba   0x00000002   PAD
    0x08000fbc   0x08000fbc   0x0000003c   Code   RO          819    i.Delay_Init        debug.o
    0x08000ff8   0x08000ff8   0x00000034   Code   RO          820    i.Delay_Ms          debug.o
    0x0800102c   0x0800102c   0x0000000c   Code   RO         4193    i.EP1_IN_Callback   usb_endp.o
    0x08001038   0x08001038   0x0000000c   Code   RO         1544    i.EXTI_ClearITPendingBit  ch32f10x_exti.o
    0x08001044   0x08001044   0x00000074   Code   RO         1549    i.EXTI_Init         ch32f10x_exti.o
    0x080010b8   0x080010b8   0x00000002   Code   RO          549    i.EasyCon_blink_led  easycon_api.o
    0x080010ba   0x080010ba   0x00000002   PAD
    0x080010bc   0x080010bc   0x00000014   Code   RO          433    i.EasyCon_need_send_report  easycon.o
    0x080010d0   0x080010d0   0x00000004   Code   RO          550    i.EasyCon_read_byte  easycon_api.o
    0x080010d4   0x080010d4   0x00000034   Code   RO          434    i.EasyCon_report_send_callback  easycon.o
    0x08001108   0x08001108   0x00000002   Code   RO          551    i.EasyCon_runningLED_off  easycon_api.o
    0x0800110a   0x0800110a   0x00000002   Code   RO          552    i.EasyCon_runningLED_on  easycon_api.o
    0x0800110c   0x0800110c   0x00000150   Code   RO          436    i.EasyCon_script_init  easycon.o
    0x0800125c   0x0800125c   0x00000078   Code   RO          437    i.EasyCon_script_start  easycon.o
    0x080012d4   0x080012d4   0x00000028   Code   RO          438    i.EasyCon_script_stop  easycon.o
    0x080012fc   0x080012fc   0x0000089c   Code   RO          439    i.EasyCon_script_task  easycon.o
    0x08001b98   0x08001b98   0x00000024   Code   RO          440    i.EasyCon_script_tick  easycon.o
    0x08001bbc   0x08001bbc   0x00000018   Code   RO          553    i.EasyCon_serial_send  easycon_api.o
    0x08001bd4   0x08001bd4   0x0000024c   Code   RO          441    i.EasyCon_serial_task  easycon.o
    0x08001e20   0x08001e20   0x0000001c   Code   RO          442    i.EasyCon_tick      easycon.o
    0x08001e3c   0x08001e3c   0x00000002   Code   RO          554    i.EasyCon_write_data  easycon_api.o
    0x08001e3e   0x08001e3e   0x00000002   Code   RO          555    i.EasyCon_write_end  easycon_api.o
    0x08001e40   0x08001e40   0x00000002   Code   RO          556    i.EasyCon_write_start  easycon_api.o
    0x08001e42   0x08001e42   0x00000002   PAD
    0x08001e44   0x08001e44   0x00000030   Code   RO         4101    i.Enter_LowPowerMode  hw_config.o
    0x08001e74   0x08001e74   0x000000a6   Code   RO         1812    i.GPIO_Init         ch32f10x_gpio.o
    0x08001f1a   0x08001f1a   0x00000004   Code   RO         1820    i.GPIO_SetBits      ch32f10x_gpio.o
    0x08001f1e   0x08001f1e   0x00000002   PAD
    0x08001f20   0x08001f20   0x00000020   Code   RO         3736    i.GetEPRxAddr       usb_regs.o
    0x08001f40   0x08001f40   0x0000001c   Code   RO         3739    i.GetEPTxAddr       usb_regs.o
    0x08001f5c   0x08001f5c   0x00000018   Code   RO          356    i.HIDInit           hid.o
    0x08001f74   0x08001f74   0x00000004   Code   RO          357    i.HIDTask           hid.o
    0x08001f78   0x08001f78   0x0000001c   Code   RO         4235    i.HID_Get_Idle      usb_prop.o
    0x08001f94   0x08001f94   0x0000001c   Code   RO         4236    i.HID_Get_Protocol  usb_prop.o
    0x08001fb0   0x08001fb0   0x0000001c   Code   RO         4237    i.HID_Get_Report    usb_prop.o
    0x08001fcc   0x08001fcc   0x0000001c   Code   RO         4238    i.HID_Set_Report    usb_prop.o
    0x08001fe8   0x08001fe8   0x00000002   Code   RO            3    i.HardFault_Handler  ch32f10x_it.o
    0x08001fea   0x08001fea   0x00000002   PAD
    0x08001fec   0x08001fec   0x00000060   Code   RO         3524    i.In0_Process       usb_core.o
    0x0800204c   0x0800204c   0x00000040   Code   RO         4102    i.Leave_LowPowerMode  hw_config.o
    0x0800208c   0x0800208c   0x00000002   Code   RO            4    i.MemManage_Handler  ch32f10x_it.o
    0x0800208e   0x0800208e   0x00000002   Code   RO            5    i.NMI_Handler       ch32f10x_it.o
    0x08002090   0x08002090   0x00000002   Code   RO         3525    i.NOP_Process       usb_core.o
    0x08002092   0x08002092   0x00000002   PAD
    0x08002094   0x08002094   0x00000064   Code   RO         2161    i.NVIC_Init         ch32f10x_misc.o
    0x080020f8   0x080020f8   0x00000014   Code   RO         2162    i.NVIC_PriorityGroupConfig  ch32f10x_misc.o
    0x0800210c   0x0800210c   0x000000e0   Code   RO         3526    i.NoData_Setup0     usb_core.o
    0x080021ec   0x080021ec   0x0000004c   Code   RO         3527    i.Out0_Process      usb_core.o
    0x08002238   0x08002238   0x00000024   Code   RO         3699    i.PMAToUserBufferCopy  usb_mem.o
    0x0800225c   0x0800225c   0x00000002   Code   RO            6    i.PendSV_Handler    ch32f10x_it.o
    0x0800225e   0x0800225e   0x00000002   PAD
    0x08002260   0x08002260   0x00000040   Code   RO         3528    i.Post0_Process     usb_core.o
    0x080022a0   0x080022a0   0x00000024   Code   RO         4381    i.PowerOn           usb_pwr.o
    0x080022c4   0x080022c4   0x00000010   Code   RO          358    i.PressButtons      hid.o
    0x080022d4   0x080022d4   0x0000001c   Code   RO         2259    i.RCC_APB1PeriphClockCmd  ch32f10x_rcc.o
    0x080022f0   0x080022f0   0x0000001c   Code   RO         2261    i.RCC_APB2PeriphClockCmd  ch32f10x_rcc.o
    0x0800230c   0x0800230c   0x000000c0   Code   RO         2269    i.RCC_GetClocksFreq  ch32f10x_rcc.o
    0x080023cc   0x080023cc   0x0000000c   Code   RO         2287    i.RCC_USBCLKConfig  ch32f10x_rcc.o
    0x080023d8   0x080023d8   0x00000010   Code   RO          359    i.ReleaseButtons    hid.o
    0x080023e8   0x080023e8   0x00000020   Code   RO          360    i.Report_Task       hid.o
    0x08002408   0x08002408   0x0000001c   Code   RO          361    i.ResetReport       hid.o
    0x08002424   0x08002424   0x0000009c   Code   RO         4382    i.Resume            usb_pwr.o
    0x080024c0   0x080024c0   0x00000020   Code   RO         4383    i.Resume_Init       usb_pwr.o
    0x080024e0   0x080024e0   0x00000002   Code   RO            7    i.SVC_Handler       ch32f10x_it.o
    0x080024e2   0x080024e2   0x00000002   PAD
    0x080024e4   0x080024e4   0x00000010   Code   RO         3747    i.SetBTABLE         usb_regs.o
    0x080024f4   0x080024f4   0x0000000c   Code   RO          362    i.SetButtons        hid.o
    0x08002500   0x08002500   0x00000048   Code   RO         3529    i.SetDeviceAddress  usb_core.o
    0x08002548   0x08002548   0x00000020   Code   RO         3761    i.SetEPRxAddr       usb_regs.o
    0x08002568   0x08002568   0x00000044   Code   RO         3762    i.SetEPRxCount      usb_regs.o
    0x080025ac   0x080025ac   0x00000044   Code   RO         3763    i.SetEPRxStatus     usb_regs.o
    0x080025f0   0x080025f0   0x0000003c   Code   RO         3764    i.SetEPRxValid      usb_regs.o
    0x0800262c   0x0800262c   0x00000020   Code   RO         3765    i.SetEPTxAddr       usb_regs.o
    0x0800264c   0x0800264c   0x0000001c   Code   RO         3766    i.SetEPTxCount      usb_regs.o
    0x08002668   0x08002668   0x00000044   Code   RO         3767    i.SetEPTxStatus     usb_regs.o
    0x080026ac   0x080026ac   0x0000001c   Code   RO         3769    i.SetEPType         usb_regs.o
    0x080026c8   0x080026c8   0x0000000c   Code   RO          363    i.SetHATSwitch      hid.o
    0x080026d4   0x080026d4   0x0000000c   Code   RO          364    i.SetLeftStick      hid.o
    0x080026e0   0x080026e0   0x0000000c   Code   RO          365    i.SetRightStick     hid.o
    0x080026ec   0x080026ec   0x00000004   Code   RO          251    i.SetSysClock       system_ch32f10x.o
    0x080026f0   0x080026f0   0x000000b0   Code   RO          252    i.SetSysClockTo72_HSE  system_ch32f10x.o
    0x080027a0   0x080027a0   0x00000014   Code   RO         4103    i.Set_USBConfig     hw_config.o
    0x080027b4   0x080027b4   0x00000088   Code   RO         3530    i.Setup0_Process    usb_core.o
    0x0800283c   0x0800283c   0x00000134   Code   RO         3531    i.Standard_ClearFeature  usb_core.o
    0x08002970   0x08002970   0x00000028   Code   RO         3532    i.Standard_GetConfiguration  usb_core.o
    0x08002998   0x08002998   0x00000020   Code   RO         3533    i.Standard_GetDescriptorData  usb_core.o
    0x080029b8   0x080029b8   0x00000028   Code   RO         3534    i.Standard_GetInterface  usb_core.o
    0x080029e0   0x080029e0   0x000000bc   Code   RO         3535    i.Standard_GetStatus  usb_core.o
    0x08002a9c   0x08002a9c   0x00000038   Code   RO         3536    i.Standard_SetConfiguration  usb_core.o
    0x08002ad4   0x08002ad4   0x00000024   Code   RO         3537    i.Standard_SetDeviceFeature  usb_core.o
    0x08002af8   0x08002af8   0x000000b8   Code   RO         3538    i.Standard_SetEndPointFeature  usb_core.o
    0x08002bb0   0x08002bb0   0x0000004c   Code   RO         3539    i.Standard_SetInterface  usb_core.o
    0x08002bfc   0x08002bfc   0x00000080   Code   RO         4384    i.Suspend           usb_pwr.o
    0x08002c7c   0x08002c7c   0x0000001c   Code   RO         2165    i.SysTick_CLKSourceConfig  ch32f10x_misc.o
    0x08002c98   0x08002c98   0x00000002   Code   RO            8    i.SysTick_Handler   ch32f10x_it.o
    0x08002c9a   0x08002c9a   0x00000002   PAD
    0x08002c9c   0x08002c9c   0x00000050   Code   RO          254    i.SystemInit        system_ch32f10x.o
    0x08002cec   0x08002cec   0x00000012   Code   RO          287    i.TIM2_IRQHandler   usbd_compatibility_hid.o
    0x08002cfe   0x08002cfe   0x00000062   Code   RO          288    i.TIM2_Init         usbd_compatibility_hid.o
    0x08002d60   0x08002d60   0x00000006   Code   RO         2702    i.TIM_ClearITPendingBit  ch32f10x_tim.o
    0x08002d66   0x08002d66   0x00000018   Code   RO         2707    i.TIM_Cmd           ch32f10x_tim.o
    0x08002d7e   0x08002d7e   0x00000014   Code   RO         2732    i.TIM_ITConfig      ch32f10x_tim.o
    0x08002d92   0x08002d92   0x00000002   PAD
    0x08002d94   0x08002d94   0x00000050   Code   RO         2778    i.TIM_TimeBaseInit  ch32f10x_tim.o
    0x08002de4   0x08002de4   0x00000114   Code   RO          648    i.UART1_CfgInit     uart.o
    0x08002ef8   0x08002ef8   0x000000ac   Code   RO          649    i.UART1_DMAInit     uart.o
    0x08002fa4   0x08002fa4   0x00000070   Code   RO          652    i.UART1_Init        uart.o
    0x08003014   0x08003014   0x00000068   Code   RO          653    i.UART1_ParaInit    uart.o
    0x0800307c   0x0800307c   0x00000058   Code   RO          654    i.UART1_USB_Init    uart.o
    0x080030d4   0x080030d4   0x00000028   Code   RO          822    i.USART1_IRQHandler  debug.o
    0x080030fc   0x080030fc   0x00000006   Code   RO         3239    i.USART_ClearFlag   ch32f10x_usart.o
    0x08003102   0x08003102   0x00000018   Code   RO         3243    i.USART_Cmd         ch32f10x_usart.o
    0x0800311a   0x0800311a   0x00000014   Code   RO         3244    i.USART_DMACmd      ch32f10x_usart.o
    0x0800312e   0x0800312e   0x0000000e   Code   RO         3246    i.USART_GetFlagStatus  ch32f10x_usart.o
    0x0800313c   0x0800313c   0x0000003c   Code   RO         3247    i.USART_GetITStatus  ch32f10x_usart.o
    0x08003178   0x08003178   0x00000032   Code   RO         3249    i.USART_ITConfig    ch32f10x_usart.o
    0x080031aa   0x080031aa   0x00000002   PAD
    0x080031ac   0x080031ac   0x000000bc   Code   RO         3250    i.USART_Init        ch32f10x_usart.o
    0x08003268   0x08003268   0x00000094   Code   RO          823    i.USART_Printf_Init  debug.o
    0x080032fc   0x080032fc   0x00000008   Code   RO         3257    i.USART_ReceiveData  ch32f10x_usart.o
    0x08003304   0x08003304   0x00000008   Code   RO         3260    i.USART_SendData    ch32f10x_usart.o
    0x0800330c   0x0800330c   0x00000002   Code   RO         4239    i.USBD_ClearFeature  usb_prop.o
    0x0800330e   0x0800330e   0x00000002   PAD
    0x08003310   0x08003310   0x0000009c   Code   RO         4240    i.USBD_Data_Setup   usb_prop.o
    0x080033ac   0x080033ac   0x0000004c   Code   RO         4194    i.USBD_ENDPx_DataUp  usb_endp.o
    0x080033f8   0x080033f8   0x0000000c   Code   RO         4241    i.USBD_GetConfigDescriptor  usb_prop.o
    0x08003404   0x08003404   0x0000000c   Code   RO         4242    i.USBD_GetDeviceDescriptor  usb_prop.o
    0x08003410   0x08003410   0x00000020   Code   RO         4243    i.USBD_GetHidDescriptor  usb_prop.o
    0x08003430   0x08003430   0x00000020   Code   RO         4244    i.USBD_GetReportDescriptor  usb_prop.o
    0x08003450   0x08003450   0x00000020   Code   RO         4245    i.USBD_GetStringDescriptor  usb_prop.o
    0x08003470   0x08003470   0x00000014   Code   RO         4246    i.USBD_Get_Interface_Setting  usb_prop.o
    0x08003484   0x08003484   0x0000004c   Code   RO         4247    i.USBD_NoData_Setup  usb_prop.o
    0x080034d0   0x080034d0   0x00000120   Code   RO         4248    i.USBD_Reset        usb_prop.o
    0x080035f0   0x080035f0   0x00000018   Code   RO         4249    i.USBD_SetConfiguration  usb_prop.o
    0x08003608   0x08003608   0x0000000c   Code   RO         4250    i.USBD_SetDeviceAddress  usb_prop.o
    0x08003614   0x08003614   0x00000002   Code   RO         4251    i.USBD_SetDeviceFeature  usb_prop.o
    0x08003616   0x08003616   0x00000002   PAD
    0x08003618   0x08003618   0x00000060   Code   RO         4252    i.USBD_Status_In    usb_prop.o
    0x08003678   0x08003678   0x00000002   Code   RO         4253    i.USBD_Status_Out   usb_prop.o
    0x0800367a   0x0800367a   0x00000002   PAD
    0x0800367c   0x0800367c   0x00000064   Code   RO         4254    i.USBD_init         usb_prop.o
    0x080036e0   0x080036e0   0x00000058   Code   RO          723    i.USBHD_Device_Endp_Init  ch32f10x_usbfs_device.o
    0x08003738   0x08003738   0x00000628   Code   RO          726    i.USBHD_IRQHandler  ch32f10x_usbfs_device.o
    0x08003d60   0x08003d60   0x00000008   Code   RO         4104    i.USBWakeUp_IRQHandler  hw_config.o
    0x08003d68   0x08003d68   0x00000028   Code   RO         3643    i.USB_Init          usb_init.o
    0x08003d90   0x08003d90   0x00000050   Code   RO         4105    i.USB_Interrupts_Config  hw_config.o
    0x08003de0   0x08003de0   0x0000015c   Code   RO         4215    i.USB_Istr          usb_istr.o
    0x08003f3c   0x08003f3c   0x00000004   Code   RO         4106    i.USB_LP_CAN1_RX0_IRQHandler  hw_config.o
    0x08003f40   0x08003f40   0x00000084   Code   RO         4107    i.USB_Port_Set      hw_config.o
    0x08003fc4   0x08003fc4   0x00000020   Code   RO         4077    i.USB_SIL_Init      usb_sil.o
    0x08003fe4   0x08003fe4   0x00000026   Code   RO         4079    i.USB_SIL_Write     usb_sil.o
    0x0800400a   0x0800400a   0x00000002   Code   RO            9    i.UsageFault_Handler  ch32f10x_it.o
    0x0800400c   0x0800400c   0x0000002c   Code   RO         3700    i.UserToPMABufferCopy  usb_mem.o
    0x08004038   0x08004038   0x0000000e   Code   RO         4468    i._is_digit         c_w.l(__printf_wp.o)
    0x08004046   0x08004046   0x00000002   PAD
    0x08004048   0x08004048   0x00000074   Code   RO          443    i.binaryop          easycon.o
    0x080040bc   0x080040bc   0x00000024   Code   RO          824    i.fputc             debug.o
    0x080040e0   0x080040e0   0x00000084   Code   RO          173    i.main              main.o
    0x08004164   0x08004164   0x00000004   Code   RO          557    i.press_buttons     easycon_api.o
    0x08004168   0x08004168   0x00000004   Code   RO          558    i.release_buttons   easycon_api.o
    0x0800416c   0x0800416c   0x00000004   Code   RO          559    i.reset_hid_report  easycon_api.o
    0x08004170   0x08004170   0x00000004   Code   RO          560    i.set_HAT_switch    easycon_api.o
    0x08004174   0x08004174   0x00000004   Code   RO          561    i.set_buttons       easycon_api.o
    0x08004178   0x08004178   0x00000004   Code   RO          562    i.set_left_stick    easycon_api.o
    0x0800417c   0x0800417c   0x00000004   Code   RO          563    i.set_right_stick   easycon_api.o
    0x08004180   0x08004180   0x0000003c   Code   RO          366    i.usbd_send         hid.o
    0x080041bc   0x080041bc   0x00000012   Data   RO          784    .constdata          husb_desc.o
    0x080041ce   0x080041ce   0x00000043   Data   RO          785    .constdata          husb_desc.o
    0x08004211   0x08004211   0x00000004   Data   RO          786    .constdata          husb_desc.o
    0x08004215   0x08004215   0x0000000e   Data   RO          787    .constdata          husb_desc.o
    0x08004223   0x08004223   0x00000016   Data   RO          788    .constdata          husb_desc.o
    0x08004239   0x08004239   0x00000016   Data   RO          789    .constdata          husb_desc.o
    0x0800424f   0x0800424f   0x00000012   Data   RO         4175    .constdata          usb_desc.o
    0x08004261   0x08004261   0x00000029   Data   RO         4176    .constdata          usb_desc.o
    0x0800428a   0x0800428a   0x00000004   Data   RO         4177    .constdata          usb_desc.o
    0x0800428e   0x0800428e   0x00000010   Data   RO         4178    .constdata          usb_desc.o
    0x0800429e   0x0800429e   0x0000002e   Data   RO         4179    .constdata          usb_desc.o
    0x080042cc   0x080042cc   0x00000056   Data   RO         4180    .constdata          usb_desc.o
    0x08004322   0x08004322   0x00000028   Data   RO         4441    .constdata          c_w.l(_printf_hex_int.o)
    0x0800434a   0x0800434a   0x00000011   Data   RO         4476    .constdata          c_w.l(__printf_flags_ss_wp.o)
    0x0800435b   0x0800435b   0x00000001   PAD
    0x0800435c   0x0800435c   0x00000020   Data   RO         4666    Region$$Table       anon$$obj.o


    Execution Region RW_IRAM1 (Exec base: 0x20000000, Load base: 0x0800437c, Size: 0x000036b8, Max: 0x00005000, ABSOLUTE, COMPRESSED[0x000000b4])

    Exec Addr    Load Addr    Size         Type   Attr      Idx    E Section Name        Object

    0x20000000   COMPRESSED   0x00000014   Data   RW          255    .data               system_ch32f10x.o
    0x20000014   COMPRESSED   0x00000008   Data   RW          367    .data               hid.o
    0x2000001c   COMPRESSED   0x000003c4   Data   RW          444    .data               easycon.o
    0x200003e0   COMPRESSED   0x00000008   Data   RW          656    .data               uart.o
    0x200003e8   COMPRESSED   0x00000018   Data   RW          730    .data               ch32f10x_usbfs_device.o
    0x20000400   COMPRESSED   0x00000004   Data   RW          825    .data               debug.o
    0x20000404   COMPRESSED   0x00000004   Data   RW          826    .data               debug.o
    0x20000408   COMPRESSED   0x00000014   Data   RW         2289    .data               ch32f10x_rcc.o
    0x2000041c   COMPRESSED   0x00000010   Data   RW         3425    .data               ch32f10x_usb.o
    0x2000042c   COMPRESSED   0x00000004   Data   RW         3540    .data               usb_core.o
    0x20000430   COMPRESSED   0x00000001   Data   RW         3645    .data               usb_init.o
    0x20000431   COMPRESSED   0x00000003   PAD
    0x20000434   COMPRESSED   0x0000000c   Data   RW         3646    .data               usb_init.o
    0x20000440   COMPRESSED   0x00000002   Data   RW         3648    .data               usb_init.o
    0x20000442   COMPRESSED   0x00000004   Data   RW         3671    .data               usb_int.o
    0x20000446   COMPRESSED   0x00000016   Data   RW         4181    .data               usb_desc.o
    0x2000045c   COMPRESSED   0x00000002   Data   RW         4196    .data               usb_endp.o
    0x2000045e   COMPRESSED   0x00000002   PAD
    0x20000460   COMPRESSED   0x0000000c   Data   RW         4216    .data               usb_istr.o
    0x2000046c   COMPRESSED   0x0000001c   Data   RW         4217    .data               usb_istr.o
    0x20000488   COMPRESSED   0x0000001c   Data   RW         4218    .data               usb_istr.o
    0x200004a4   COMPRESSED   0x00000074   Data   RW         4258    .data               usb_prop.o
    0x20000518   COMPRESSED   0x00000002   Data   RW         4259    .data               usb_prop.o
    0x2000051a   COMPRESSED   0x00000002   PAD
    0x2000051c   COMPRESSED   0x00000024   Data   RW         4260    .data               usb_prop.o
    0x20000540   COMPRESSED   0x00000004   Data   RW         4386    .data               usb_pwr.o
    0x20000544   COMPRESSED   0x00000001   Data   RW         4387    .data               usb_pwr.o
    0x20000545   COMPRESSED   0x00000003   PAD
    0x20000548   COMPRESSED   0x00000008   Data   RW         4388    .data               usb_pwr.o
    0x20000550        -       0x00000840   Zero   RW          294    .bss                usbd_compatibility_hid.o
    0x20000d90        -       0x00000040   Zero   RW          295    .bss                usbd_compatibility_hid.o
    0x20000dd0        -       0x00002068   Zero   RW          655    .bss                uart.o
    0x20002e38        -       0x00000100   Zero   RW          729    .bss                ch32f10x_usbfs_device.o
    0x20002f38        -       0x0000001c   Zero   RW         3644    .bss                usb_init.o
    0x20002f54        -       0x00000020   Zero   RW         4385    .bss                usb_pwr.o
    0x20002f74        -       0x000000e4   Zero   RW         4483    .bss                c_w.l(rand.o)
    0x20003058        -       0x00000060   Zero   RW         4593    .bss                c_w.l(libspace.o)
    0x200030b8        -       0x00000200   Zero   RW          802    HEAP                startup_ch32f10x.o
    0x200032b8        -       0x00000400   Zero   RW          801    STACK               startup_ch32f10x.o


==============================================================================

Image component sizes


      Code (inc. data)   RO Data    RW Data    ZI Data      Debug   Object Name

       332         10          0          0          0       3418   ch32f10x_dma.o
       128         12          0          0          0       1545   ch32f10x_exti.o
       170          0          0          0          0       2499   ch32f10x_gpio.o
        18          0          0          0          0     199938   ch32f10x_it.o
       148         14          0          0          0       2133   ch32f10x_misc.o
       260         40          0         20          0       5061   ch32f10x_rcc.o
       130         12          0          0          0       2820   ch32f10x_tim.o
       378          6          0          0          0       7502   ch32f10x_usart.o
         0          0          0         16          0      11278   ch32f10x_usb.o
      1664        112          0         24        256       3888   ch32f10x_usbfs_device.o
       336         40          0          8          0       4306   debug.o
      3540         76          0        964          0      11386   easycon.o
        68          6          0          0          0       6929   easycon_api.o
       228         60          0          8          0       5301   hid.o
         0          0        147          0          0        759   husb_desc.o
       356         82          0          0          0       4057   hw_config.o
       132         58          0          0          0       1435   main.o
        64         26        240          0       1536        816   startup_ch32f10x.o
       260         26          0         20          0       2005   system_ch32f10x.o
       752         74          0          8       8296       5555   uart.o
      2414        280          0          4          0      14743   usb_core.o
         0          0        211         22          0        967   usb_desc.o
        88          8          0          2          0       1907   usb_endp.o
        40         18          0         15         28       4042   usb_init.o
       644         30          0          4          0       1980   usb_int.o
       348         26          0         68          0       1675   usb_istr.o
        80         12          0          0          0       1812   usb_mem.o
      1010        196          0        154          0      16194   usb_prop.o
       352         42          0         13         32       3768   usb_pwr.o
       582         88          0          0          0       8177   usb_regs.o
        70          8          0          0          0       1415   usb_sil.o
       116          0          0          0       2176       2059   usbd_compatibility_hid.o

    ----------------------------------------------------------------------
     14740       1362        630       1360      12324     341370   Object Totals
         0          0         32          0          0          0   (incl. Generated)
        32          0          0         10          0          0   (incl. Padding)

    ----------------------------------------------------------------------

      Code (inc. data)   RO Data    RW Data    ZI Data      Debug   Library Member Name

        90          0          0          0          0          0   __dczerorl2.o
         8          0          0          0          0         68   __main.o
       392          4         17          0          0         92   __printf_flags_ss_wp.o
        14          0          0          0          0         68   __printf_wp.o
         0          0          0          0          0          0   __rtentry.o
        12          0          0          0          0          0   __rtentry2.o
         6          0          0          0          0          0   __rtentry4.o
        52          8          0          0          0          0   __scatter.o
        28          0          0          0          0          0   __scatter_zi.o
        48          6          0          0          0         96   _printf_char_common.o
        36          4          0          0          0         80   _printf_char_file.o
         6          0          0          0          0          0   _printf_d.o
       120         16          0          0          0         92   _printf_dec.o
        88          4         40          0          0         88   _printf_hex_int.o
       178          0          0          0          0         88   _printf_intcommon.o
        78          0          0          0          0        108   _printf_pad.o
         0          0          0          0          0          0   _printf_percent.o
         4          0          0          0          0          0   _printf_percent_end.o
         6          0          0          0          0          0   _printf_x.o
        18          0          0          0          0         80   exit.o
         8          0          0          0          0         68   ferror.o
         6          0          0          0          0        152   heapauxi.o
         0          0          0          0          0          0   indicate_semi.o
         2          0          0          0          0          0   libinit.o
         6          0          0          0          0          0   libinit2.o
         2          0          0          0          0          0   libshutdown.o
         2          0          0          0          0          0   libshutdown2.o
         8          4          0          0         96         68   libspace.o
        24          4          0          0          0         84   noretval__2printf.o
       112         18          0          0        228        160   rand.o
        68          0          0          0          0         68   rt_memclr.o
        78          0          0          0          0         80   rt_memclr_w.o
       138          0          0          0          0         68   rt_memcpy_v6.o
       100          0          0          0          0         80   rt_memcpy_w.o
         2          0          0          0          0          0   rtexit.o
        10          0          0          0          0          0   rtexit2.o
        12          4          0          0          0         68   sys_exit.o
        74          0          0          0          0         80   sys_stackheap_outer.o
         2          0          0          0          0         68   use_no_semi.o

    ----------------------------------------------------------------------
      1848         72         58          0        324       1904   Library Totals
        10          0          1          0          0          0   (incl. Padding)

    ----------------------------------------------------------------------

      Code (inc. data)   RO Data    RW Data    ZI Data      Debug   Library Name

      1838         72         57          0        324       1904   c_w.l

    ----------------------------------------------------------------------
      1848         72         58          0        324       1904   Library Totals

    ----------------------------------------------------------------------

==============================================================================


      Code (inc. data)   RO Data    RW Data    ZI Data      Debug   

     16588       1434        688       1360      12648     334014   Grand Totals
     16588       1434        688        180      12648     334014   ELF Image Totals (compressed)
     16588       1434        688        180          0          0   ROM Totals

==============================================================================

    Total RO  Size (Code + RO Data)                17276 (  16.87kB)
    Total RW  Size (RW Data + ZI Data)             14008 (  13.68kB)
    Total ROM Size (Code + RO Data + RW Data)      17456 (  17.05kB)

==============================================================================

